<html>
<body>
<pre>
<h1>礦ision Build Log</h1>
<h2>Tool Versions:</h2>
IDE-Version: μVision V5.26.2.0
Copyright (C) 2018 ARM Ltd and ARM Germany GmbH. All rights reserved.
License Information: 1 1, 1, LIC=D0DX7-E77UH-AD1KK-ZFQBU-QE6BS-TPHYZ
 
Tool Versions:
Toolchain:       MDK-ARM Plus  Version: 5.26.2.0
Toolchain Path:  D:\mysaftware\mdk526\ARM\ARMCC\Bin
C Compiler:      Armcc.exe V5.06 update 6 (build 750)
Assembler:       Armasm.exe V5.06 update 6 (build 750)
Linker/Locator:  ArmLink.exe V5.06 update 6 (build 750)
Library Manager: ArmAr.exe V5.06 update 6 (build 750)
Hex Converter:   FromElf.exe V5.06 update 6 (build 750)
CPU DLL:         SARMCM3.DLL V5.26.2.0
Dialog DLL:      DARMSTMDLL
Target DLL:      STLink\ST-LINKIII-KEIL_SWO.dll V3.0.5.0
Dialog DLL:      TARMCM1.DLL V1.14.0.0
 
<h2>Project:</h2>
E:\NBI项目\NBI_LoRa\NBI_LoRa代码版本\WatcherPRO_II代码\NB_LoRawan-V2.0.1 -watcherPRO2\MDK_5.12\stm32L073_mode.uvprojx
Project File Date:  12/13/2018

<h2>Output:</h2>
*** Using Compiler 'V5.06 update 6 (build 750)', folder: 'D:\mysaftware\mdk526\ARM\ARMCC\Bin'
Build target 'STM32L0_MODE'
assembling startup_stm32l073xx.s...
compiling system_stm32l0xx.c...
compiling stm32l0xx_hal.c...
compiling stm32l0xx_hal_adc.c...
compiling stm32l0xx_hal_cortex.c...
compiling stm32l0xx_hal_crc.c...
compiling stm32l0xx_hal_adc_ex.c...
compiling stm32l0xx_hal_crc_ex.c...
compiling stm32l0xx_hal_flash.c...
compiling stm32l0xx_hal_dma.c...
compiling stm32l0xx_hal_flash_ramfunc.c...
compiling stm32l0xx_hal_gpio.c...
compiling stm32l0xx_hal_flash_ex.c...
compiling stm32l0xx_hal_i2c_ex.c...
compiling stm32l0xx_hal_pwr.c...
compiling stm32l0xx_hal_i2c.c...
compiling stm32l0xx_hal_pwr_ex.c...
compiling stm32l0xx_hal_rcc.c...
compiling stm32l0xx_hal_rcc_ex.c...
compiling stm32l0xx_hal_rtc.c...
compiling stm32l0xx_hal_rtc_ex.c...
compiling stm32l0xx_hal_spi.c...
compiling stm32l0xx_hal_tim.c...
compiling stm32l0xx_hal_tim_ex.c...
compiling stm32l0xx_hal_uart.c...
compiling stm32l0xx_hal_uart_ex.c...
compiling stm32l0xx_hal_usart.c...
compiling stm32l0xx_hal_wwdg.c...
compiling rtc-board.c...
compiling usart.c...
compiling spi.c...
compiling delay.c...
compiling timer.c...
compiling timer-board.c...
compiling sx1276-board.c...
compiling gpio-board.c...
compiling adc.c...
compiling dma.c...
compiling bq24195.c...
compiling i2c.c...
compiling solen-vale.c...
compiling user_bq24195.c...
compiling power.c...
compiling stmflash.c...
compiling board.c...
compiling gpio.c...
compiling HDC1080.c...
compiling si7021.c...
compiling max44009.c...
compiling rs485.c...
compiling sensor.c...
..\HAL\sensor\src\sensor.c(396): warning:  #546-D: transfer of control bypasses initialization of:
            variable "data"  (declared at line 444)
  	switch(rs485Tag.status)
  	^
..\HAL\sensor\src\sensor.c: 1 warning, 0 errors
compiling gps.c...
compiling sx1276.c...
compiling LoRaMac-api-v3.c...
compiling LoRaMacCrypto.c...
compiling LoRaMac.c...
compiling aes.c...
compiling cmac.c...
compiling utilities.c...
compiling main.c...
compiling stm32l0xx_it.c...
compiling user-app.c...
..\USER\user-app.c(568): warning:  #188-D: enumerated type mixed with another type
  					if( user_app_send(LoRaFrameTypes, &RF_Send_Data.Send_Buf[RF_Send_Data.Len], RF_Send_Data.TX_Len,3) == 0 )
..\USER\user-app.c: 1 warning, 0 errors
compiling LoRa-cad.c...
linking...
Program Size: Code=72590 RO-data=2282 RW-data=836 ZI-data=6140  
FromELF: creating hex file...
".\Objects\watcherPRO_V2.0.1" - 0 Error(s), 2 Warning(s).

<h2>Software Packages used:</h2>

Package Vendor: Keil
                http://www.keil.com/pack/Keil.STM32L0xx_DFP.2.0.0.pack
                Keil.STM32L0xx_DFP.2.0.0
                STMicroelectronics STM32L0 Series Device Support, Drivers and Examples

<h2>Collection of Component include folders:</h2>
  .\RTE\_STM32L0_MODE
  D:\mysaftware\mdk526\ARM\PACK\Keil\STM32L0xx_DFP\2.0.0\Drivers\CMSIS\Device\ST\STM32L0xx\Include

<h2>Collection of Component Files used:</h2>
Build Time Elapsed:  00:01:14
</pre>
</body>
</html>
