Component: ARM Compiler 5.06 update 1 (build 61) Tool: armlink [4d35a8]

==============================================================================

Section Cross References

    startup_stm32l073xx.o(RESET) refers to startup_stm32l073xx.o(STACK) for __initial_sp
    startup_stm32l073xx.o(RESET) refers to startup_stm32l073xx.o(.text) for Reset_Handler
    startup_stm32l073xx.o(RESET) refers to stm32l0xx_it.o(i.NMI_Handler) for NMI_Handler
    startup_stm32l073xx.o(RESET) refers to stm32l0xx_it.o(i.HardFault_Handler) for HardFault_Handler
    startup_stm32l073xx.o(RESET) refers to stm32l0xx_it.o(i.SVC_Handler) for SVC_Handler
    startup_stm32l073xx.o(RESET) refers to stm32l0xx_it.o(i.PendSV_Handler) for PendSV_Handler
    startup_stm32l073xx.o(RESET) refers to stm32l0xx_it.o(i.SysTick_Handler) for SysTick_Handler
    startup_stm32l073xx.o(RESET) refers to stm32l0xx_it.o(i.RTC_IRQHandler) for RTC_IRQHandler
    startup_stm32l073xx.o(RESET) refers to gpio-board.o(i.EXTI0_1_IRQHandler) for EXTI0_1_IRQHandler
    startup_stm32l073xx.o(RESET) refers to gpio-board.o(i.EXTI2_3_IRQHandler) for EXTI2_3_IRQHandler
    startup_stm32l073xx.o(RESET) refers to gpio-board.o(i.EXTI4_15_IRQHandler) for EXTI4_15_IRQHandler
    startup_stm32l073xx.o(RESET) refers to stm32l0xx_it.o(i.USART4_5_IRQHandler) for USART4_5_IRQHandler
    startup_stm32l073xx.o(RESET) refers to stm32l0xx_it.o(i.USART2_IRQHandler) for USART2_IRQHandler
    startup_stm32l073xx.o(.text) refers to system_stm32l0xx.o(i.SystemInit) for SystemInit
    startup_stm32l073xx.o(.text) refers to entry.o(.ARM.Collect$$$$00000000) for __main
    system_stm32l0xx.o(i.SystemCoreClockUpdate) refers to uidiv.o(.text) for __aeabi_uidivmod
    system_stm32l0xx.o(i.SystemCoreClockUpdate) refers to system_stm32l0xx.o(.data) for SystemCoreClock
    system_stm32l0xx.o(i.SystemCoreClockUpdate) refers to system_stm32l0xx.o(.constdata) for PLLMulTable
    stm32l0xx_hal.o(i.HAL_DeInit) refers to stm32l0xx_hal.o(i.HAL_MspDeInit) for HAL_MspDeInit
    stm32l0xx_hal.o(i.HAL_Delay) refers to stm32l0xx_hal.o(i.HAL_GetTick) for HAL_GetTick
    stm32l0xx_hal.o(i.HAL_GetTick) refers to stm32l0xx_hal.o(.data) for uwTick
    stm32l0xx_hal.o(i.HAL_IncTick) refers to stm32l0xx_hal.o(.data) for uwTick
    stm32l0xx_hal.o(i.HAL_Init) refers to stm32l0xx_hal.o(i.HAL_InitTick) for HAL_InitTick
    stm32l0xx_hal.o(i.HAL_Init) refers to stm32l0xx_hal.o(i.HAL_MspInit) for HAL_MspInit
    stm32l0xx_hal.o(i.HAL_InitTick) refers to uidiv.o(.text) for __aeabi_uidivmod
    stm32l0xx_hal.o(i.HAL_InitTick) refers to stm32l0xx_hal_cortex.o(i.HAL_SYSTICK_Config) for HAL_SYSTICK_Config
    stm32l0xx_hal.o(i.HAL_InitTick) refers to stm32l0xx_hal_cortex.o(i.HAL_NVIC_SetPriority) for HAL_NVIC_SetPriority
    stm32l0xx_hal.o(i.HAL_InitTick) refers to system_stm32l0xx.o(.data) for SystemCoreClock
    stm32l0xx_hal_adc.o(i.ADC_ConversionStop) refers to stm32l0xx_hal.o(i.HAL_GetTick) for HAL_GetTick
    stm32l0xx_hal_adc.o(i.ADC_DMAConvCplt) refers to stm32l0xx_hal_adc.o(i.HAL_ADC_ConvCpltCallback) for HAL_ADC_ConvCpltCallback
    stm32l0xx_hal_adc.o(i.ADC_DMAError) refers to stm32l0xx_hal_adc.o(i.HAL_ADC_ErrorCallback) for HAL_ADC_ErrorCallback
    stm32l0xx_hal_adc.o(i.ADC_DMAHalfConvCplt) refers to stm32l0xx_hal_adc.o(i.HAL_ADC_ConvHalfCpltCallback) for HAL_ADC_ConvHalfCpltCallback
    stm32l0xx_hal_adc.o(i.ADC_DelayMicroSecond) refers to uidiv.o(.text) for __aeabi_uidivmod
    stm32l0xx_hal_adc.o(i.ADC_DelayMicroSecond) refers to system_stm32l0xx.o(.data) for SystemCoreClock
    stm32l0xx_hal_adc.o(i.ADC_Disable) refers to stm32l0xx_hal.o(i.HAL_GetTick) for HAL_GetTick
    stm32l0xx_hal_adc.o(i.ADC_Enable) refers to stm32l0xx_hal_adc.o(i.ADC_DelayMicroSecond) for ADC_DelayMicroSecond
    stm32l0xx_hal_adc.o(i.ADC_Enable) refers to stm32l0xx_hal.o(i.HAL_GetTick) for HAL_GetTick
    stm32l0xx_hal_adc.o(i.HAL_ADC_ConfigChannel) refers to stm32l0xx_hal_adc.o(i.ADC_DelayMicroSecond) for ADC_DelayMicroSecond
    stm32l0xx_hal_adc.o(i.HAL_ADC_DeInit) refers to stm32l0xx_hal_adc.o(i.ADC_ConversionStop) for ADC_ConversionStop
    stm32l0xx_hal_adc.o(i.HAL_ADC_DeInit) refers to stm32l0xx_hal_adc.o(i.ADC_Disable) for ADC_Disable
    stm32l0xx_hal_adc.o(i.HAL_ADC_DeInit) refers to adc.o(i.HAL_ADC_MspDeInit) for HAL_ADC_MspDeInit
    stm32l0xx_hal_adc.o(i.HAL_ADC_IRQHandler) refers to stm32l0xx_hal_adc.o(i.HAL_ADC_ConvCpltCallback) for HAL_ADC_ConvCpltCallback
    stm32l0xx_hal_adc.o(i.HAL_ADC_IRQHandler) refers to stm32l0xx_hal_adc.o(i.HAL_ADC_LevelOutOfWindowCallback) for HAL_ADC_LevelOutOfWindowCallback
    stm32l0xx_hal_adc.o(i.HAL_ADC_IRQHandler) refers to stm32l0xx_hal_adc.o(i.HAL_ADC_ErrorCallback) for HAL_ADC_ErrorCallback
    stm32l0xx_hal_adc.o(i.HAL_ADC_Init) refers to adc.o(i.HAL_ADC_MspInit) for HAL_ADC_MspInit
    stm32l0xx_hal_adc.o(i.HAL_ADC_PollForConversion) refers to stm32l0xx_hal.o(i.HAL_GetTick) for HAL_GetTick
[...]
    HAL_IncTick                              0x08003799   Thumb Code    12  stm32l0xx_hal.o(i.HAL_IncTick)
    HAL_Init                                 0x080037a9   Thumb Code    28  stm32l0xx_hal.o(i.HAL_Init)
    HAL_InitTick                             0x080037c9   Thumb Code    36  stm32l0xx_hal.o(i.HAL_InitTick)
    HAL_MspInit                              0x080037f1   Thumb Code     2  stm32l0xx_hal.o(i.HAL_MspInit)
    HAL_NVIC_DisableIRQ                      0x080037f5   Thumb Code    18  stm32l0xx_hal_cortex.o(i.HAL_NVIC_DisableIRQ)
    HAL_NVIC_EnableIRQ                       0x0800380d   Thumb Code    18  stm32l0xx_hal_cortex.o(i.HAL_NVIC_EnableIRQ)
    HAL_NVIC_SetPriority                     0x08003825   Thumb Code    18  stm32l0xx_hal_cortex.o(i.HAL_NVIC_SetPriority)
    HAL_PWREx_EnableFastWakeUp               0x08003839   Thumb Code    16  stm32l0xx_hal_pwr_ex.o(i.HAL_PWREx_EnableFastWakeUp)
    HAL_PWREx_EnableUltraLowPower            0x0800384d   Thumb Code    16  stm32l0xx_hal_pwr_ex.o(i.HAL_PWREx_EnableUltraLowPower)
    HAL_PWR_DisablePVD                       0x08003861   Thumb Code    14  stm32l0xx_hal_pwr.o(i.HAL_PWR_DisablePVD)
    HAL_PWR_EnterSTOPMode                    0x08003875   Thumb Code    64  stm32l0xx_hal_pwr.o(i.HAL_PWR_EnterSTOPMode)
    HAL_RCCEx_GetPeriphCLKFreq               0x080038bd   Thumb Code   866  stm32l0xx_hal_rcc_ex.o(i.HAL_RCCEx_GetPeriphCLKFreq)
    HAL_RCCEx_PeriphCLKConfig                0x08003c49   Thumb Code   672  stm32l0xx_hal_rcc_ex.o(i.HAL_RCCEx_PeriphCLKConfig)
    HAL_RCC_ClockConfig                      0x08003ef5   Thumb Code   482  stm32l0xx_hal_rcc.o(i.HAL_RCC_ClockConfig)
    HAL_RCC_GetHCLKFreq                      0x080040ed   Thumb Code     6  stm32l0xx_hal_rcc.o(i.HAL_RCC_GetHCLKFreq)
    HAL_RCC_GetPCLK1Freq                     0x080040f9   Thumb Code    26  stm32l0xx_hal_rcc.o(i.HAL_RCC_GetPCLK1Freq)
    HAL_RCC_GetPCLK2Freq                     0x0800411d   Thumb Code    26  stm32l0xx_hal_rcc.o(i.HAL_RCC_GetPCLK2Freq)
    HAL_RCC_GetSysClockFreq                  0x08004141   Thumb Code   206  stm32l0xx_hal_rcc.o(i.HAL_RCC_GetSysClockFreq)
    HAL_RCC_OscConfig                        0x08004225   Thumb Code  1732  stm32l0xx_hal_rcc.o(i.HAL_RCC_OscConfig)
    HAL_RTCEx_AlarmBEventCallback            0x080048f9   Thumb Code     2  stm32l0xx_hal_rtc_ex.o(i.HAL_RTCEx_AlarmBEventCallback)
    HAL_RTC_AlarmAEventCallback              0x080048fd   Thumb Code   120  stm32l0xx_it.o(i.HAL_RTC_AlarmAEventCallback)
    HAL_RTC_AlarmIRQHandler                  0x080049a9   Thumb Code   124  stm32l0xx_hal_rtc.o(i.HAL_RTC_AlarmIRQHandler)
    HAL_RTC_GetDate                          0x08004a31   Thumb Code    88  stm32l0xx_hal_rtc.o(i.HAL_RTC_GetDate)
    HAL_RTC_GetTime                          0x08004a8d   Thumb Code   104  stm32l0xx_hal_rtc.o(i.HAL_RTC_GetTime)
    HAL_RTC_Init                             0x08004af9   Thumb Code   196  stm32l0xx_hal_rtc.o(i.HAL_RTC_Init)
    HAL_RTC_MspInit                          0x08004bc1   Thumb Code    24  rtc-board.o(i.HAL_RTC_MspInit)
    HAL_RTC_SetAlarm_IT                      0x08004be1   Thumb Code   590  stm32l0xx_hal_rtc.o(i.HAL_RTC_SetAlarm_IT)
    HAL_RTC_SetDate                          0x08004e3d   Thumb Code   298  stm32l0xx_hal_rtc.o(i.HAL_RTC_SetDate)
    HAL_RTC_SetTime                          0x08004f6d   Thumb Code   336  stm32l0xx_hal_rtc.o(i.HAL_RTC_SetTime)
    HAL_RTC_WaitForSynchro                   0x080050c1   Thumb Code    60  stm32l0xx_hal_rtc.o(i.HAL_RTC_WaitForSynchro)
    HAL_ResumeTick                           0x080050fd   Thumb Code    14  stm32l0xx_hal.o(i.HAL_ResumeTick)
    HAL_SPI_DeInit                           0x08005111   Thumb Code    58  stm32l0xx_hal_spi.o(i.HAL_SPI_DeInit)
    HAL_SPI_Init                             0x0800514b   Thumb Code   142  stm32l0xx_hal_spi.o(i.HAL_SPI_Init)
    HAL_SPI_MspDeInit                        0x080051d9   Thumb Code    56  spi.o(i.HAL_SPI_MspDeInit)
    HAL_SPI_MspInit                          0x08005219   Thumb Code    88  spi.o(i.HAL_SPI_MspInit)
    HAL_SPI_Receive                          0x08005279   Thumb Code   608  stm32l0xx_hal_spi.o(i.HAL_SPI_Receive)
    HAL_SPI_Transmit                         0x080054d9   Thumb Code   474  stm32l0xx_hal_spi.o(i.HAL_SPI_Transmit)
    HAL_SPI_TransmitReceive                  0x080056b3   Thumb Code   894  stm32l0xx_hal_spi.o(i.HAL_SPI_TransmitReceive)
    HAL_SYSTICK_CLKSourceConfig              0x08005a31   Thumb Code    32  stm32l0xx_hal_cortex.o(i.HAL_SYSTICK_CLKSourceConfig)
    HAL_SYSTICK_Callback                     0x08005a55   Thumb Code     2  stm32l0xx_hal_cortex.o(i.HAL_SYSTICK_Callback)
    HAL_SYSTICK_Config                       0x08005a59   Thumb Code    46  stm32l0xx_hal_cortex.o(i.HAL_SYSTICK_Config)
    HAL_SYSTICK_IRQHandler                   0x08005a91   Thumb Code     8  stm32l0xx_hal_cortex.o(i.HAL_SYSTICK_IRQHandler)
    HAL_SuspendTick                          0x08005a99   Thumb Code    14  stm32l0xx_hal.o(i.HAL_SuspendTick)
    HAL_UARTEx_WakeupCallback                0x08005aad   Thumb Code     2  stm32l0xx_hal_uart_ex.o(i.HAL_UARTEx_WakeupCallback)
    HAL_UART_DeInit                          0x08005aaf   Thumb Code    76  stm32l0xx_hal_uart.o(i.HAL_UART_DeInit)
    HAL_UART_ErrorCallback                   0x08005afb   Thumb Code     2  stm32l0xx_hal_uart.o(i.HAL_UART_ErrorCallback)
    HAL_UART_GetState                        0x08005afd   Thumb Code    20  stm32l0xx_hal_uart.o(i.HAL_UART_GetState)
    HAL_UART_IRQHandler                      0x08005b11   Thumb Code   444  stm32l0xx_hal_uart.o(i.HAL_UART_IRQHandler)
    HAL_UART_Init                            0x08005cd1   Thumb Code   130  stm32l0xx_hal_uart.o(i.HAL_UART_Init)
    HAL_UART_MspDeInit                       0x08005d55   Thumb Code   124  usart.o(i.HAL_UART_MspDeInit)
    HAL_UART_MspInit                         0x08005de5   Thumb Code   170  usart.o(i.HAL_UART_MspInit)
    HAL_UART_Receive_IT                      0x08005ea5   Thumb Code   230  stm32l0xx_hal_uart.o(i.HAL_UART_Receive_IT)
    HAL_UART_RxCpltCallback                  0x08005f91   Thumb Code   436  usart.o(i.HAL_UART_RxCpltCallback)
    HAL_UART_Transmit                        0x080061c9   Thumb Code   240  stm32l0xx_hal_uart.o(i.HAL_UART_Transmit)
    HAL_UART_TxCpltCallback                  0x080062b9   Thumb Code     2  stm32l0xx_hal_uart.o(i.HAL_UART_TxCpltCallback)
    HardFault_Handler                        0x080062bd   Thumb Code    12  stm32l0xx_it.o(i.HardFault_Handler)
    Hdc1080ReadTH                            0x080062d5   Thumb Code   358  hdc1080.o(i.Hdc1080ReadTH)
    Hdc1080_ReadOneByte                      0x08006461   Thumb Code    88  hdc1080.o(i.Hdc1080_ReadOneByte)
    Hdc1080_WriteOneByte                     0x080064bd   Thumb Code    54  hdc1080.o(i.Hdc1080_WriteOneByte)
    InitBq24195                              0x080068e5   Thumb Code   106  bq24195.o(i.InitBq24195)
    InitHdc1080                              0x0800695d   Thumb Code     8  hdc1080.o(i.InitHdc1080)
    InitMax44009                             0x08006965   Thumb Code     8  max44009.o(i.InitMax44009)
    InitPower                                0x0800696d   Thumb Code   108  bq24195.o(i.InitPower)
    InitPowerPin                             0x08006a0d   Thumb Code    74  rs485.o(i.InitPowerPin)
    InitRs                                   0x08006a5d   Thumb Code    68  rs485.o(i.InitRs)
    InitUsart5                               0x08006aa9   Thumb Code    16  rs485.o(i.InitUsart5)
    Into_Low_Power                           0x08006ab9   Thumb Code    58  user-app.o(i.Into_Low_Power)
    LoRaMacChannelAdd                        0x08006b05   Thumb Code   254  loramac.o(i.LoRaMacChannelAdd)
    LoRaMacChannelRemove                     0x08006c19   Thumb Code    80  loramac.o(i.LoRaMacChannelRemove)
    LoRaMacComputeMic                        0x08006c75   Thumb Code   134  loramaccrypto.o(i.LoRaMacComputeMic)
    LoRaMacGetUpLinkCounter                  0x08006d09   Thumb Code    18  loramac-api-v3.o(i.LoRaMacGetUpLinkCounter)
    LoRaMacInit                              0x08006d1d   Thumb Code    42  loramac-api-v3.o(i.LoRaMacInit)
    LoRaMacInitNwkIds                        0x08006d61   Thumb Code    72  loramac-api-v3.o(i.LoRaMacInitNwkIds)
    LoRaMacInitialization                    0x08006da9   Thumb Code   318  loramac.o(i.LoRaMacInitialization)
    LoRaMacJoinComputeMic                    0x08006fc9   Thumb Code    74  loramaccrypto.o(i.LoRaMacJoinComputeMic)
    LoRaMacJoinComputeSKeys                  0x0800701d   Thumb Code   136  loramaccrypto.o(i.LoRaMacJoinComputeSKeys)
    LoRaMacJoinDecrypt                       0x080070a9   Thumb Code    60  loramaccrypto.o(i.LoRaMacJoinDecrypt)
    LoRaMacMcpsRequest                       0x080070e9   Thumb Code   288  loramac.o(i.LoRaMacMcpsRequest)
    LoRaMacMibGetRequestConfirm              0x08007229   Thumb Code   240  loramac.o(i.LoRaMacMibGetRequestConfirm)
    LoRaMacMibSetRequestConfirm              0x08007375   Thumb Code   364  loramac.o(i.LoRaMacMibSetRequestConfirm)
    LoRaMacPayloadDecrypt                    0x08007535   Thumb Code    36  loramaccrypto.o(i.LoRaMacPayloadDecrypt)
    LoRaMacPayloadEncrypt                    0x08007559   Thumb Code   210  loramaccrypto.o(i.LoRaMacPayloadEncrypt)
    LoRaMacSendConfirmedFrame                0x08007639   Thumb Code   132  loramac-api-v3.o(i.LoRaMacSendConfirmedFrame)
    LoRaMacSendFrame                         0x080076e1   Thumb Code   110  loramac-api-v3.o(i.LoRaMacSendFrame)
    LoRaMacSetAdrOn                          0x08007755   Thumb Code    18  loramac-api-v3.o(i.LoRaMacSetAdrOn)
    LoRaMacTestSetDutyCycleOn                0x08007769   Thumb Code     6  loramac.o(i.LoRaMacTestSetDutyCycleOn)
    LoRaPower_Init                           0x08007775   Thumb Code   136  gpio.o(i.LoRaPower_Init)
    LoRa_Cad_Init                            0x08007805   Thumb Code    16  lora-cad.o(i.LoRa_Cad_Init)
    LoRa_Cad_Mode                            0x08007819   Thumb Code   568  lora-cad.o(i.LoRa_Cad_Mode)
    Location_Led                             0x08007a81   Thumb Code    16  gps.o(i.Location_Led)
    MX_ADC_Init                              0x08007a91   Thumb Code    88  adc.o(i.MX_ADC_Init)
    MX_I2C2_Init                             0x08007af1   Thumb Code    80  i2c.o(i.MX_I2C2_Init)
    MX_USART1_UART_Init                      0x08007b4d   Thumb Code    58  usart.o(i.MX_USART1_UART_Init)
    MX_USART2_UART_Init                      0x08007b91   Thumb Code    84  usart.o(i.MX_USART2_UART_Init)
    MX_USART5_UART_Init                      0x08007bf1   Thumb Code    84  usart.o(i.MX_USART5_UART_Init)
    Max44009ReadLux                          0x08007c51   Thumb Code   258  max44009.o(i.Max44009ReadLux)
    NMI_Handler                              0x08007f01   Thumb Code     2  stm32l0xx_it.o(i.NMI_Handler)
    OnCsmaTimerEvent                         0x08007fcd   Thumb Code    16  lora-cad.o(i.OnCsmaTimerEvent)
    OnGpsTimerEvent                          0x08007fe5   Thumb Code    58  gps.o(i.OnGpsTimerEvent)
    OnMacEvent                               0x0800802d   Thumb Code   444  user-app.o(i.OnMacEvent)
    OnRadioCadDone                           0x080085c5   Thumb Code    28  loramac.o(i.OnRadioCadDone)
    OnReportTimerEvent                       0x08009055   Thumb Code    30  user-app.o(i.OnReportTimerEvent)
    OnRxWindow1TimerEvent                    0x0800908d   Thumb Code    98  loramac.o(i.OnRxWindow1TimerEvent)
    OnRxWindow2TimerEvent                    0x08009121   Thumb Code   102  loramac.o(i.OnRxWindow2TimerEvent)
    OncadTimerEvent                          0x08009225   Thumb Code    36  main.o(i.OncadTimerEvent)
    OnsleepTimerEvent                        0x08009279   Thumb Code    38  main.o(i.OnsleepTimerEvent)
    PendSV_Handler                           0x080092b9   Thumb Code     2  stm32l0xx_it.o(i.PendSV_Handler)
    PollingRs485                             0x080092bd   Thumb Code   116  sensor.o(i.PollingRs485)
    PowerDisble_Led                          0x08009359   Thumb Code    18  user-app.o(i.PowerDisble_Led)
    PowerEnable_Led                          0x0800936b   Thumb Code    16  user-app.o(i.PowerEnable_Led)
    PowerXY                                  0x0800937b   Thumb Code    26  user-app.o(i.PowerXY)
    PrepareFrame                             0x08009395   Thumb Code   936  loramac.o(i.PrepareFrame)
    QueryRs485Addr                           0x08009c89   Thumb Code    84  sensor.o(i.QueryRs485Addr)
    QueryRs485Data                           0x08009d19   Thumb Code   190  sensor.o(i.QueryRs485Data)
    QueryRs485DataByAddr                     0x08009de5   Thumb Code    74  sensor.o(i.QueryRs485DataByAddr)
    RTC_Bcd2ToByte                           0x08009ecd   Thumb Code    26  stm32l0xx_hal_rtc.o(i.RTC_Bcd2ToByte)
    RTC_ByteToBcd2                           0x08009ee7   Thumb Code    26  stm32l0xx_hal_rtc.o(i.RTC_ByteToBcd2)
    RTC_EnterInitMode                        0x08009f01   Thumb Code    66  stm32l0xx_hal_rtc.o(i.RTC_EnterInitMode)
    RTC_IRQHandler                           0x08009f45   Thumb Code    16  stm32l0xx_it.o(i.RTC_IRQHandler)
    RTC_Init                                 0x08009f5d   Thumb Code   164  rtc-board.o(i.RTC_Init)
    Read_Flash_Data                          0x0800a039   Thumb Code   346  user-app.o(i.Read_Flash_Data)
    RtcDelayMs                               0x0800a291   Thumb Code    52  rtc-board.o(i.RtcDelayMs)
    RtcGetMinimumTimeout                     0x0800a411   Thumb Code    18  rtc-board.o(i.RtcGetMinimumTimeout)
    RtcGetTimerElapsedTime                   0x0800a42d   Thumb Code    68  rtc-board.o(i.RtcGetTimerElapsedTime)
    RtcGetTimerValue                         0x0800a47d   Thumb Code    52  rtc-board.o(i.RtcGetTimerValue)
    RtcSetTimeout                            0x0800a4b9   Thumb Code    76  rtc-board.o(i.RtcSetTimeout)
    Rx_Led                                   0x0800a9e9   Thumb Code    54  user-app.o(i.Rx_Led)
    SPI1_Init                                0x0800aa21   Thumb Code    68  spi.o(i.SPI1_Init)
    SPI1_NSS                                 0x0800aa85   Thumb Code   100  spi.o(i.SPI1_NSS)
    SPI1_Read                                0x0800aaed   Thumb Code    42  spi.o(i.SPI1_Read)
    SPI1_Write                               0x0800ab35   Thumb Code    34  spi.o(i.SPI1_Write)
    STMFLASH_Read                            0x0800ac89   Thumb Code    26  stmflash.o(i.STMFLASH_Read)
    SVC_Handler                              0x0800aca3   Thumb Code     2  stm32l0xx_it.o(i.SVC_Handler)
    SX1276AntSwDeInit                        0x0800aca5   Thumb Code     8  sx1276-board.o(i.SX1276AntSwDeInit)
    SX1276AntSwInit                          0x0800acb1   Thumb Code     8  sx1276-board.o(i.SX1276AntSwInit)
    SX1276CheckRfFrequency                   0x0800acbd   Thumb Code     6  sx1276-board.o(i.SX1276CheckRfFrequency)
    SX1276EXTI_Init                          0x0800acc5   Thumb Code   104  gpio.o(i.SX1276EXTI_Init)
    SX1276GPIO_Init                          0x0800ad3d   Thumb Code    66  gpio.o(i.SX1276GPIO_Init)
    SX1276GetPaSelect                        0x0800ad89   Thumb Code    16  sx1276-board.o(i.SX1276GetPaSelect)
    SX1276GetStatus                          0x0800ad9d   Thumb Code     6  sx1276.o(i.SX1276GetStatus)
    SX1276GetTimeOnAir                       0x0800ada9   Thumb Code   756  sx1276.o(i.SX1276GetTimeOnAir)
    SX1276Init                               0x0800b0cd   Thumb Code   106  sx1276.o(i.SX1276Init)
    SX1276IoInit                             0x0800b155   Thumb Code    12  sx1276-board.o(i.SX1276IoInit)
    SX1276IsChannelFree                      0x0800b161   Thumb Code    58  sx1276.o(i.SX1276IsChannelFree)
    SX1276OnDio0Irq                          0x0800b19d   Thumb Code   938  sx1276.o(i.SX1276OnDio0Irq)
    SX1276OnDio1Irq                          0x0800b56d   Thumb Code   356  sx1276.o(i.SX1276OnDio1Irq)
    SX1276OnDio2Irq                          0x0800b6e1   Thumb Code   316  sx1276.o(i.SX1276OnDio2Irq)
    SX1276OnTimeoutIrq                       0x0800b82d   Thumb Code   190  sx1276.o(i.SX1276OnTimeoutIrq)
    SX1276Random                             0x0800b911   Thumb Code    64  sx1276.o(i.SX1276Random)
    SX1276Read                               0x0800b951   Thumb Code    20  sx1276.o(i.SX1276Read)
    SX1276ReadBuffer                         0x0800b965   Thumb Code    60  sx1276.o(i.SX1276ReadBuffer)
    SX1276ReadFifo                           0x0800b9a1   Thumb Code    18  sx1276.o(i.SX1276ReadFifo)
    SX1276ReadRssi                           0x0800b9b5   Thumb Code    74  sx1276.o(i.SX1276ReadRssi)
    SX1276Reset                              0x0800ba09   Thumb Code    38  sx1276.o(i.SX1276Reset)
    SX1276Send                               0x0800ba35   Thumb Code   284  sx1276.o(i.SX1276Send)
    SX1276SetAntSw                           0x0800bb55   Thumb Code    18  sx1276-board.o(i.SX1276SetAntSw)
    SX1276SetAntSwLowPower                   0x0800bb6d   Thumb Code    32  sx1276-board.o(i.SX1276SetAntSwLowPower)
    SX1276SetChannel                         0x0800bb91   Thumb Code    64  sx1276.o(i.SX1276SetChannel)
    SX1276SetMaxPayloadLength                0x0800bbd9   Thumb Code    54  sx1276.o(i.SX1276SetMaxPayloadLength)
    SX1276SetModem                           0x0800bc15   Thumb Code   124  sx1276.o(i.SX1276SetModem)
    SX1276SetOpMode                          0x0800bc95   Thumb Code    76  sx1276.o(i.SX1276SetOpMode)
    SX1276SetRx                              0x0800bce5   Thumb Code   852  sx1276.o(i.SX1276SetRx)
    SX1276SetRxConfig                        0x0800c071   Thumb Code   660  sx1276.o(i.SX1276SetRxConfig)
    SX1276SetSleep                           0x0800c30d   Thumb Code    28  sx1276.o(i.SX1276SetSleep)
    SX1276SetStby                            0x0800c335   Thumb Code    28  sx1276.o(i.SX1276SetStby)
    SX1276SetTx                              0x0800c35d   Thumb Code   194  sx1276.o(i.SX1276SetTx)
    SX1276SetTxConfig                        0x0800c429   Thumb Code   790  sx1276.o(i.SX1276SetTxConfig)
    SX1276StartCad                           0x0800c74d   Thumb Code    68  sx1276.o(i.SX1276StartCad)
    SX1276Write                              0x0800c795   Thumb Code    16  sx1276.o(i.SX1276Write)
    SX1276WriteBuffer                        0x0800c7a5   Thumb Code    62  sx1276.o(i.SX1276WriteBuffer)
    SX1276WriteFifo                          0x0800c7e3   Thumb Code    18  sx1276.o(i.SX1276WriteFifo)
    SX1278_Send                              0x0800c7f5   Thumb Code   610  user-app.o(i.SX1278_Send)
    SamplingData                             0x0800caf5   Thumb Code  1458  sensor.o(i.SamplingData)
    Send                                     0x0800d1ad   Thumb Code   128  loramac.o(i.Send)
    SendDone_Led                             0x0800d239   Thumb Code    54  user-app.o(i.SendDone_Led)
    SendFrameOnChannel                       0x0800d271   Thumb Code   400  loramac.o(i.SendFrameOnChannel)
    SetBatteryRechargeThreshold              0x0800d441   Thumb Code    46  user_bq24195.o(i.SetBatteryRechargeThreshold)
    SetChargeType                            0x0800d46f   Thumb Code    46  user_bq24195.o(i.SetChargeType)
    SetEnableChargeTimer                     0x0800d49d   Thumb Code    64  user_bq24195.o(i.SetEnableChargeTimer)
    SetHighImpedanceMode                     0x0800d4dd   Thumb Code    64  user_bq24195.o(i.SetHighImpedanceMode)
    SetInputCurrentLimit                     0x0800d51d   Thumb Code    46  user_bq24195.o(i.SetInputCurrentLimit)
    SetInputVoltageLimit                     0x0800d54b   Thumb Code    46  user_bq24195.o(i.SetInputVoltageLimit)
    SetMiniSysVoltage                        0x0800d579   Thumb Code    46  user_bq24195.o(i.SetMiniSysVoltage)
    SetRtcAlarm                              0x0800d85d   Thumb Code   168  rtc-board.o(i.SetRtcAlarm)
    SetWdgTimer                              0x0800d945   Thumb Code    46  user_bq24195.o(i.SetWdgTimer)
    String_Conversion                        0x0800d975   Thumb Code    54  user-app.o(i.String_Conversion)
    SymbolTime                               0x0800d9b1   Thumb Code   152  lora-cad.o(i.SymbolTime)
    SysTick_Handler                          0x0800da5d   Thumb Code    32  stm32l0xx_it.o(i.SysTick_Handler)
    SystemClockConfig                        0x0800da85   Thumb Code   176  board.o(i.SystemClockConfig)
    SystemClockReConfig                      0x0800db39   Thumb Code   136  board.o(i.SystemClockReConfig)
    SystemInit                               0x0800dbc9   Thumb Code    88  system_stm32l0xx.o(i.SystemInit)
    TimerGetCurrentTime                      0x0800dc51   Thumb Code     8  timer.o(i.TimerGetCurrentTime)
    TimerGetValue                            0x0800dc59   Thumb Code     8  timer.o(i.TimerGetValue)
    TimerInit                                0x0800dc61   Thumb Code    14  timer.o(i.TimerInit)
    TimerIrqHandler                          0x0800dd15   Thumb Code   160  timer.o(i.TimerIrqHandler)
    TimerSetValue                            0x0800ddd1   Thumb Code    32  timer.o(i.TimerSetValue)
    TimerStart                               0x0800ddf1   Thumb Code   132  timer.o(i.TimerStart)
    TimerStop                                0x0800de79   Thumb Code   232  timer.o(i.TimerStop)
    UART_AdvFeatureConfig                    0x0800df65   Thumb Code   240  stm32l0xx_hal_uart.o(i.UART_AdvFeatureConfig)
    UART_CheckIdleState                      0x0800e055   Thumb Code   112  stm32l0xx_hal_uart.o(i.UART_CheckIdleState)
    UART_SetConfig                           0x0800e1b5   Thumb Code   954  stm32l0xx_hal_uart.o(i.UART_SetConfig)
    UART_WaitOnFlagUntilTimeout              0x0800e617   Thumb Code   112  stm32l0xx_hal_uart.o(i.UART_WaitOnFlagUntilTimeout)
    USART2_IRQHandler                        0x0800e689   Thumb Code    80  stm32l0xx_it.o(i.USART2_IRQHandler)
    USART4_5_IRQHandler                      0x0800e6e1   Thumb Code    92  stm32l0xx_it.o(i.USART4_5_IRQHandler)
    User_Send_Api                            0x0800e761   Thumb Code   256  user-app.o(i.User_Send_Api)
    User_send                                0x0800e87d   Thumb Code    90  user-app.o(i.User_send)
    __0printf                                0x0800e935   Thumb Code    24  printfa.o(i.__0printf)
    __1printf                                0x0800e935   Thumb Code     0  printfa.o(i.__0printf)
    __2printf                                0x0800e935   Thumb Code     0  printfa.o(i.__0printf)
    __c89printf                              0x0800e935   Thumb Code     0  printfa.o(i.__0printf)
    printf                                   0x0800e935   Thumb Code     0  printfa.o(i.__0printf)
    __ARM_clz                                0x0800e955   Thumb Code    46  depilogue.o(i.__ARM_clz)
    __ARM_common_ll_muluu                    0x0800e983   Thumb Code    48  stm32l0xx_hal_uart.o(i.__ARM_common_ll_muluu)
    __ARM_common_switch8                     0x0800e9b3   Thumb Code    28  stm32l0xx_hal_tim.o(i.__ARM_common_switch8)
    __ARM_fpclassify                         0x0800e9d1   Thumb Code    40  fpclassify.o(i.__ARM_fpclassify)
    __kernel_poly                            0x0800e9fd   Thumb Code   172  poly.o(i.__kernel_poly)
    __mathlib_dbl_divzero                    0x0800eaa9   Thumb Code    16  dunder.o(i.__mathlib_dbl_divzero)
    __mathlib_dbl_infnan                     0x0800eabd   Thumb Code    10  dunder.o(i.__mathlib_dbl_infnan)
    __mathlib_dbl_infnan2                    0x0800eac7   Thumb Code     8  dunder.o(i.__mathlib_dbl_infnan2)
    __mathlib_dbl_invalid                    0x0800eacf   Thumb Code    16  dunder.o(i.__mathlib_dbl_invalid)
    __mathlib_dbl_overflow                   0x0800eae1   Thumb Code    16  dunder.o(i.__mathlib_dbl_overflow)
    __mathlib_dbl_underflow                  0x0800eaf5   Thumb Code    14  dunder.o(i.__mathlib_dbl_underflow)
    __scatterload_copy                       0x0800eb09   Thumb Code    14  handlers.o(i.__scatterload_copy)
    __scatterload_null                       0x0800eb17   Thumb Code     2  handlers.o(i.__scatterload_null)
    __scatterload_zeroinit                   0x0800eb19   Thumb Code    14  handlers.o(i.__scatterload_zeroinit)
    __set_errno                              0x0800eb29   Thumb Code     6  errno.o(i.__set_errno)
    aes_encrypt                              0x0800f3d5   Thumb Code    90  aes.o(i.aes_encrypt)
    aes_set_key                              0x0800f431   Thumb Code   280  aes.o(i.aes_set_key)
    app_mac_cb                               0x0800f54d   Thumb Code    44  main.o(i.app_mac_cb)
    ceil                                     0x0800f581   Thumb Code   180  ceil.o(i.ceil)
    delay_init                               0x0800f699   Thumb Code    16  delay.o(i.delay_init)
    delay_ms                                 0x0800f6ad   Thumb Code    24  delay.o(i.delay_ms)
    delay_us                                 0x0800f6c5   Thumb Code    62  delay.o(i.delay_us)
    exp                                      0x0800f70d   Thumb Code   542  exp.o(i.exp)
    exp2                                     0x0800f989   Thumb Code   256  exp2.o(i.exp2)
    floor                                    0x0800faa9   Thumb Code   180  floor.o(i.floor)
    fputc                                    0x0800fb71   Thumb Code    20  usart.o(i.fputc)
    ldexp                                    0x0800fb8d   Thumb Code   112  ldexp.o(i.ldexp)
    main                                     0x0800fbfd   Thumb Code   230  main.o(i.main)
    malloc                                   0x0800fd65   Thumb Code    92  malloc.o(i.malloc)
    memcpy1                                  0x0800fdd1   Thumb Code    24  utilities.o(i.memcpy1)
    memcpyr                                  0x0800fde9   Thumb Code    28  utilities.o(i.memcpyr)
    memset1                                  0x0800fe05   Thumb Code    16  utilities.o(i.memset1)
    modf                                     0x08010099   Thumb Code   136  modf.o(i.modf)
    pow                                      0x08010129   Thumb Code  2548  pow.o(i.pow)
    rand1                                    0x08010b25   Thumb Code    30  utilities.o(i.rand1)
    randr                                    0x08010b55   Thumb Code    26  utilities.o(i.randr)
    round                                    0x08010b71   Thumb Code   142  round.o(i.round)
    sqrt                                     0x08010c7d   Thumb Code    66  sqrt.o(i.sqrt)
    srand1                                   0x08010cc5   Thumb Code     6  utilities.o(i.srand1)
    user_app_init                            0x08010cd1   Thumb Code   142  user-app.o(i.user_app_init)
    user_app_send                            0x08010dad   Thumb Code   120  user-app.o(i.user_app_send)
    AHBPrescTable                            0x08010e4e   Data          16  system_stm32l0xx.o(.constdata)
    APBPrescTable                            0x08010e5e   Data           8  system_stm32l0xx.o(.constdata)
    PLLMulTable                              0x08010e66   Data           9  system_stm32l0xx.o(.constdata)
    Radio                                    0x08010e88   Data          84  sx1276-board.o(.constdata)
    RadioRegsInit                            0x08010edc   Data          45  sx1276.o(.constdata)
    FskBandwidths                            0x08010f0c   Data         176  sx1276.o(.constdata)
    Datarates                                0x0801101c   Data           8  loramac.o(.constdata)
    MaxPayloadOfDatarate                     0x08011024   Data           8  loramac.o(.constdata)
    MaxPayloadOfDatarateRepeater             0x0801102c   Data           8  loramac.o(.constdata)
    TxPowers                                 0x08011034   Data           6  loramac.o(.constdata)
    __mathlib_zero                           0x08011538   Data           8  qnan.o(.constdata)
    __ctype_categories                       0x08011540   Data          64  ctype_c.o(.constdata)
    Region$$Table$$Base                      0x080116b0   Number         0  anon$$obj.o(Region$$Table)
    Region$$Table$$Limit                     0x080116d0   Number         0  anon$$obj.o(Region$$Table)
    SystemCoreClock                          0x20000000   Data           4  system_stm32l0xx.o(.data)
    uwTick                                   0x20000004   Data           4  stm32l0xx_hal.o(.data)
    RtcInitialized                           0x20000008   Data           1  rtc-board.o(.data)
    HasLoopedThroughMain                     0x20000021   Data           1  timer.o(.data)
    device_type                              0x20000029   Data           1  bq24195.o(.data)
    system_time                              0x2000002c   Data           4  board.o(.data)
    McuInitialized                           0x20000030   Data           1  board.o(.data)
    sendwkup                                 0x20000031   Data           1  board.o(.data)
    TESTMID                                  0x20000032   Data           2  hdc1080.o(.data)
    LUX_ADDR                                 0x20000034   Data           1  max44009.o(.data)
    sensors_char                             0x20000038   Data           8  sensor.o(.data)
    SAMPLE_SIZE                              0x20000040   Data           1  sensor.o(.data)
    rs485Tag                                 0x20000044   Data          12  sensor.o(.data)
    fieldInfo                                0x20000050   Data         136  sensor.o(.data)
    rs485Devices                             0x200000d8   Data         120  sensor.o(.data)
    AirTH_INT_ID                             0x20000150   Data           1  sensor.o(.data)
    sensor_time                              0x20000154   Data           4  sensor.o(.data)
    Rs485Tag_UNKNOW                          0x20000158   Data           1  sensor.o(.data)
    RadioEvents                              0x2000015c   Data           4  sx1276.o(.data)
    Set_air_time                             0x20000160   Data           1  sx1276.o(.data)
    readfifo                                 0x20000161   Data           1  sx1276.o(.data)
    Channel                                  0x20000209   Data           1  loramac.o(.data)
    LoRaMacState                             0x2000020c   Data           4  loramac.o(.data)
    TxTimeOnAir                              0x20000238   Data           8  loramac.o(.data)
    LoRaMacFlags                             0x20000241   Data           1  loramac.o(.data)
    loramac_rx_info                          0x20000278   Data           4  main.o(.data)
    loramac_evt                              0x2000027c   Data           1  main.o(.data)
    test_rtc_state                           0x2000027d   Data           1  main.o(.data)
    first_time                               0x2000027e   Data           1  main.o(.data)
    test_cad                                 0x2000027f   Data           1  main.o(.data)
    TimerOverTime                            0x20000280   Data           4  stm32l0xx_it.o(.data)
    Send_time                                0x20000284   Data           4  stm32l0xx_it.o(.data)
    mac_callback_g                           0x20000288   Data           4  user-app.o(.data)
    IsNetworkJoined                          0x2000028c   Data           1  user-app.o(.data)
    JoinReq_flag                             0x2000028d   Data           1  user-app.o(.data)
    DevEui                                   0x2000028e   Data           8  user-app.o(.data)
    RF_Send_Data                             0x200002c8   Data          88  user-app.o(.data)
    Get_Flash_Datas                          0x20000320   Data           8  user-app.o(.data)
    sys_sta                                  0x20000328   Data           1  user-app.o(.data)
    LoRaFrameType                            0x20000329   Data           1  user-app.o(.data)
    Unique_ID                                0x2000032a   Data           4  user-app.o(.data)
    ReportTimerEvent                         0x2000032e   Data           1  user-app.o(.data)
    SleepTimerEvent                          0x2000032f   Data           1  user-app.o(.data)
    LoRaCad                                  0x20000330   Data          64  lora-cad.o(.data)
    CSMATimerEvent                           0x20000370   Data           1  lora-cad.o(.data)
    __stdout                                 0x20000374   Data           4  stdout.o(.data)
    __microlib_freelist                      0x20000378   Data           4  mvars.o(.data)
    __microlib_freelist_initialised          0x2000037c   Data           4  mvars.o(.data)
    huart1                                   0x20000384   Data         112  usart.o(.bss)
    huart2                                   0x200003f4   Data         112  usart.o(.bss)
    huart5                                   0x20000464   Data         112  usart.o(.bss)
    UART_RX_DATA2                            0x200004d4   Data         528  usart.o(.bss)
    UART_RX_DATA5                            0x200006e4   Data         528  usart.o(.bss)
    Set_Gps_Ack                              0x200008f4   Data          72  usart.o(.bss)
    hspi1                                    0x2000093c   Data          88  spi.o(.bss)
    hdma_spi1_tx                             0x20000994   Data          64  spi.o(.bss)
    hdma_spi1_rx                             0x200009d4   Data          64  spi.o(.bss)
    RtcHandle                                0x20000a14   Data          36  rtc-board.o(.bss)
    hadc                                     0x20000a38   Data          96  adc.o(.bss)
    hi2c2                                    0x20000a98   Data          76  i2c.o(.bss)
    samples                                  0x20000ae4   Data          48  sensor.o(.bss)
    rs485Buf                                 0x20000b14   Data          32  sensor.o(.bss)
    GPSTimer                                 0x20000b34   Data          20  gps.o(.bss)
    gpsx                                     0x20000b48   Data         166  gps.o(.bss)
    SX1276                                   0x20000cf0   Data          96  sx1276.o(.bss)
    TxTimeoutTimer                           0x20000d50   Data          20  sx1276.o(.bss)
    RxTimeoutTimer                           0x20000d64   Data          20  sx1276.o(.bss)
    RxTimeoutSyncWord                        0x20000d78   Data          20  sx1276.o(.bss)
    CadTimer                                 0x200013e0   Data          20  main.o(.bss)
    JoinReqTimer                             0x200013f4   Data          20  user-app.o(.bss)
    RxInfo                                   0x20001408   Data         264  user-app.o(.bss)
    LoRapp_SenSor_States                     0x20001510   Data          12  user-app.o(.bss)
    AppEui                                   0x2000151c   Data          16  user-app.o(.bss)
    AppKey                                   0x2000152c   Data          32  user-app.o(.bss)
    String_Buffer                            0x2000154c   Data          33  user-app.o(.bss)
    ReportTimer                              0x20001570   Data          20  user-app.o(.bss)
    SleepTimer                               0x20001584   Data          20  user-app.o(.bss)
    CSMATimer                                0x20001598   Data          20  lora-cad.o(.bss)
    __heap_base                              0x200015b0   Data           0  startup_stm32l073xx.o(HEAP)
    __heap_limit                             0x200017b0   Data           0  startup_stm32l073xx.o(HEAP)
    __initial_sp                             0x20001bb0   Data           0  startup_stm32l073xx.o(STACK)



==============================================================================

Memory Map of the image

  Image Entry point : 0x080000c1

  Load Region LR_IROM1 (Base: 0x08000000, Size: 0x00011a54, Max: 0x00020000, ABSOLUTE, COMPRESSED[0x000117bc])

    Execution Region ER_IROM1 (Base: 0x08000000, Size: 0x000116d0, Max: 0x00020000, ABSOLUTE)

    Base Addr    Size         Type   Attr      Idx    E Section Name        Object

    0x08000000   0x000000c0   Data   RO            3    RESET               startup_stm32l073xx.o
    0x080000c0   0x00000000   Code   RO         7169  * .ARM.Collect$$$$00000000  mc_p.l(entry.o)
    0x080000c0   0x00000004   Code   RO         7580    .ARM.Collect$$$$00000001  mc_p.l(entry2.o)
    0x080000c4   0x00000004   Code   RO         7583    .ARM.Collect$$$$00000004  mc_p.l(entry5.o)
    0x080000c8   0x00000000   Code   RO         7585    .ARM.Collect$$$$00000008  mc_p.l(entry7b.o)
    0x080000c8   0x00000000   Code   RO         7587    .ARM.Collect$$$$0000000A  mc_p.l(entry8b.o)
    0x080000c8   0x00000008   Code   RO         7588    .ARM.Collect$$$$0000000B  mc_p.l(entry9a.o)
    0x080000d0   0x00000000   Code   RO         7590    .ARM.Collect$$$$0000000D  mc_p.l(entry10a.o)
    0x080000d0   0x00000000   Code   RO         7592    .ARM.Collect$$$$0000000F  mc_p.l(entry11a.o)
    0x080000d0   0x00000004   Code   RO         7581    .ARM.Collect$$$$00002712  mc_p.l(entry2.o)
    0x080000d4   0x0000001c   Code   RO            4    .text               startup_stm32l073xx.o
    0x080000f0   0x0000002c   Code   RO         7172    .text               mc_p.l(uidiv.o)
    0x0800011c   0x00000028   Code   RO         7174    .text               mc_p.l(idiv.o)
    0x08000144   0x00000060   Code   RO         7176    .text               mc_p.l(uldiv.o)
    0x080001a4   0x0000007a   Code   RO         7178    .text               mc_p.l(llmul.o)
    0x0800021e   0x00000024   Code   RO         7180    .text               mc_p.l(memcpya.o)
    0x08000242   0x00000024   Code   RO         7182    .text               mc_p.l(memseta.o)
    0x08000266   0x0000000e   Code   RO         7186    .text               mc_p.l(strlen.o)
    0x08000274   0x0000001c   Code   RO         7188    .text               mc_p.l(strcmp.o)
    0x08000290   0x0000003c   Code   RO         7485    .text               mc_p.l(__0sscanf.o)
    0x080002cc   0x0000014a   Code   RO         7487    .text               mc_p.l(_scanf_int.o)
    0x08000416   0x000000b2   Code   RO         7489    .text               mf_p.l(fadd.o)
    0x080004c8   0x0000007a   Code   RO         7491    .text               mf_p.l(fmul.o)
    0x08000542   0x0000007c   Code   RO         7493    .text               mf_p.l(fdiv.o)
    0x080005be   0x00000002   PAD
    0x080005c0   0x00000164   Code   RO         7495    .text               mf_p.l(dadd.o)
    0x08000724   0x000000d0   Code   RO         7497    .text               mf_p.l(dmul.o)
    0x080007f4   0x000000f0   Code   RO         7499    .text               mf_p.l(ddiv.o)
    0x080008e4   0x0000000e   Code   RO         7501    .text               mf_p.l(ffltui.o)
    0x080008f2   0x00000002   PAD
    0x080008f4   0x00000028   Code   RO         7503    .text               mf_p.l(dflti.o)
    0x0800091c   0x0000001c   Code   RO         7505    .text               mf_p.l(dfltui.o)
    0x08000938   0x0000001c   Code   RO         7507    .text               mf_p.l(dfltul.o)
    0x08000954   0x00000028   Code   RO         7509    .text               mf_p.l(ffixui.o)
    0x0800097c   0x00000048   Code   RO         7511    .text               mf_p.l(dfixi.o)
    0x080009c4   0x0000003c   Code   RO         7513    .text               mf_p.l(dfixui.o)
    0x08000a00   0x00000040   Code   RO         7515    .text               mf_p.l(dfixul.o)
    0x08000a40   0x00000028   Code   RO         7517    .text               mf_p.l(f2d.o)
    0x08000a68   0x00000028   Code   RO         7519    .text               mf_p.l(cdcmple.o)
    0x08000a90   0x00000028   Code   RO         7521    .text               mf_p.l(cdrcmple.o)
    0x08000ab8   0x00000038   Code   RO         7523    .text               mf_p.l(d2f.o)
    0x08000af0   0x00000014   Code   RO         7525    .text               mf_p.l(cfrcmple.o)
    0x08000b04   0x00000020   Code   RO         7595    .text               mc_p.l(llshl.o)
    0x08000b24   0x00000022   Code   RO         7597    .text               mc_p.l(llushr.o)
    0x08000b46   0x00000026   Code   RO         7599    .text               mc_p.l(llsshr.o)
    0x08000b6c   0x0000001e   Code   RO         7610    .text               mc_p.l(_chval.o)
    0x08000b8a   0x00000002   PAD
    0x08000b8c   0x0000002c   Code   RO         7612    .text               mc_p.l(scanf_char.o)
    0x08000bb8   0x00000044   Code   RO         7614    .text               mc_p.l(_sgetc.o)
    0x08000bfc   0x00000000   Code   RO         7616    .text               mc_p.l(iusefp.o)
    0x08000bfc   0x00000082   Code   RO         7617    .text               mf_p.l(fepilogue.o)
    0x08000c7e   0x000000be   Code   RO         7619    .text               mf_p.l(depilogue.o)
    0x08000d3c   0x0000002c   Code   RO         7623    .text               mf_p.l(dscalb.o)
    0x08000d68   0x0000007c   Code   RO         7625    .text               mf_p.l(drnd.o)
    0x08000de4   0x00000024   Code   RO         7627    .text               mc_p.l(init.o)
    0x08000e08   0x0000000e   Code   RO         7629    .text               mc_p.l(isspace_c.o)
    0x08000e16   0x00000002   PAD
    0x08000e18   0x00000338   Code   RO         7631    .text               mc_p.l(_scanf.o)
    0x08001150   0x000000a2   Code   RO         7633    .text               mf_p.l(dsqrt.o)
    0x080011f2   0x00000002   PAD
    0x080011f4   0x00000024   Code   RO         7637    .text               mc_p.l(ctype_c.o)
    0x08001218   0x00000056   Code   RO         7648    .text               mc_p.l(__dczerorl2.o)
    0x0800126e   0x0000006c   Code   RO          395    i.ADC_ConversionStop  stm32l0xx_hal_adc.o
    0x080012da   0x00000002   PAD
    0x080012dc   0x0000002c   Code   RO          399    i.ADC_DelayMicroSecond  stm32l0xx_hal_adc.o
    0x08001308   0x0000009c   Code   RO          400    i.ADC_Disable       stm32l0xx_hal_adc.o
    0x080013a4   0x000000a4   Code   RO          401    i.ADC_Enable        stm32l0xx_hal_adc.o
    0x08001448   0x000001aa   Code   RO         6752    i.AES_CMAC_Final    cmac.o
    0x080015f2   0x00000020   Code   RO         6753    i.AES_CMAC_Init     cmac.o
    0x08001612   0x00000014   Code   RO         6754    i.AES_CMAC_SetKey   cmac.o
    0x08001626   0x000000c4   Code   RO         6755    i.AES_CMAC_Update   cmac.o
    0x080016ea   0x00000002   PAD
    0x080016ec   0x0000008c   Code   RO         4881    i.AdcReadParameter  adc.o
    0x08001778   0x00000144   Code   RO         6128    i.AddMacCommand     loramac.o
    0x080018bc   0x0000006c   Code   RO         6129    i.AdrNextDr         loramac.o
    0x08001928   0x00000188   Code   RO         5340    i.BoardDeInitMcu    board.o
    0x08001ab0   0x00000020   Code   RO         5341    i.BoardGetBatteryLevel  board.o
    0x08001ad0   0x00000154   Code   RO         5344    i.BoardInitMcu      board.o
    0x08001c24   0x000000a8   Code   RO         5345    i.BoardUniquedeviceID  board.o
    0x08001ccc   0x00000018   Code   RO         5020    i.Bq24195EnableCharge  user_bq24195.o
    0x08001ce4   0x00000058   Code   RO         5022    i.Bq24195ReadByte   user_bq24195.o
    0x08001d3c   0x00000058   Code   RO         5025    i.Bq24195WriteByte  user_bq24195.o
    0x08001d94   0x00000040   Code   RO         5638    i.CalcCRC16         rs485.o
    0x08001dd4   0x00000158   Code   RO         5260    i.CheckBattery      power.o
    0x08001f2c   0x00000068   Code   RO         5696    i.ControlExtendBox  sensor.o
    0x08001f94   0x0000003a   Code   RO         6920    i.Convert16To10     user-app.o
    0x08001fce   0x0000000c   Code   RO         4518    i.DelayMs           delay.o
    0x08001fda   0x0000003e   Code   RO         6130    i.DisableChannelInMask  loramac.o
    0x08002018   0x00000050   Code   RO         5639    i.Disable_485_Power  rs485.o
    0x08002068   0x00000010   Code   RO         4843    i.EXTI0_1_IRQHandler  gpio-board.o
    0x08002078   0x00000010   Code   RO         4844    i.EXTI2_3_IRQHandler  gpio-board.o
    0x08002088   0x0000005c   Code   RO         4845    i.EXTI4_15_IRQHandler  gpio-board.o
    0x080020e4   0x00000010   Code   RO         5640    i.Enble_485_Power   rs485.o
    0x080020f4   0x00000014   Code   RO         6784    i.Error_Handler     main.o
    0x08002108   0x00000038   Code   RO         6921    i.Error_Led         user-app.o
    0x08002140   0x00000144   Code   RO         5641    i.ExcuteRs485Command  rs485.o
    0x08002284   0x00000050   Code   RO         5759    i.GPS_Disable       gps.o
    0x080022d4   0x00000034   Code   RO         5894    i.GetFskBandwidthRegValue  sx1276.o
    0x08002308   0x00000094   Code   RO         7083    i.Get_max           lora-cad.o
    0x0800239c   0x00000014   Code   RO         5421    i.GpioWrite         gpio.o
    0x080023b0   0x000000d8   Code   RO          578    i.HAL_ADCEx_Calibration_Start  stm32l0xx_hal_adc_ex.o
    0x08002488   0x00000148   Code   RO          403    i.HAL_ADC_ConfigChannel  stm32l0xx_hal_adc.o
    0x080025d0   0x00000006   Code   RO          409    i.HAL_ADC_GetState  stm32l0xx_hal_adc.o
    0x080025d6   0x00000008   Code   RO          410    i.HAL_ADC_GetValue  stm32l0xx_hal_adc.o
    0x080025de   0x00000002   PAD
    0x080025e0   0x00000234   Code   RO          412    i.HAL_ADC_Init      stm32l0xx_hal_adc.o
    0x08002814   0x0000003c   Code   RO         4883    i.HAL_ADC_MspInit   adc.o
    0x08002850   0x000000e8   Code   RO          416    i.HAL_ADC_PollForConversion  stm32l0xx_hal_adc.o
    0x08002938   0x00000078   Code   RO          418    i.HAL_ADC_Start     stm32l0xx_hal_adc.o
    0x080029b0   0x00000050   Code   RO          421    i.HAL_ADC_Stop      stm32l0xx_hal_adc.o
    0x08002a00   0x000000b4   Code   RO          832    i.HAL_DMA_Abort_IT  stm32l0xx_hal_dma.o
    0x08002ab4   0x0000001a   Code   RO          233    i.HAL_Delay         stm32l0xx_hal.o
    0x08002ace   0x00000002   PAD
    0x08002ad0   0x00000128   Code   RO         1229    i.HAL_GPIO_DeInit   stm32l0xx_hal_gpio.o
    0x08002bf8   0x0000006c   Code   RO         4846    i.HAL_GPIO_EXTI_Callback  gpio-board.o
    0x08002c64   0x00000020   Code   RO         1231    i.HAL_GPIO_EXTI_IRQHandler  stm32l0xx_hal_gpio.o
    0x08002c84   0x000001f8   Code   RO         1232    i.HAL_GPIO_Init     stm32l0xx_hal_gpio.o
    0x08002e7c   0x00000008   Code   RO         1235    i.HAL_GPIO_TogglePin  stm32l0xx_hal_gpio.o
    0x08002e84   0x0000000c   Code   RO         1236    i.HAL_GPIO_WritePin  stm32l0xx_hal_gpio.o
    0x08002e90   0x0000000c   Code   RO          237    i.HAL_GetTick       stm32l0xx_hal.o
    0x08002e9c   0x0000006e   Code   RO         1715    i.HAL_I2CEx_ConfigAnalogFilter  stm32l0xx_hal_i2c_ex.o
    0x08002f0a   0x00000072   Code   RO         1716    i.HAL_I2CEx_ConfigDigitalFilter  stm32l0xx_hal_i2c_ex.o
    0x08002f7c   0x00000042   Code   RO         1293    i.HAL_I2C_DeInit    stm32l0xx_hal_i2c.o
    0x08002fbe   0x00000002   PAD
    0x08002fc0   0x000000d4   Code   RO         1302    i.HAL_I2C_Init      stm32l0xx_hal_i2c.o
    0x08003094   0x00000180   Code   RO         1308    i.HAL_I2C_Master_Receive  stm32l0xx_hal_i2c.o
    0x08003214   0x0000017c   Code   RO         1313    i.HAL_I2C_Master_Transmit  stm32l0xx_hal_i2c.o
    0x08003390   0x000001c4   Code   RO         1318    i.HAL_I2C_Mem_Read  stm32l0xx_hal_i2c.o
    0x08003554   0x000001c4   Code   RO         1321    i.HAL_I2C_Mem_Write  stm32l0xx_hal_i2c.o
    0x08003718   0x00000034   Code   RO         4980    i.HAL_I2C_MspDeInit  i2c.o
    0x0800374c   0x0000004c   Code   RO         4981    i.HAL_I2C_MspInit   i2c.o
    0x08003798   0x00000010   Code   RO          238    i.HAL_IncTick       stm32l0xx_hal.o
    0x080037a8   0x00000020   Code   RO          239    i.HAL_Init          stm32l0xx_hal.o
    0x080037c8   0x00000028   Code   RO          240    i.HAL_InitTick      stm32l0xx_hal.o
    0x080037f0   0x00000002   Code   RO          242    i.HAL_MspInit       stm32l0xx_hal.o
    0x080037f2   0x00000002   PAD
    0x080037f4   0x00000018   Code   RO          634    i.HAL_NVIC_DisableIRQ  stm32l0xx_hal_cortex.o
    0x0800380c   0x00000018   Code   RO          635    i.HAL_NVIC_EnableIRQ  stm32l0xx_hal_cortex.o
    0x08003824   0x00000012   Code   RO          639    i.HAL_NVIC_SetPriority  stm32l0xx_hal_cortex.o
    0x08003836   0x00000002   PAD
    0x08003838   0x00000014   Code   RO         1884    i.HAL_PWREx_EnableFastWakeUp  stm32l0xx_hal_pwr_ex.o
    0x0800384c   0x00000014   Code   RO         1886    i.HAL_PWREx_EnableUltraLowPower  stm32l0xx_hal_pwr_ex.o
    0x08003860   0x00000014   Code   RO         1768    i.HAL_PWR_DisablePVD  stm32l0xx_hal_pwr.o
    0x08003874   0x00000048   Code   RO         1779    i.HAL_PWR_EnterSTOPMode  stm32l0xx_hal_pwr.o
    0x080038bc   0x0000038c   Code   RO         2049    i.HAL_RCCEx_GetPeriphCLKFreq  stm32l0xx_hal_rcc_ex.o
    0x08003c48   0x000002ac   Code   RO         2052    i.HAL_RCCEx_PeriphCLKConfig  stm32l0xx_hal_rcc_ex.o
    0x08003ef4   0x000001f8   Code   RO         1938    i.HAL_RCC_ClockConfig  stm32l0xx_hal_rcc.o
    0x080040ec   0x0000000c   Code   RO         1942    i.HAL_RCC_GetHCLKFreq  stm32l0xx_hal_rcc.o
    0x080040f8   0x00000024   Code   RO         1944    i.HAL_RCC_GetPCLK1Freq  stm32l0xx_hal_rcc.o
    0x0800411c   0x00000024   Code   RO         1945    i.HAL_RCC_GetPCLK2Freq  stm32l0xx_hal_rcc.o
    0x08004140   0x000000e4   Code   RO         1946    i.HAL_RCC_GetSysClockFreq  stm32l0xx_hal_rcc.o
    0x08004224   0x000006d4   Code   RO         1949    i.HAL_RCC_OscConfig  stm32l0xx_hal_rcc.o
    0x080048f8   0x00000002   Code   RO         2296    i.HAL_RTCEx_AlarmBEventCallback  stm32l0xx_hal_rtc_ex.o
    0x080048fa   0x00000002   PAD
    0x080048fc   0x000000ac   Code   RO         6835    i.HAL_RTC_AlarmAEventCallback  stm32l0xx_it.o
    0x080049a8   0x00000088   Code   RO         2163    i.HAL_RTC_AlarmIRQHandler  stm32l0xx_hal_rtc.o
    0x08004a30   0x0000005c   Code   RO         2167    i.HAL_RTC_GetDate   stm32l0xx_hal_rtc.o
    0x08004a8c   0x0000006c   Code   RO         2169    i.HAL_RTC_GetTime   stm32l0xx_hal_rtc.o
    0x08004af8   0x000000c8   Code   RO         2170    i.HAL_RTC_Init      stm32l0xx_hal_rtc.o
    0x08004bc0   0x00000020   Code   RO         4386    i.HAL_RTC_MspInit   rtc-board.o
    0x08004be0   0x0000025c   Code   RO         2175    i.HAL_RTC_SetAlarm_IT  stm32l0xx_hal_rtc.o
    0x08004e3c   0x00000130   Code   RO         2176    i.HAL_RTC_SetDate   stm32l0xx_hal_rtc.o
    0x08004f6c   0x00000154   Code   RO         2177    i.HAL_RTC_SetTime   stm32l0xx_hal_rtc.o
    0x080050c0   0x0000003c   Code   RO         2178    i.HAL_RTC_WaitForSynchro  stm32l0xx_hal_rtc.o
    0x080050fc   0x00000014   Code   RO          243    i.HAL_ResumeTick    stm32l0xx_hal.o
    0x08005110   0x0000003a   Code   RO         2523    i.HAL_SPI_DeInit    stm32l0xx_hal_spi.o
    0x0800514a   0x0000008e   Code   RO         2528    i.HAL_SPI_Init      stm32l0xx_hal_spi.o
    0x080051d8   0x00000040   Code   RO         4324    i.HAL_SPI_MspDeInit  spi.o
    0x08005218   0x00000060   Code   RO         4325    i.HAL_SPI_MspInit   spi.o
    0x08005278   0x00000260   Code   RO         2531    i.HAL_SPI_Receive   stm32l0xx_hal_spi.o
    0x080054d8   0x000001da   Code   RO         2536    i.HAL_SPI_Transmit  stm32l0xx_hal_spi.o
    0x080056b2   0x0000037e   Code   RO         2537    i.HAL_SPI_TransmitReceive  stm32l0xx_hal_spi.o
    0x08005a30   0x00000024   Code   RO          641    i.HAL_SYSTICK_CLKSourceConfig  stm32l0xx_hal_cortex.o
    0x08005a54   0x00000002   Code   RO          642    i.HAL_SYSTICK_Callback  stm32l0xx_hal_cortex.o
    0x08005a56   0x00000002   PAD
    0x08005a58   0x00000038   Code   RO          643    i.HAL_SYSTICK_Config  stm32l0xx_hal_cortex.o
    0x08005a90   0x00000008   Code   RO          644    i.HAL_SYSTICK_IRQHandler  stm32l0xx_hal_cortex.o
    0x08005a98   0x00000014   Code   RO          248    i.HAL_SuspendTick   stm32l0xx_hal.o
    0x08005aac   0x00000002   Code   RO         3772    i.HAL_UARTEx_WakeupCallback  stm32l0xx_hal_uart_ex.o
    0x08005aae   0x0000004c   Code   RO         3437    i.HAL_UART_DeInit   stm32l0xx_hal_uart.o
    0x08005afa   0x00000002   Code   RO         3438    i.HAL_UART_ErrorCallback  stm32l0xx_hal_uart.o
    0x08005afc   0x00000014   Code   RO         3440    i.HAL_UART_GetState  stm32l0xx_hal_uart.o
    0x08005b10   0x000001c0   Code   RO         3441    i.HAL_UART_IRQHandler  stm32l0xx_hal_uart.o
    0x08005cd0   0x00000082   Code   RO         3442    i.HAL_UART_Init     stm32l0xx_hal_uart.o
    0x08005d52   0x00000002   PAD
    0x08005d54   0x00000090   Code   RO         4138    i.HAL_UART_MspDeInit  usart.o
    0x08005de4   0x000000c0   Code   RO         4139    i.HAL_UART_MspInit  usart.o
    0x08005ea4   0x000000ec   Code   RO         3447    i.HAL_UART_Receive_IT  stm32l0xx_hal_uart.o
    0x08005f90   0x00000238   Code   RO         4140    i.HAL_UART_RxCpltCallback  usart.o
    0x080061c8   0x000000f0   Code   RO         3450    i.HAL_UART_Transmit  stm32l0xx_hal_uart.o
    0x080062b8   0x00000002   Code   RO         3453    i.HAL_UART_TxCpltCallback  stm32l0xx_hal_uart.o
    0x080062ba   0x00000002   PAD
    0x080062bc   0x00000018   Code   RO         6836    i.HardFault_Handler  stm32l0xx_it.o
    0x080062d4   0x0000018c   Code   RO         5501    i.Hdc1080ReadTH     hdc1080.o
    0x08006460   0x0000005c   Code   RO         5502    i.Hdc1080_ReadOneByte  hdc1080.o
    0x080064bc   0x0000003c   Code   RO         5503    i.Hdc1080_WriteOneByte  hdc1080.o
    0x080064f8   0x00000032   Code   RO         1344    i.I2C_Flush_TXDR    stm32l0xx_hal_i2c.o
    0x0800652a   0x00000002   PAD
    0x0800652c   0x00000014   Code   RO         5504    i.I2C_Hdc1080_Error  hdc1080.o
    0x08006540   0x00000094   Code   RO         1352    i.I2C_IsAcknowledgeFailed  stm32l0xx_hal_i2c.o
    0x080065d4   0x00000014   Code   RO         5547    i.I2C_Max44009_Error  max44009.o
    0x080065e8   0x00000092   Code   RO         1355    i.I2C_RequestMemoryRead  stm32l0xx_hal_i2c.o
    0x0800667a   0x00000092   Code   RO         1356    i.I2C_RequestMemoryWrite  stm32l0xx_hal_i2c.o
    0x0800670c   0x00000030   Code   RO         1359    i.I2C_TransferConfig  stm32l0xx_hal_i2c.o
    0x0800673c   0x00000052   Code   RO         1360    i.I2C_WaitOnFlagUntilTimeout  stm32l0xx_hal_i2c.o
    0x0800678e   0x00000002   PAD
    0x08006790   0x00000098   Code   RO         1361    i.I2C_WaitOnRXNEFlagUntilTimeout  stm32l0xx_hal_i2c.o
    0x08006828   0x0000005a   Code   RO         1362    i.I2C_WaitOnSTOPFlagUntilTimeout  stm32l0xx_hal_i2c.o
    0x08006882   0x00000060   Code   RO         1363    i.I2C_WaitOnTXISFlagUntilTimeout  stm32l0xx_hal_i2c.o
    0x080068e2   0x00000002   PAD
    0x080068e4   0x00000078   Code   RO         4946    i.InitBq24195       bq24195.o
    0x0800695c   0x00000008   Code   RO         5505    i.InitHdc1080       hdc1080.o
    0x08006964   0x00000008   Code   RO         5548    i.InitMax44009      max44009.o
    0x0800696c   0x000000a0   Code   RO         4947    i.InitPower         bq24195.o
    0x08006a0c   0x00000050   Code   RO         5642    i.InitPowerPin      rs485.o
    0x08006a5c   0x0000004c   Code   RO         5643    i.InitRs            rs485.o
    0x08006aa8   0x00000010   Code   RO         5644    i.InitUsart5        rs485.o
    0x08006ab8   0x00000044   Code   RO         6923    i.Into_Low_Power    user-app.o
    0x08006afc   0x00000006   Code   RO         6131    i.LimitTxPower      loramac.o
    0x08006b02   0x00000002   PAD
    0x08006b04   0x00000114   Code   RO         6132    i.LoRaMacChannelAdd  loramac.o
    0x08006c18   0x0000005c   Code   RO         6133    i.LoRaMacChannelRemove  loramac.o
    0x08006c74   0x00000094   Code   RO         6582    i.LoRaMacComputeMic  loramaccrypto.o
    0x08006d08   0x00000012   Code   RO         6372    i.LoRaMacGetUpLinkCounter  loramac-api-v3.o
    0x08006d1a   0x00000002   PAD
    0x08006d1c   0x00000044   Code   RO         6373    i.LoRaMacInit       loramac-api-v3.o
    0x08006d60   0x00000048   Code   RO         6374    i.LoRaMacInitNwkIds  loramac-api-v3.o
    0x08006da8   0x00000220   Code   RO         6134    i.LoRaMacInitialization  loramac.o
    0x08006fc8   0x00000054   Code   RO         6583    i.LoRaMacJoinComputeMic  loramaccrypto.o
    0x0800701c   0x0000008c   Code   RO         6584    i.LoRaMacJoinComputeSKeys  loramaccrypto.o
    0x080070a8   0x00000040   Code   RO         6585    i.LoRaMacJoinDecrypt  loramaccrypto.o
    0x080070e8   0x00000140   Code   RO         6135    i.LoRaMacMcpsRequest  loramac.o
    0x08007228   0x0000014c   Code   RO         6136    i.LoRaMacMibGetRequestConfirm  loramac.o
    0x08007374   0x000001c0   Code   RO         6137    i.LoRaMacMibSetRequestConfirm  loramac.o
    0x08007534   0x00000024   Code   RO         6586    i.LoRaMacPayloadDecrypt  loramaccrypto.o
    0x08007558   0x000000e0   Code   RO         6587    i.LoRaMacPayloadEncrypt  loramaccrypto.o
    0x08007638   0x000000a8   Code   RO         6381    i.LoRaMacSendConfirmedFrame  loramac-api-v3.o
    0x080076e0   0x00000074   Code   RO         6382    i.LoRaMacSendFrame  loramac-api-v3.o
    0x08007754   0x00000012   Code   RO         6385    i.LoRaMacSetAdrOn   loramac-api-v3.o
    0x08007766   0x00000002   PAD
    0x08007768   0x0000000c   Code   RO         6143    i.LoRaMacTestSetDutyCycleOn  loramac.o
    0x08007774   0x00000090   Code   RO         5422    i.LoRaPower_Init    gpio.o
    0x08007804   0x00000014   Code   RO         7084    i.LoRa_Cad_Init     lora-cad.o
    0x08007818   0x00000268   Code   RO         7085    i.LoRa_Cad_Mode     lora-cad.o
    0x08007a80   0x00000010   Code   RO         5764    i.Location_Led      gps.o
    0x08007a90   0x00000060   Code   RO         4884    i.MX_ADC_Init       adc.o
    0x08007af0   0x0000005c   Code   RO         4982    i.MX_I2C2_Init      i2c.o
    0x08007b4c   0x00000044   Code   RO         4141    i.MX_USART1_UART_Init  usart.o
    0x08007b90   0x00000060   Code   RO         4142    i.MX_USART2_UART_Init  usart.o
    0x08007bf0   0x00000060   Code   RO         4143    i.MX_USART5_UART_Init  usart.o
    0x08007c50   0x00000114   Code   RO         5549    i.Max44009ReadLux   max44009.o
    0x08007d64   0x00000060   Code   RO         6401    i.McpsConfirm       loramac-api-v3.o
    0x08007dc4   0x0000008c   Code   RO         6402    i.McpsIndication    loramac-api-v3.o
    0x08007e50   0x000000b0   Code   RO         6403    i.MlmeConfirm       loramac-api-v3.o
    0x08007f00   0x00000002   Code   RO         6837    i.NMI_Handler       stm32l0xx_it.o
    0x08007f02   0x00000002   PAD
    0x08007f04   0x00000078   Code   RO          645    i.NVIC_SetPriority  stm32l0xx_hal_cortex.o
    0x08007f7c   0x00000050   Code   RO         6145    i.OnAckTimeoutTimerEvent  loramac.o
    0x08007fcc   0x00000018   Code   RO         7087    i.OnCsmaTimerEvent  lora-cad.o
    0x08007fe4   0x00000048   Code   RO         5775    i.OnGpsTimerEvent   gps.o
    0x0800802c   0x00000288   Code   RO         6925    i.OnMacEvent        user-app.o
    0x080082b4   0x00000310   Code   RO         6146    i.OnMacStateCheckTimerEvent  loramac.o
    0x080085c4   0x00000040   Code   RO         6147    i.OnRadioCadDone    loramac.o
    0x08008604   0x0000072c   Code   RO         6148    i.OnRadioRxDone     loramac.o
    0x08008d30   0x00000060   Code   RO         6149    i.OnRadioRxError    loramac.o
    0x08008d90   0x00000060   Code   RO         6150    i.OnRadioRxTimeout  loramac.o
    0x08008df0   0x00000220   Code   RO         6151    i.OnRadioTxDone     loramac.o
    0x08009010   0x00000044   Code   RO         6152    i.OnRadioTxTimeout  loramac.o
    0x08009054   0x00000038   Code   RO         6926    i.OnReportTimerEvent  user-app.o
    0x0800908c   0x00000094   Code   RO         6153    i.OnRxWindow1TimerEvent  loramac.o
    0x08009120   0x00000088   Code   RO         6154    i.OnRxWindow2TimerEvent  loramac.o
    0x080091a8   0x0000007c   Code   RO         6155    i.OnTxDelayedTimerEvent  loramac.o
    0x08009224   0x00000054   Code   RO         6785    i.OncadTimerEvent   main.o
    0x08009278   0x00000040   Code   RO         6786    i.OnsleepTimerEvent  main.o
    0x080092b8   0x00000002   Code   RO         6838    i.PendSV_Handler    stm32l0xx_it.o
    0x080092ba   0x00000002   PAD
    0x080092bc   0x0000009c   Code   RO         5697    i.PollingRs485      sensor.o
    0x08009358   0x00000012   Code   RO         6927    i.PowerDisble_Led   user-app.o
    0x0800936a   0x00000010   Code   RO         6928    i.PowerEnable_Led   user-app.o
    0x0800937a   0x0000001a   Code   RO         6929    i.PowerXY           user-app.o
    0x08009394   0x0000040c   Code   RO         6156    i.PrepareFrame      loramac.o
    0x080097a0   0x00000074   Code   RO         6157    i.PrepareRxDoneAbort  loramac.o
    0x08009814   0x00000474   Code   RO         6158    i.ProcessMacCommands  loramac.o
    0x08009c88   0x00000090   Code   RO         5698    i.QueryRs485Addr    sensor.o
    0x08009d18   0x000000cc   Code   RO         5699    i.QueryRs485Data    sensor.o
    0x08009de4   0x00000050   Code   RO         5700    i.QueryRs485DataByAddr  sensor.o
    0x08009e34   0x00000098   Code   RO         1950    i.RCC_SetFlashLatencyFromMSIRange  stm32l0xx_hal_rcc.o
    0x08009ecc   0x0000001a   Code   RO         2179    i.RTC_Bcd2ToByte    stm32l0xx_hal_rtc.o
    0x08009ee6   0x0000001a   Code   RO         2180    i.RTC_ByteToBcd2    stm32l0xx_hal_rtc.o
    0x08009f00   0x00000042   Code   RO         2181    i.RTC_EnterInitMode  stm32l0xx_hal_rtc.o
    0x08009f42   0x00000002   PAD
    0x08009f44   0x00000018   Code   RO         6839    i.RTC_IRQHandler    stm32l0xx_it.o
    0x08009f5c   0x000000dc   Code   RO         4387    i.RTC_Init          rtc-board.o
    0x0800a038   0x00000218   Code   RO         6931    i.Read_Flash_Data   user-app.o
    0x0800a250   0x00000040   Code   RO         4388    i.RtcClearStatus    rtc-board.o
    0x0800a290   0x00000034   Code   RO         4389    i.RtcDelayMs        rtc-board.o
    0x0800a2c4   0x0000014c   Code   RO         4391    i.RtcGetCalendarValue  rtc-board.o
    0x0800a410   0x0000001c   Code   RO         4392    i.RtcGetMinimumTimeout  rtc-board.o
    0x0800a42c   0x00000050   Code   RO         4393    i.RtcGetTimerElapsedTime  rtc-board.o
    0x0800a47c   0x0000003c   Code   RO         4394    i.RtcGetTimerValue  rtc-board.o
    0x0800a4b8   0x00000068   Code   RO         4396    i.RtcSetTimeout     rtc-board.o
    0x0800a520   0x000002d0   Code   RO         4397    i.RtcStartWakeUpAlarm  rtc-board.o
    0x0800a7f0   0x000000b8   Code   RO         5895    i.RxChainCalibration  sx1276.o
    0x0800a8a8   0x00000140   Code   RO         6159    i.RxWindowSetup     loramac.o
    0x0800a9e8   0x00000036   Code   RO         6932    i.Rx_Led            user-app.o
    0x0800aa1e   0x00000002   PAD
    0x0800aa20   0x00000064   Code   RO         4326    i.SPI1_Init         spi.o
    0x0800aa84   0x00000068   Code   RO         4327    i.SPI1_NSS          spi.o
    0x0800aaec   0x00000048   Code   RO         4328    i.SPI1_Read         spi.o
    0x0800ab34   0x0000003c   Code   RO         4329    i.SPI1_Write        spi.o
    0x0800ab70   0x00000118   Code   RO         2558    i.SPI_WaitOnFlagUntilTimeout  stm32l0xx_hal_spi.o
    0x0800ac88   0x0000001a   Code   RO         5475    i.STMFLASH_Read     stmflash.o
    0x0800aca2   0x00000002   Code   RO         6840    i.SVC_Handler       stm32l0xx_it.o
    0x0800aca4   0x0000000c   Code   RO         4767    i.SX1276AntSwDeInit  sx1276-board.o
    0x0800acb0   0x0000000c   Code   RO         4768    i.SX1276AntSwInit   sx1276-board.o
    0x0800acbc   0x00000006   Code   RO         4769    i.SX1276CheckRfFrequency  sx1276-board.o
    0x0800acc2   0x00000002   PAD
    0x0800acc4   0x00000078   Code   RO         5423    i.SX1276EXTI_Init   gpio.o
    0x0800ad3c   0x0000004c   Code   RO         5424    i.SX1276GPIO_Init   gpio.o
    0x0800ad88   0x00000014   Code   RO         4770    i.SX1276GetPaSelect  sx1276-board.o
    0x0800ad9c   0x0000000c   Code   RO         5896    i.SX1276GetStatus   sx1276.o
    0x0800ada8   0x00000324   Code   RO         5897    i.SX1276GetTimeOnAir  sx1276.o
    0x0800b0cc   0x00000088   Code   RO         5898    i.SX1276Init        sx1276.o
    0x0800b154   0x0000000c   Code   RO         4772    i.SX1276IoInit      sx1276-board.o
    0x0800b160   0x0000003a   Code   RO         5899    i.SX1276IsChannelFree  sx1276.o
    0x0800b19a   0x00000002   PAD
    0x0800b19c   0x000003d0   Code   RO         5900    i.SX1276OnDio0Irq   sx1276.o
    0x0800b56c   0x00000174   Code   RO         5901    i.SX1276OnDio1Irq   sx1276.o
    0x0800b6e0   0x0000014c   Code   RO         5902    i.SX1276OnDio2Irq   sx1276.o
    0x0800b82c   0x000000e4   Code   RO         5906    i.SX1276OnTimeoutIrq  sx1276.o
    0x0800b910   0x00000040   Code   RO         5907    i.SX1276Random      sx1276.o
    0x0800b950   0x00000014   Code   RO         5908    i.SX1276Read        sx1276.o
    0x0800b964   0x0000003c   Code   RO         5909    i.SX1276ReadBuffer  sx1276.o
    0x0800b9a0   0x00000012   Code   RO         5910    i.SX1276ReadFifo    sx1276.o
    0x0800b9b2   0x00000002   PAD
    0x0800b9b4   0x00000054   Code   RO         5911    i.SX1276ReadRssi    sx1276.o
    0x0800ba08   0x0000002c   Code   RO         5912    i.SX1276Reset       sx1276.o
    0x0800ba34   0x00000120   Code   RO         5913    i.SX1276Send        sx1276.o
    0x0800bb54   0x00000018   Code   RO         4773    i.SX1276SetAntSw    sx1276-board.o
    0x0800bb6c   0x00000024   Code   RO         4774    i.SX1276SetAntSwLowPower  sx1276-board.o
    0x0800bb90   0x00000048   Code   RO         5914    i.SX1276SetChannel  sx1276.o
    0x0800bbd8   0x0000003c   Code   RO         5915    i.SX1276SetMaxPayloadLength  sx1276.o
    0x0800bc14   0x00000080   Code   RO         5916    i.SX1276SetModem    sx1276.o
    0x0800bc94   0x00000050   Code   RO         5917    i.SX1276SetOpMode   sx1276.o
    0x0800bce4   0x0000038c   Code   RO         5918    i.SX1276SetRx       sx1276.o
    0x0800c070   0x0000029c   Code   RO         5919    i.SX1276SetRxConfig  sx1276.o
    0x0800c30c   0x00000028   Code   RO         5920    i.SX1276SetSleep    sx1276.o
    0x0800c334   0x00000028   Code   RO         5921    i.SX1276SetStby     sx1276.o
    0x0800c35c   0x000000cc   Code   RO         5922    i.SX1276SetTx       sx1276.o
    0x0800c428   0x00000324   Code   RO         5923    i.SX1276SetTxConfig  sx1276.o
    0x0800c74c   0x00000048   Code   RO         5924    i.SX1276StartCad    sx1276.o
    0x0800c794   0x00000010   Code   RO         5925    i.SX1276Write       sx1276.o
    0x0800c7a4   0x0000003e   Code   RO         5926    i.SX1276WriteBuffer  sx1276.o
    0x0800c7e2   0x00000012   Code   RO         5927    i.SX1276WriteFifo   sx1276.o
    0x0800c7f4   0x00000300   Code   RO         6933    i.SX1278_Send       user-app.o
    0x0800caf4   0x000005e8   Code   RO         5701    i.SamplingData      sensor.o
    0x0800d0dc   0x000000d0   Code   RO         6160    i.ScheduleTx        loramac.o
    0x0800d1ac   0x0000008c   Code   RO         6161    i.Send              loramac.o
    0x0800d238   0x00000036   Code   RO         6934    i.SendDone_Led      user-app.o
    0x0800d26e   0x00000002   PAD
    0x0800d270   0x000001d0   Code   RO         6162    i.SendFrameOnChannel  loramac.o
    0x0800d440   0x0000002e   Code   RO         5034    i.SetBatteryRechargeThreshold  user_bq24195.o
    0x0800d46e   0x0000002e   Code   RO         5037    i.SetChargeType     user_bq24195.o
    0x0800d49c   0x00000040   Code   RO         5041    i.SetEnableChargeTimer  user_bq24195.o
    0x0800d4dc   0x00000040   Code   RO         5047    i.SetHighImpedanceMode  user_bq24195.o
    0x0800d51c   0x0000002e   Code   RO         5048    i.SetInputCurrentLimit  user_bq24195.o
    0x0800d54a   0x0000002e   Code   RO         5049    i.SetInputVoltageLimit  user_bq24195.o
    0x0800d578   0x0000002e   Code   RO         5050    i.SetMiniSysVoltage  user_bq24195.o
    0x0800d5a6   0x00000002   PAD
    0x0800d5a8   0x0000027c   Code   RO         6163    i.SetNextChannel    loramac.o
    0x0800d824   0x00000038   Code   RO         6164    i.SetPublicNetwork  loramac.o
    0x0800d85c   0x000000e8   Code   RO         4399    i.SetRtcAlarm       rtc-board.o
    0x0800d944   0x0000002e   Code   RO         5055    i.SetWdgTimer       user_bq24195.o
    0x0800d972   0x00000002   PAD
    0x0800d974   0x0000003c   Code   RO         6935    i.String_Conversion  user-app.o
    0x0800d9b0   0x000000ac   Code   RO         7088    i.SymbolTime        lora-cad.o
    0x0800da5c   0x00000028   Code   RO         6841    i.SysTick_Handler   stm32l0xx_it.o
    0x0800da84   0x000000b4   Code   RO         5347    i.SystemClockConfig  board.o
    0x0800db38   0x00000090   Code   RO         5348    i.SystemClockReConfig  board.o
    0x0800dbc8   0x00000068   Code   RO           13    i.SystemInit        system_stm32l0xx.o
    0x0800dc30   0x00000020   Code   RO         4564    i.TimerExists       timer.o
    0x0800dc50   0x00000008   Code   RO         4565    i.TimerGetCurrentTime  timer.o
    0x0800dc58   0x00000008   Code   RO         4567    i.TimerGetValue     timer.o
    0x0800dc60   0x0000000e   Code   RO         4568    i.TimerInit         timer.o
    0x0800dc6e   0x00000002   PAD
    0x0800dc70   0x00000030   Code   RO         4569    i.TimerInsertNewHeadTimer  timer.o
    0x0800dca0   0x00000074   Code   RO         4570    i.TimerInsertTimer  timer.o
    0x0800dd14   0x000000a4   Code   RO         4571    i.TimerIrqHandler   timer.o
    0x0800ddb8   0x00000018   Code   RO         4575    i.TimerSetTimeout   timer.o
    0x0800ddd0   0x00000020   Code   RO         4576    i.TimerSetValue     timer.o
    0x0800ddf0   0x00000088   Code   RO         4577    i.TimerStart        timer.o
    0x0800de78   0x000000ec   Code   RO         4578    i.TimerStop         timer.o
    0x0800df64   0x000000f0   Code   RO         3455    i.UART_AdvFeatureConfig  stm32l0xx_hal_uart.o
    0x0800e054   0x00000074   Code   RO         3456    i.UART_CheckIdleState  stm32l0xx_hal_uart.o
    0x0800e0c8   0x00000018   Code   RO         3457    i.UART_DMAAbortOnError  stm32l0xx_hal_uart.o
    0x0800e0e0   0x00000022   Code   RO         3467    i.UART_EndRxTransfer  stm32l0xx_hal_uart.o
    0x0800e102   0x00000020   Code   RO         3468    i.UART_EndTransmit_IT  stm32l0xx_hal_uart.o
    0x0800e122   0x00000090   Code   RO         3470    i.UART_Receive_IT   stm32l0xx_hal_uart.o
    0x0800e1b2   0x00000002   PAD
    0x0800e1b4   0x000003f0   Code   RO         3471    i.UART_SetConfig    stm32l0xx_hal_uart.o
    0x0800e5a4   0x00000072   Code   RO         3472    i.UART_Transmit_IT  stm32l0xx_hal_uart.o
    0x0800e616   0x00000070   Code   RO         3473    i.UART_WaitOnFlagUntilTimeout  stm32l0xx_hal_uart.o
    0x0800e686   0x00000002   PAD
    0x0800e688   0x00000058   Code   RO         6842    i.USART2_IRQHandler  stm32l0xx_it.o
    0x0800e6e0   0x00000080   Code   RO         6843    i.USART4_5_IRQHandler  stm32l0xx_it.o
    0x0800e760   0x0000011c   Code   RO         6937    i.User_Send_Api     user-app.o
    0x0800e87c   0x00000060   Code   RO         6938    i.User_send         user-app.o
    0x0800e8dc   0x00000044   Code   RO         6165    i.ValidatePayloadLength  loramac.o
    0x0800e920   0x00000012   Code   RO         6166    i.ValueInRange      loramac.o
    0x0800e932   0x00000002   PAD
    0x0800e934   0x00000020   Code   RO         7425    i.__0printf         mc_p.l(printfa.o)
    0x0800e954   0x0000002e   Code   RO         7621    i.__ARM_clz         mf_p.l(depilogue.o)
    0x0800e982   0x00000030   Code   RO         3758    i.__ARM_common_ll_muluu  stm32l0xx_hal_uart.o
    0x0800e9b2   0x0000001c   Code   RO         3383    i.__ARM_common_switch8  stm32l0xx_hal_tim.o
    0x0800e9ce   0x00000002   PAD
    0x0800e9d0   0x0000002c   Code   RO         7551    i.__ARM_fpclassify  m_ps.l(fpclassify.o)
    0x0800e9fc   0x000000ac   Code   RO         7569    i.__kernel_poly     m_ps.l(poly.o)
    0x0800eaa8   0x00000014   Code   RO         7527    i.__mathlib_dbl_divzero  m_ps.l(dunder.o)
    0x0800eabc   0x0000000a   Code   RO         7528    i.__mathlib_dbl_infnan  m_ps.l(dunder.o)
    0x0800eac6   0x00000008   Code   RO         7529    i.__mathlib_dbl_infnan2  m_ps.l(dunder.o)
    0x0800eace   0x00000010   Code   RO         7530    i.__mathlib_dbl_invalid  m_ps.l(dunder.o)
    0x0800eade   0x00000002   PAD
    0x0800eae0   0x00000014   Code   RO         7531    i.__mathlib_dbl_overflow  m_ps.l(dunder.o)
    0x0800eaf4   0x00000014   Code   RO         7533    i.__mathlib_dbl_underflow  m_ps.l(dunder.o)
    0x0800eb08   0x0000000e   Code   RO         7642    i.__scatterload_copy  mc_p.l(handlers.o)
    0x0800eb16   0x00000002   Code   RO         7643    i.__scatterload_null  mc_p.l(handlers.o)
    0x0800eb18   0x0000000e   Code   RO         7644    i.__scatterload_zeroinit  mc_p.l(handlers.o)
    0x0800eb26   0x00000002   PAD
    0x0800eb28   0x0000000c   Code   RO         7605    i.__set_errno       mc_p.l(errno.o)
    0x0800eb34   0x00000158   Code   RO         7432    i._fp_digits        mc_p.l(printfa.o)
    0x0800ec8c   0x000006ec   Code   RO         7433    i._printf_core      mc_p.l(printfa.o)
    0x0800f378   0x00000020   Code   RO         7434    i._printf_post_padding  mc_p.l(printfa.o)
    0x0800f398   0x0000002c   Code   RO         7435    i._printf_pre_padding  mc_p.l(printfa.o)
    0x0800f3c4   0x00000010   Code   RO         6691    i.add_round_key     aes.o
    0x0800f3d4   0x0000005a   Code   RO         6693    i.aes_encrypt       aes.o
    0x0800f42e   0x00000002   PAD
    0x0800f430   0x0000011c   Code   RO         6694    i.aes_set_key       aes.o
    0x0800f54c   0x00000034   Code   RO         6787    i.app_mac_cb        main.o
    0x0800f580   0x000000c8   Code   RO         7146    i.ceil              m_ps.l(ceil.o)
    0x0800f648   0x00000024   Code   RO         6695    i.copy_and_key      aes.o
    0x0800f66c   0x00000012   Code   RO         6696    i.copy_block        aes.o
    0x0800f67e   0x00000018   Code   RO         6697    i.copy_block_nn     aes.o
    0x0800f696   0x00000002   PAD
    0x0800f698   0x00000014   Code   RO         4519    i.delay_init        delay.o
    0x0800f6ac   0x00000018   Code   RO         4520    i.delay_ms          delay.o
    0x0800f6c4   0x00000048   Code   RO         4521    i.delay_us          delay.o
    0x0800f70c   0x0000027c   Code   RO         7542    i.exp               m_ps.l(exp.o)
    0x0800f988   0x00000120   Code   RO         7149    i.exp2              m_ps.l(exp2.o)
    0x0800faa8   0x000000c8   Code   RO         7154    i.floor             m_ps.l(floor.o)
    0x0800fb70   0x0000001c   Code   RO         4144    i.fputc             usart.o
    0x0800fb8c   0x00000070   Code   RO         7555    i.ldexp             m_ps.l(ldexp.o)
    0x0800fbfc   0x00000168   Code   RO         6788    i.main              main.o
    0x0800fd64   0x0000006c   Code   RO         7454    i.malloc            mc_p.l(malloc.o)
    0x0800fdd0   0x00000018   Code   RO         6636    i.memcpy1           utilities.o
    0x0800fde8   0x0000001c   Code   RO         6637    i.memcpyr           utilities.o
    0x0800fe04   0x00000010   Code   RO         6638    i.memset1           utilities.o
    0x0800fe14   0x00000284   Code   RO         6698    i.mix_sub_columns   aes.o
    0x08010098   0x00000090   Code   RO         7566    i.modf              m_ps.l(modf.o)
    0x08010128   0x000009fc   Code   RO         7158    i.pow               m_ps.l(pow.o)
    0x08010b24   0x00000030   Code   RO         6639    i.rand1             utilities.o
    0x08010b54   0x0000001a   Code   RO         6640    i.randr             utilities.o
    0x08010b6e   0x00000002   PAD
    0x08010b70   0x0000009c   Code   RO         7167    i.round             m_ps.l(round.o)
    0x08010c0c   0x00000070   Code   RO         6699    i.shift_sub_rows    aes.o
    0x08010c7c   0x00000048   Code   RO         7573    i.sqrt              m_ps.l(sqrt.o)
    0x08010cc4   0x0000000c   Code   RO         6641    i.srand1            utilities.o
    0x08010cd0   0x000000dc   Code   RO         6941    i.user_app_init     user-app.o
    0x08010dac   0x00000080   Code   RO         6942    i.user_app_send     user-app.o
    0x08010e2c   0x00000022   Code   RO         6700    i.xor_block         aes.o
    0x08010e4e   0x00000021   Data   RO           14    .constdata          system_stm32l0xx.o
    0x08010e6f   0x00000018   Data   RO         4401    .constdata          rtc-board.o
    0x08010e87   0x00000001   PAD
    0x08010e88   0x00000054   Data   RO         4775    .constdata          sx1276-board.o
    0x08010edc   0x00000140   Data   RO         5929    .constdata          sx1276.o
    0x0801101c   0x0000009f   Data   RO         6168    .constdata          loramac.o
    0x080110bb   0x00000300   Data   RO         6701    .constdata          aes.o
    0x080113bb   0x00000001   PAD
    0x080113bc   0x00000034   Data   RO         6790    .constdata          main.o
    0x080113f0   0x00000051   Data   RO         6844    .constdata          stm32l0xx_it.o
    0x08011441   0x00000013   Data   RO         6944    .constdata          user-app.o
    0x08011454   0x00000004   PAD
    0x08011458   0x00000088   Data   RO         7159    .constdata          m_ps.l(pow.o)
    0x080114e0   0x00000058   Data   RO         7543    .constdata          m_ps.l(exp.o)
    0x08011538   0x00000008   Data   RO         7571    .constdata          m_ps.l(qnan.o)
    0x08011540   0x00000040   Data   RO         7638    .constdata          mc_p.l(ctype_c.o)
    0x08011580   0x0000004f   Data   RO         5261    .conststring        power.o
    0x080115cf   0x00000001   PAD
    0x080115d0   0x000000dd   Data   RO         5703    .conststring        sensor.o
    0x080116ad   0x00000003   PAD
    0x080116b0   0x00000020   Data   RO         7640    Region$$Table       anon$$obj.o


    Execution Region RW_IRAM1 (Base: 0x20000000, Size: 0x00001bb0, Max: 0x00005000, ABSOLUTE, COMPRESSED[0x000000ec])

    Base Addr    Size         Type   Attr      Idx    E Section Name        Object

    0x20000000   0x00000004   Data   RW           15    .data               system_stm32l0xx.o
    0x20000004   0x00000004   Data   RW          249    .data               stm32l0xx_hal.o
    0x20000008   0x00000012   Data   RW         4402    .data               rtc-board.o
    0x2000001a   0x00000002   PAD
    0x2000001c   0x00000004   Data   RW         4522    .data               delay.o
    0x20000020   0x00000008   Data   RW         4579    .data               timer.o
    0x20000028   0x00000001   Data   RW         4776    .data               sx1276-board.o
    0x20000029   0x00000001   Data   RW         4948    .data               bq24195.o
    0x2000002a   0x00000002   PAD
    0x2000002c   0x00000006   Data   RW         5349    .data               board.o
    0x20000032   0x00000002   Data   RW         5506    .data               hdc1080.o
    0x20000034   0x00000001   Data   RW         5550    .data               max44009.o
    0x20000035   0x00000003   PAD
    0x20000038   0x00000121   Data   RW         5704    .data               sensor.o
    0x20000159   0x00000003   PAD
    0x2000015c   0x00000007   Data   RW         5930    .data               sx1276.o
    0x20000163   0x00000005   PAD
    0x20000168   0x000000da   Data   RW         6169    .data               loramac.o
    0x20000242   0x00000002   PAD
    0x20000244   0x00000010   Data   RW         6405    .data               loramac-api-v3.o
    0x20000254   0x00000020   Data   RW         6589    .data               loramaccrypto.o
    0x20000274   0x00000004   Data   RW         6642    .data               utilities.o
    0x20000278   0x00000008   Data   RW         6791    .data               main.o
    0x20000280   0x00000008   Data   RW         6845    .data               stm32l0xx_it.o
    0x20000288   0x000000a8   Data   RW         6945    .data               user-app.o
    0x20000330   0x00000041   Data   RW         7090    .data               lora-cad.o
    0x20000371   0x00000003   PAD
    0x20000374   0x00000004   Data   RW         7594    .data               mc_p.l(stdout.o)
    0x20000378   0x00000004   Data   RW         7601    .data               mc_p.l(mvars.o)
    0x2000037c   0x00000004   Data   RW         7602    .data               mc_p.l(mvars.o)
    0x20000380   0x00000004   Data   RW         7606    .data               mc_p.l(errno.o)
    0x20000384   0x000005b8   Zero   RW         4145    .bss                usart.o
    0x2000093c   0x000000d8   Zero   RW         4330    .bss                spi.o
    0x20000a14   0x00000024   Zero   RW         4400    .bss                rtc-board.o
    0x20000a38   0x00000060   Zero   RW         4885    .bss                adc.o
    0x20000a98   0x0000004c   Zero   RW         4983    .bss                i2c.o
    0x20000ae4   0x00000050   Zero   RW         5702    .bss                sensor.o
    0x20000b34   0x000000ba   Zero   RW         5776    .bss                gps.o
    0x20000bee   0x00000002   PAD
    0x20000bf0   0x0000019c   Zero   RW         5928    .bss                sx1276.o
    0x20000d8c   0x00000004   PAD
    0x20000d90   0x00000400   Zero   RW         6167    .bss                loramac.o
    0x20001190   0x00000024   Zero   RW         6404    .bss                loramac-api-v3.o
    0x200011b4   0x0000022c   Zero   RW         6588    .bss                loramaccrypto.o
    0x200013e0   0x00000014   Zero   RW         6789    .bss                main.o
    0x200013f4   0x000001a4   Zero   RW         6943    .bss                user-app.o
    0x20001598   0x00000014   Zero   RW         7089    .bss                lora-cad.o
    0x200015ac   0x00000004   PAD
    0x200015b0   0x00000200   Zero   RW            2    HEAP                startup_stm32l073xx.o
    0x200017b0   0x00000400   Zero   RW            1    STACK               startup_stm32l073xx.o


==============================================================================

Image component sizes


      Code (inc. data)   RO Data    RW Data    ZI Data      Debug   Object Name

       296         26          0          0         96       2426   adc.o
      1258         22        768          0          0      14196   aes.o
      1256        152          0          6          0       4747   board.o
       280         66          0          1          0       1808   bq24195.o
       674          0          0          0          0       3901   cmac.o
       128         14          0          4          0       2349   delay.o
       232         40          0          0          0       2057   gpio-board.o
       360         34          0          0          0       2685   gpio.o
       168         24          0          0        186       4395   gps.o
       576         54          0          2          0       4197   hdc1080.o
       220         40          0          0         76       2169   i2c.o
       980         98          0         65         20       4961   lora-cad.o
       872        144          0         16         36       6905   loramac-api-v3.o
     10702       1742        159        218       1024      30545   loramac.o
       696         46          0         32        556       7127   loramaccrypto.o
       580        232         52          8         20       4386   main.o
       304         24          0          1          0       2164   max44009.o
       344         42         79          0          0        683   power.o
       656         60          0          0          0       4992   rs485.o
      1924        364         24         18         36       8138   rtc-board.o
      2200        462        221        289         80       7891   sensor.o
       496        108          0          0        216       3988   spi.o
        28          8        192          0       1536        744   startup_stm32l073xx.o
       168         30          0          4          0       4940   stm32l0xx_hal.o
      1810         52          0          0          0       8160   stm32l0xx_hal_adc.o
       216          0          0          0          0       1450   stm32l0xx_hal_adc_ex.o
       288         36          0          0          0      12865   stm32l0xx_hal_cortex.o
       180          6          0          0          0       1087   stm32l0xx_hal_dma.o
       852         68          0          0          0       4162   stm32l0xx_hal_gpio.o
      2904         40          0          0          0      14774   stm32l0xx_hal_i2c.o
       224          0          0          0          0       1847   stm32l0xx_hal_i2c_ex.o
        92         14          0          0          0       1149   stm32l0xx_hal_pwr.o
        40          8          0          0          0       1017   stm32l0xx_hal_pwr_ex.o
      2716        116          0          0          0       6776   stm32l0xx_hal_rcc.o
      1592         54          0          0          0       2949   stm32l0xx_hal_rcc_ex.o
      1962         48          0          0          0       8602   stm32l0xx_hal_rtc.o
         2          0          0          0          0        920   stm32l0xx_hal_rtc_ex.o
      2456          0          0          0          0       6231   stm32l0xx_hal_spi.o
        28          0          0          0          0         76   stm32l0xx_hal_tim.o
      3026         68          0          0          0      12858   stm32l0xx_hal_uart.o
         2          0          0          0          0        900   stm32l0xx_hal_uart_ex.o
       482        124         81          8          0       5507   stm32l0xx_it.o
        26          0          0          0          0        972   stmflash.o
       122         22         84          1          0       5716   sx1276-board.o
      6904        386        320          7        412      25790   sx1276.o
       104         16         33          4          0     416079   system_stm32l0xx.o
       818         36          0          8          0       7320   timer.o
      1192        216          0          0       1464      20878   usart.o
      3146        732         19        168        420      15066   user-app.o
       604         70          0          0          0       7039   user_bq24195.o
       154         24          0          4          0       4003   utilities.o

    ----------------------------------------------------------------------
     57410       5968       2074        884       6188     726587   Object Totals
         0          0         32          0          0          0   (incl. Generated)
        70          0         10         20         10          0   (incl. Padding)

    ----------------------------------------------------------------------

      Code (inc. data)   RO Data    RW Data    ZI Data      Debug   Library Member Name

       200         20          0          0          0         76   ceil.o
        94         14          0          0          0        408   dunder.o
       636         94         88          0          0        132   exp.o
       288         32          0          0          0        104   exp2.o
       200         20          0          0          0         76   floor.o
        44          4          0          0          0         60   fpclassify.o
       112          0          0          0          0         72   ldexp.o
       144          8          0          0          0         76   modf.o
       172          0          0          0          0         76   poly.o
      2556        196        136          0          0        240   pow.o
         0          0          8          0          0          0   qnan.o
       156         14          0          0          0         84   round.o
        72          6          0          0          0         76   sqrt.o
        60         10          0          0          0         84   __0sscanf.o
        86          0          0          0          0          0   __dczerorl2.o
        30          0          0          0          0         60   _chval.o
       824         12          0          0          0         84   _scanf.o
       330          0          0          0          0         84   _scanf_int.o
        68          0          0          0          0         76   _sgetc.o
        36          4         64          0          0         60   ctype_c.o
         0          0          0          0          0          0   entry.o
         0          0          0          0          0          0   entry10a.o
         0          0          0          0          0          0   entry11a.o
         8          4          0          0          0          0   entry2.o
         4          0          0          0          0          0   entry5.o
         0          0          0          0          0          0   entry7b.o
         0          0          0          0          0          0   entry8b.o
         8          4          0          0          0          0   entry9a.o
        12          6          0          4          0         60   errno.o
        30          0          0          0          0          0   handlers.o
        40          0          0          0          0         72   idiv.o
        36          8          0          0          0         68   init.o
        14          0          0          0          0         68   isspace_c.o
         0          0          0          0          0          0   iusefp.o
       122          0          0          0          0         84   llmul.o
        32          0          0          0          0         68   llshl.o
        38          0          0          0          0         68   llsshr.o
        34          0          0          0          0         68   llushr.o
       108         16          0          0          0         76   malloc.o
        36          0          0          0          0         60   memcpya.o
        36          0          0          0          0        100   memseta.o
         0          0          0          8          0          0   mvars.o
      2224         98          0          0          0        412   printfa.o
        44          8          0          0          0         84   scanf_char.o
         0          0          0          4          0          0   stdout.o
        28          0          0          0          0         68   strcmp.o
        14          0          0          0          0         60   strlen.o
        44          0          0          0          0         72   uidiv.o
        96          0          0          0          0         84   uldiv.o
        40          2          0          0          0         68   cdcmple.o
        40          2          0          0          0         68   cdrcmple.o
        20          0          0          0          0         68   cfrcmple.o
        56          0          0          0          0         68   d2f.o
       356          4          0          0          0        140   dadd.o
       240          6          0          0          0         84   ddiv.o
       236          0          0          0          0        216   depilogue.o
        72         10          0          0          0         72   dfixi.o
        60         10          0          0          0         68   dfixui.o
        64         10          0          0          0         68   dfixul.o
        40          6          0          0          0         68   dflti.o
        28          4          0          0          0         68   dfltui.o
        28          6          0          0          0         68   dfltul.o
       208          6          0          0          0         88   dmul.o
       124         10          0          0          0         76   drnd.o
        44          0          0          0          0         72   dscalb.o
       162          0          0          0          0         80   dsqrt.o
        40          0          0          0          0         60   f2d.o
       178          0          0          0          0        108   fadd.o
       124          0          0          0          0         72   fdiv.o
       130          0          0          0          0        144   fepilogue.o
        40          0          0          0          0         60   ffixui.o
        14          0          0          0          0         68   ffltui.o
       122          0          0          0          0         72   fmul.o

    ----------------------------------------------------------------------
     11596        654        296         16          0       5524   Library Totals
        14          0          0          0          0          0   (incl. Padding)

    ----------------------------------------------------------------------

      Code (inc. data)   RO Data    RW Data    ZI Data      Debug   Library Name

      4674        408        232          0          0       1480   m_ps.l
      4442        170         64         16          0       2020   mc_p.l
      2466         76          0          0          0       2024   mf_p.l

    ----------------------------------------------------------------------
     11596        654        296         16          0       5524   Library Totals

    ----------------------------------------------------------------------

==============================================================================


      Code (inc. data)   RO Data    RW Data    ZI Data      Debug   

     69006       6622       2370        900       6188     714535   Grand Totals
     69006       6622       2370        236       6188     714535   ELF Image Totals (compressed)
     69006       6622       2370        236          0          0   ROM Totals

==============================================================================

    Total RO  Size (Code + RO Data)                71376 (  69.70kB)
    Total RW  Size (RW Data + ZI Data)              7088 (   6.92kB)
    Total ROM Size (Code + RO Data + RW Data)      71612 (  69.93kB)

==============================================================================

