<html>
<body>
<pre>
<h1>礦ision Build Log</h1>
<h2>Tool Versions:</h2>
IDE-Version: μVision V5.26.2.0
Copyright (C) 2018 ARM Ltd and ARM Germany GmbH. All rights reserved.
License Information: 1 1, 1, LIC=D0DX7-E77UH-AD1KK-ZFQBU-QE6BS-TPHYZ
 
Tool Versions:
Toolchain:       MDK-ARM Plus  Version: 5.26.2.0
Toolchain Path:  D:\mysaftware\mdk526\ARM\ARMCC\Bin
C Compiler:      Armcc.exe V5.06 update 6 (build 750)
Assembler:       Armasm.exe V5.06 update 6 (build 750)
Linker/Locator:  ArmLink.exe V5.06 update 6 (build 750)
Library Manager: ArmAr.exe V5.06 update 6 (build 750)
Hex Converter:   FromElf.exe V5.06 update 6 (build 750)
CPU DLL:         SARMCM3.DLL V5.26.2.0
Dialog DLL:      DARMSTMDLL
Target DLL:      STLink\ST-LINKIII-KEIL_SWO.dll V3.0.5.0
Dialog DLL:      TARMCM1.DLL V1.14.0.0
 
<h2>Project:</h2>
E:\NBI项目\NBI_LoRa\NBI_LoRa代码版本\灌溉\NB_LoRawan-V2.0.1 - class- C\MDK_5.12\stm32L073_mode.uvprojx
Project File Date:  11/19/2018

<h2>Output:</h2>
*** Using Compiler 'V5.06 update 6 (build 750)', folder: 'D:\mysaftware\mdk526\ARM\ARMCC\Bin'
Build target 'STM32L0_MODE'
assembling startup_stm32l073xx.s...
compiling system_stm32l0xx.c...
compiling stm32l0xx_hal.c...
compiling stm32l0xx_hal_adc.c...
compiling stm32l0xx_hal_comp.c...
compiling stm32l0xx_hal_adc_ex.c...
compiling stm32l0xx_hal_comp_ex.c...
compiling stm32l0xx_hal_cortex.c...
compiling stm32l0xx_hal_crc.c...
compiling stm32l0xx_hal_crc_ex.c...
compiling stm32l0xx_hal_cryp.c...
compiling stm32l0xx_hal_cryp_ex.c...
compiling stm32l0xx_hal_dac.c...
compiling stm32l0xx_hal_dac_ex.c...
compiling stm32l0xx_hal_dma.c...
compiling stm32l0xx_hal_firewall.c...
compiling stm32l0xx_hal_flash.c...
compiling stm32l0xx_hal_flash_ex.c...
compiling stm32l0xx_hal_gpio.c...
compiling stm32l0xx_hal_flash_ramfunc.c...
compiling stm32l0xx_hal_i2c.c...
compiling stm32l0xx_hal_i2c_ex.c...
compiling stm32l0xx_hal_i2s.c...
compiling stm32l0xx_hal_irda.c...
compiling stm32l0xx_hal_iwdg.c...
compiling stm32l0xx_hal_lcd.c...
compiling stm32l0xx_hal_lptim.c...
compiling stm32l0xx_hal_msp_template.c...
compiling stm32l0xx_hal_pcd_ex.c...
compiling stm32l0xx_hal_pcd.c...
compiling stm32l0xx_hal_pwr.c...
compiling stm32l0xx_hal_pwr_ex.c...
compiling stm32l0xx_hal_rcc.c...
compiling stm32l0xx_hal_rng.c...
compiling stm32l0xx_hal_rcc_ex.c...
compiling stm32l0xx_hal_rtc.c...
compiling stm32l0xx_hal_smartcard_ex.c...
compiling stm32l0xx_hal_rtc_ex.c...
compiling stm32l0xx_hal_smartcard.c...
compiling stm32l0xx_hal_smbus.c...
compiling stm32l0xx_hal_spi.c...
compiling stm32l0xx_hal_tim.c...
compiling stm32l0xx_hal_tim_ex.c...
compiling stm32l0xx_hal_tsc.c...
compiling stm32l0xx_hal_uart.c...
compiling stm32l0xx_hal_uart_ex.c...
compiling stm32l0xx_ll_adc.c...
compiling stm32l0xx_hal_usart.c...
compiling stm32l0xx_hal_wwdg.c...
compiling stm32l0xx_ll_comp.c...
compiling stm32l0xx_ll_crc.c...
compiling stm32l0xx_ll_crs.c...
compiling stm32l0xx_ll_dac.c...
compiling stm32l0xx_ll_exti.c...
compiling stm32l0xx_ll_dma.c...
compiling stm32l0xx_ll_gpio.c...
compiling stm32l0xx_ll_i2c.c...
compiling stm32l0xx_ll_lptim.c...
compiling stm32l0xx_ll_lpuart.c...
compiling stm32l0xx_ll_pwr.c...
compiling stm32l0xx_ll_rcc.c...
compiling stm32l0xx_ll_rng.c...
compiling stm32l0xx_ll_rtc.c...
compiling stm32l0xx_ll_spi.c...
compiling stm32l0xx_ll_tim.c...
compiling stm32l0xx_ll_usart.c...
compiling stm32l0xx_ll_utils.c...
compiling usart.c...
compiling spi.c...
compiling rtc-board.c...
compiling timer.c...
compiling delay.c...
compiling gpio-board.c...
compiling sx1276-board.c...
compiling timer-board.c...
compiling dma.c...
compiling adc.c...
compiling bq24195.c...
compiling i2c.c...
compiling power.c...
compiling user_bq24195.c...
compiling solen-vale.c...
compiling sensor.c...
compiling gps.c...
compiling key.c...
compiling board.c...
compiling gpio.c...
compiling stmflash.c...
compiling sx1276.c...
compiling LoRaMac.c...
compiling LoRaMacCrypto.c...
compiling aes.c...
compiling cmac.c...
compiling LoRaMac-api-v3.c...
compiling utilities.c...
compiling stm32l0xx_it.c...
compiling main.c...
compiling user-app.c...
..\USER\user-app.c(605): warning:  #188-D: enumerated type mixed with another type
  					if( user_app_send(LoRaFrameTypes, &RF_Send_Data.Send_Buf[RF_Send_Data.Len], RF_Send_Data.TX_Len, 1) == 0 )
..\USER\user-app.c: 1 warning, 0 errors
compiling LoRa-cad.c...
linking...
Program Size: Code=66678 RO-data=2166 RW-data=604 ZI-data=5508  
FromELF: creating hex file...
".\Objects\stm32L073_mode.axf" - 0 Error(s), 1 Warning(s).

<h2>Software Packages used:</h2>

Package Vendor: Keil
                http://www.keil.com/pack/Keil.STM32L0xx_DFP.2.0.0.pack
                Keil.STM32L0xx_DFP.2.0.0
                STMicroelectronics STM32L0 Series Device Support, Drivers and Examples

<h2>Collection of Component include folders:</h2>
  .\RTE\_STM32L0_MODE
  D:\mysaftware\mdk526\ARM\PACK\Keil\STM32L0xx_DFP\2.0.0\Drivers\CMSIS\Device\ST\STM32L0xx\Include

<h2>Collection of Component Files used:</h2>
Build Time Elapsed:  00:01:42
</pre>
</body>
</html>
