<html>
<body>
<pre>
<h1>礦ision Build Log</h1>
<h2>Tool Versions:</h2>
IDE-Version: μVision V5.18a
Copyright (C) 2016 ARM Ltd and ARM Germany GmbH. All rights reserved.
License Information: 1 1, 1, LIC=47GUH-W4VVP-NNYAF-6ZR8V-6JJC2-KE6L9
 
Tool Versions:
Toolchain:       MDK-ARM Standard  Version: 5.18a
Toolchain Path:  D:\mysaftware\keil_5.12\ARM\ARMCC\Bin
C Compiler:      Armcc.exe V5.06 update 1 (build 61)
Assembler:       Armasm.exe V5.06 update 1 (build 61)
Linker/Locator:  ArmLink.exe V5.06 update 1 (build 61)
Library Manager: ArmAr.exe V5.06 update 1 (build 61)
Hex Converter:   FromElf.exe V5.06 update 1 (build 61)
CPU DLL:         SARMCM3.DLL V5.18a
Dialog DLL:      DARMSTMDLL
Target DLL:      STLink\ST-LINKIII-KEIL_SWO.dll V2.0.18.0
Dialog DLL:      TARMCM1.DLL V1.9.0.0
 
<h2>Project:</h2>
E:\NBI项目\NBI_LoRa\NBI_LoRa代码版本\NB_LoRawan-V2.0.2 -watcherPRO2\MDK_5.12\stm32L073_mode.uvprojx
Project File Date:  01/17/2018

<h2>Output:</h2>
*** Using Compiler 'V5.06 update 1 (build 61)', folder: 'D:\mysaftware\keil_5.12\ARM\ARMCC\Bin'
Build target 'STM32L0_MODE'
compiling LoRaMac.c...
linking...
Program Size: Code=69006 RO-data=2370 RW-data=900 ZI-data=6188  
FromELF: creating hex file...
".\Objects\watcherPRO_V2.0.1" - 0 Error(s), 0 Warning(s).

<h2>Collection of Component include folders:</h2>
  E:\NBI项目\NBI_LoRa\NBI_LoRa代码版本\NB_LoRawan-V2.0.2 -watcherPRO2\MDK_5.12\RTE
  D:\mysaftware\keil_5.12\ARM\PACK\Keil\STM32L0xx_DFP\1.6.0\Device\Include

<h2>Collection of Component Files used:</h2>
Build Time Elapsed:  00:00:03
</pre>
</body>
</html>
