Component: ARM Compiler 5.06 update 6 (build 750) Tool: armlink [4d35ed]

==============================================================================

Section Cross References

    startup_stm32l073xx.o(RESET) refers to startup_stm32l073xx.o(STACK) for __initial_sp
    startup_stm32l073xx.o(RESET) refers to startup_stm32l073xx.o(.text) for Reset_Handler
    startup_stm32l073xx.o(RESET) refers to stm32l0xx_it.o(i.NMI_Handler) for NMI_Handler
    startup_stm32l073xx.o(RESET) refers to stm32l0xx_it.o(i.HardFault_Handler) for HardFault_Handler
    startup_stm32l073xx.o(RESET) refers to stm32l0xx_it.o(i.SVC_Handler) for SVC_Handler
    startup_stm32l073xx.o(RESET) refers to stm32l0xx_it.o(i.PendSV_Handler) for PendSV_Handler
    startup_stm32l073xx.o(RESET) refers to stm32l0xx_it.o(i.SysTick_Handler) for SysTick_Handler
    startup_stm32l073xx.o(RESET) refers to stm32l0xx_it.o(i.RTC_IRQHandler) for RTC_IRQHandler
    startup_stm32l073xx.o(RESET) refers to gpio-board.o(i.EXTI0_1_IRQHandler) for EXTI0_1_IRQHandler
    startup_stm32l073xx.o(RESET) refers to gpio-board.o(i.EXTI2_3_IRQHandler) for EXTI2_3_IRQHandler
    startup_stm32l073xx.o(RESET) refers to gpio-board.o(i.EXTI4_15_IRQHandler) for EXTI4_15_IRQHandler
    startup_stm32l073xx.o(RESET) refers to stm32l0xx_it.o(i.USART4_5_IRQHandler) for USART4_5_IRQHandler
    startup_stm32l073xx.o(RESET) refers to stm32l0xx_it.o(i.USART2_IRQHandler) for USART2_IRQHandler
    startup_stm32l073xx.o(.text) refers to system_stm32l0xx.o(i.SystemInit) for SystemInit
    startup_stm32l073xx.o(.text) refers to entry.o(.ARM.Collect$$$$00000000) for __main
    system_stm32l0xx.o(i.SystemCoreClockUpdate) refers to uidiv.o(.text) for __aeabi_uidivmod
    system_stm32l0xx.o(i.SystemCoreClockUpdate) refers to system_stm32l0xx.o(.data) for SystemCoreClock
    system_stm32l0xx.o(i.SystemCoreClockUpdate) refers to system_stm32l0xx.o(.constdata) for PLLMulTable
    stm32l0xx_hal.o(i.HAL_DeInit) refers to stm32l0xx_hal.o(i.HAL_MspDeInit) for HAL_MspDeInit
    stm32l0xx_hal.o(i.HAL_Delay) refers to stm32l0xx_hal.o(i.HAL_GetTick) for HAL_GetTick
    stm32l0xx_hal.o(i.HAL_GetTick) refers to stm32l0xx_hal.o(.data) for uwTick
    stm32l0xx_hal.o(i.HAL_IncTick) refers to stm32l0xx_hal.o(.data) for uwTick
    stm32l0xx_hal.o(i.HAL_Init) refers to stm32l0xx_hal.o(i.HAL_InitTick) for HAL_InitTick
    stm32l0xx_hal.o(i.HAL_Init) refers to stm32l0xx_hal.o(i.HAL_MspInit) for HAL_MspInit
    stm32l0xx_hal.o(i.HAL_InitTick) refers to uidiv.o(.text) for __aeabi_uidivmod
    stm32l0xx_hal.o(i.HAL_InitTick) refers to stm32l0xx_hal_cortex.o(i.HAL_SYSTICK_Config) for HAL_SYSTICK_Config
    stm32l0xx_hal.o(i.HAL_InitTick) refers to stm32l0xx_hal_cortex.o(i.HAL_NVIC_SetPriority) for HAL_NVIC_SetPriority
    stm32l0xx_hal.o(i.HAL_InitTick) refers to system_stm32l0xx.o(.data) for SystemCoreClock
    stm32l0xx_hal_adc.o(i.ADC_ConversionStop) refers to stm32l0xx_hal.o(i.HAL_GetTick) for HAL_GetTick
    stm32l0xx_hal_adc.o(i.ADC_DMAConvCplt) refers to stm32l0xx_hal_adc.o(i.HAL_ADC_ConvCpltCallback) for HAL_ADC_ConvCpltCallback
    stm32l0xx_hal_adc.o(i.ADC_DMAError) refers to stm32l0xx_hal_adc.o(i.HAL_ADC_ErrorCallback) for HAL_ADC_ErrorCallback
    stm32l0xx_hal_adc.o(i.ADC_DMAHalfConvCplt) refers to stm32l0xx_hal_adc.o(i.HAL_ADC_ConvHalfCpltCallback) for HAL_ADC_ConvHalfCpltCallback
    stm32l0xx_hal_adc.o(i.ADC_DelayMicroSecond) refers to uidiv.o(.text) for __aeabi_uidivmod
    stm32l0xx_hal_adc.o(i.ADC_DelayMicroSecond) refers to system_stm32l0xx.o(.data) for SystemCoreClock
    stm32l0xx_hal_adc.o(i.ADC_Disable) refers to stm32l0xx_hal.o(i.HAL_GetTick) for HAL_GetTick
    stm32l0xx_hal_adc.o(i.ADC_Enable) refers to stm32l0xx_hal_adc.o(i.ADC_DelayMicroSecond) for ADC_DelayMicroSecond
    stm32l0xx_hal_adc.o(i.ADC_Enable) refers to stm32l0xx_hal.o(i.HAL_GetTick) for HAL_GetTick
    stm32l0xx_hal_adc.o(i.HAL_ADC_ConfigChannel) refers to stm32l0xx_hal_adc.o(i.ADC_DelayMicroSecond) for ADC_DelayMicroSecond
    stm32l0xx_hal_adc.o(i.HAL_ADC_DeInit) refers to stm32l0xx_hal_adc.o(i.ADC_ConversionStop) for ADC_ConversionStop
    stm32l0xx_hal_adc.o(i.HAL_ADC_DeInit) refers to stm32l0xx_hal_adc.o(i.ADC_Disable) for ADC_Disable
    stm32l0xx_hal_adc.o(i.HAL_ADC_DeInit) refers to adc.o(i.HAL_ADC_MspDeInit) for HAL_ADC_MspDeInit
    stm32l0xx_hal_adc.o(i.HAL_ADC_IRQHandler) refers to stm32l0xx_hal_adc.o(i.HAL_ADC_ConvCpltCallback) for HAL_ADC_ConvCpltCallback
    stm32l0xx_hal_adc.o(i.HAL_ADC_IRQHandler) refers to stm32l0xx_hal_adc.o(i.HAL_ADC_LevelOutOfWindowCallback) for HAL_ADC_LevelOutOfWindowCallback
    stm32l0xx_hal_adc.o(i.HAL_ADC_IRQHandler) refers to stm32l0xx_hal_adc.o(i.HAL_ADC_ErrorCallback) for HAL_ADC_ErrorCallback
    stm32l0xx_hal_adc.o(i.HAL_ADC_Init) refers to adc.o(i.HAL_ADC_MspInit) for HAL_ADC_MspInit
    stm32l0xx_hal_adc.o(i.HAL_ADC_PollForConversion) refers to stm32l0xx_hal.o(i.HAL_GetTick) for HAL_GetTick
[...]
    LoRaMacJoinComputeSKeys                  0x080077f5   Thumb Code   136  loramaccrypto.o(i.LoRaMacJoinComputeSKeys)
    LoRaMacJoinDecrypt                       0x08007881   Thumb Code    60  loramaccrypto.o(i.LoRaMacJoinDecrypt)
    LoRaMacMcpsRequest                       0x080078c1   Thumb Code   302  loramac.o(i.LoRaMacMcpsRequest)
    LoRaMacMibGetRequestConfirm              0x08007a11   Thumb Code   298  loramac.o(i.LoRaMacMibGetRequestConfirm)
    LoRaMacMibSetRequestConfirm              0x08007b99   Thumb Code   430  loramac.o(i.LoRaMacMibSetRequestConfirm)
    LoRaMacPayloadDecrypt                    0x08007d9d   Thumb Code    36  loramaccrypto.o(i.LoRaMacPayloadDecrypt)
    LoRaMacPayloadEncrypt                    0x08007dc1   Thumb Code   210  loramaccrypto.o(i.LoRaMacPayloadEncrypt)
    LoRaMacSendConfirmedFrame                0x08007ea1   Thumb Code   134  loramac-api-v3.o(i.LoRaMacSendConfirmedFrame)
    LoRaMacSendFrame                         0x08007f4d   Thumb Code   118  loramac-api-v3.o(i.LoRaMacSendFrame)
    LoRaMacSetAdrOn                          0x08007fc9   Thumb Code    18  loramac-api-v3.o(i.LoRaMacSetAdrOn)
    LoRaMacTestSetDutyCycleOn                0x08007fdd   Thumb Code     6  loramac.o(i.LoRaMacTestSetDutyCycleOn)
    LoRaPower_Init                           0x08007fe9   Thumb Code   136  gpio.o(i.LoRaPower_Init)
    LoRa_Cad_Init                            0x08008079   Thumb Code    16  lora-cad.o(i.LoRa_Cad_Init)
    LoRa_Cad_Mode                            0x0800808d   Thumb Code   696  lora-cad.o(i.LoRa_Cad_Mode)
    Location_Led                             0x08008375   Thumb Code    16  gps.o(i.Location_Led)
    MX_ADC_Init                              0x08008385   Thumb Code    88  adc.o(i.MX_ADC_Init)
    MX_I2C2_Init                             0x080083e5   Thumb Code    80  i2c.o(i.MX_I2C2_Init)
    MX_USART1_UART_Init                      0x08008441   Thumb Code    58  usart.o(i.MX_USART1_UART_Init)
    MX_USART2_UART_Init                      0x08008485   Thumb Code    84  usart.o(i.MX_USART2_UART_Init)
    MX_USART5_UART_Init                      0x080084e5   Thumb Code    84  usart.o(i.MX_USART5_UART_Init)
    Max44009ReadLux                          0x08008545   Thumb Code   258  max44009.o(i.Max44009ReadLux)
    NMEA_Comma_Pos                           0x08008811   Thumb Code    50  gps.o(i.NMEA_Comma_Pos)
    NMEA_GPGLL_Analysis                      0x08008845   Thumb Code   518  gps.o(i.NMEA_GPGLL_Analysis)
    NMEA_Pow                                 0x08008a5d   Thumb Code    26  gps.o(i.NMEA_Pow)
    NMEA_Str2num                             0x08008a77   Thumb Code   256  gps.o(i.NMEA_Str2num)
    NMI_Handler                              0x08008b77   Thumb Code     2  stm32l0xx_it.o(i.NMI_Handler)
    OnCsmaTimerEvent                         0x08008c41   Thumb Code    16  lora-cad.o(i.OnCsmaTimerEvent)
    OnGpsTimerEvent                          0x08008c59   Thumb Code    58  gps.o(i.OnGpsTimerEvent)
    OnMacEvent                               0x08008ca1   Thumb Code   452  user-app.o(i.OnMacEvent)
    OnRadioCadDone                           0x08009251   Thumb Code    28  loramac.o(i.OnRadioCadDone)
    OnReportTimerEvent                       0x08009d09   Thumb Code    30  user-app.o(i.OnReportTimerEvent)
    OnRxWindow1TimerEvent                    0x08009d41   Thumb Code   100  loramac.o(i.OnRxWindow1TimerEvent)
    OnRxWindow2TimerEvent                    0x08009dc5   Thumb Code   106  loramac.o(i.OnRxWindow2TimerEvent)
    OncadTimerEvent                          0x08009ebd   Thumb Code    36  main.o(i.OncadTimerEvent)
    OnsleepTimerEvent                        0x08009f11   Thumb Code    38  main.o(i.OnsleepTimerEvent)
    PendSV_Handler                           0x08009f51   Thumb Code     2  stm32l0xx_it.o(i.PendSV_Handler)
    PollingRs485                             0x08009f55   Thumb Code   116  sensor.o(i.PollingRs485)
    PowerDisble_Led                          0x08009ff1   Thumb Code    18  user-app.o(i.PowerDisble_Led)
    PowerEnable_Led                          0x0800a003   Thumb Code    16  user-app.o(i.PowerEnable_Led)
    PowerXY                                  0x0800a013   Thumb Code    26  user-app.o(i.PowerXY)
    PrepareFrame                             0x0800a02d   Thumb Code   936  loramac.o(i.PrepareFrame)
    QueryRs485Addr                           0x0800a93d   Thumb Code    84  sensor.o(i.QueryRs485Addr)
    QueryRs485Data                           0x0800a9cd   Thumb Code   190  sensor.o(i.QueryRs485Data)
    QueryRs485DataByAddr                     0x0800aa99   Thumb Code    74  sensor.o(i.QueryRs485DataByAddr)
    RTC_Bcd2ToByte                           0x0800ab81   Thumb Code    26  stm32l0xx_hal_rtc.o(i.RTC_Bcd2ToByte)
    RTC_ByteToBcd2                           0x0800ab9b   Thumb Code    26  stm32l0xx_hal_rtc.o(i.RTC_ByteToBcd2)
    RTC_EnterInitMode                        0x0800abb5   Thumb Code    66  stm32l0xx_hal_rtc.o(i.RTC_EnterInitMode)
    RTC_IRQHandler                           0x0800abf9   Thumb Code    16  stm32l0xx_it.o(i.RTC_IRQHandler)
    RTC_Init                                 0x0800ac11   Thumb Code   158  rtc-board.o(i.RTC_Init)
    Read_Flash_Data                          0x0800acd9   Thumb Code   346  user-app.o(i.Read_Flash_Data)
    RtcDelayMs                               0x0800af31   Thumb Code    52  rtc-board.o(i.RtcDelayMs)
    RtcGetMinimumTimeout                     0x0800b0b1   Thumb Code    18  rtc-board.o(i.RtcGetMinimumTimeout)
    RtcGetTimerElapsedTime                   0x0800b0cd   Thumb Code    68  rtc-board.o(i.RtcGetTimerElapsedTime)
    RtcGetTimerValue                         0x0800b11d   Thumb Code    52  rtc-board.o(i.RtcGetTimerValue)
    RtcSetTimeout                            0x0800b159   Thumb Code    76  rtc-board.o(i.RtcSetTimeout)
    Rx_Led                                   0x0800b689   Thumb Code    54  user-app.o(i.Rx_Led)
    SPI1_Init                                0x0800b6c1   Thumb Code    68  spi.o(i.SPI1_Init)
    SPI1_NSS                                 0x0800b725   Thumb Code   100  spi.o(i.SPI1_NSS)
    SPI1_Read                                0x0800b78d   Thumb Code    42  spi.o(i.SPI1_Read)
    SPI1_Write                               0x0800b7d5   Thumb Code    34  spi.o(i.SPI1_Write)
    STMFLASH_Read                            0x0800b929   Thumb Code    26  stmflash.o(i.STMFLASH_Read)
    SVC_Handler                              0x0800b943   Thumb Code     2  stm32l0xx_it.o(i.SVC_Handler)
    SX1276AntSwDeInit                        0x0800b945   Thumb Code     8  sx1276-board.o(i.SX1276AntSwDeInit)
    SX1276AntSwInit                          0x0800b951   Thumb Code     8  sx1276-board.o(i.SX1276AntSwInit)
    SX1276CheckRfFrequency                   0x0800b95d   Thumb Code     6  sx1276-board.o(i.SX1276CheckRfFrequency)
    SX1276EXTI_Init                          0x0800b965   Thumb Code   104  gpio.o(i.SX1276EXTI_Init)
    SX1276GPIO_Init                          0x0800b9dd   Thumb Code    66  gpio.o(i.SX1276GPIO_Init)
    SX1276GetPaSelect                        0x0800ba29   Thumb Code    16  sx1276-board.o(i.SX1276GetPaSelect)
    SX1276GetStatus                          0x0800ba3d   Thumb Code     6  sx1276.o(i.SX1276GetStatus)
    SX1276GetTimeOnAir                       0x0800ba49   Thumb Code   816  sx1276.o(i.SX1276GetTimeOnAir)
    SX1276Init                               0x0800bda9   Thumb Code   106  sx1276.o(i.SX1276Init)
    SX1276IoInit                             0x0800be31   Thumb Code    12  sx1276-board.o(i.SX1276IoInit)
    SX1276IsChannelFree                      0x0800be3d   Thumb Code    58  sx1276.o(i.SX1276IsChannelFree)
    SX1276OnDio0Irq                          0x0800be79   Thumb Code   940  sx1276.o(i.SX1276OnDio0Irq)
    SX1276OnDio1Irq                          0x0800c249   Thumb Code   354  sx1276.o(i.SX1276OnDio1Irq)
    SX1276OnDio2Irq                          0x0800c3bd   Thumb Code   320  sx1276.o(i.SX1276OnDio2Irq)
    SX1276OnTimeoutIrq                       0x0800c50d   Thumb Code   190  sx1276.o(i.SX1276OnTimeoutIrq)
    SX1276Random                             0x0800c5f1   Thumb Code    64  sx1276.o(i.SX1276Random)
    SX1276Read                               0x0800c631   Thumb Code    20  sx1276.o(i.SX1276Read)
    SX1276ReadBuffer                         0x0800c645   Thumb Code    60  sx1276.o(i.SX1276ReadBuffer)
    SX1276ReadFifo                           0x0800c681   Thumb Code    18  sx1276.o(i.SX1276ReadFifo)
    SX1276ReadRssi                           0x0800c695   Thumb Code    76  sx1276.o(i.SX1276ReadRssi)
    SX1276Reset                              0x0800c6e9   Thumb Code    38  sx1276.o(i.SX1276Reset)
    SX1276Send                               0x0800c715   Thumb Code   294  sx1276.o(i.SX1276Send)
    SX1276SetAntSw                           0x0800c841   Thumb Code    18  sx1276-board.o(i.SX1276SetAntSw)
    SX1276SetAntSwLowPower                   0x0800c859   Thumb Code    32  sx1276-board.o(i.SX1276SetAntSwLowPower)
    SX1276SetChannel                         0x0800c87d   Thumb Code    68  sx1276.o(i.SX1276SetChannel)
    SX1276SetMaxPayloadLength                0x0800c8c9   Thumb Code    54  sx1276.o(i.SX1276SetMaxPayloadLength)
    SX1276SetModem                           0x0800c905   Thumb Code   124  sx1276.o(i.SX1276SetModem)
    SX1276SetOpMode                          0x0800c985   Thumb Code    76  sx1276.o(i.SX1276SetOpMode)
    SX1276SetRx                              0x0800c9d5   Thumb Code   904  sx1276.o(i.SX1276SetRx)
    SX1276SetRxConfig                        0x0800cd95   Thumb Code   696  sx1276.o(i.SX1276SetRxConfig)
    SX1276SetSleep                           0x0800d055   Thumb Code    28  sx1276.o(i.SX1276SetSleep)
    SX1276SetStby                            0x0800d07d   Thumb Code    28  sx1276.o(i.SX1276SetStby)
    SX1276SetTx                              0x0800d0a5   Thumb Code   194  sx1276.o(i.SX1276SetTx)
    SX1276SetTxConfig                        0x0800d171   Thumb Code   842  sx1276.o(i.SX1276SetTxConfig)
    SX1276StartCad                           0x0800d4c9   Thumb Code    68  sx1276.o(i.SX1276StartCad)
    SX1276Write                              0x0800d511   Thumb Code    16  sx1276.o(i.SX1276Write)
    SX1276WriteBuffer                        0x0800d521   Thumb Code    62  sx1276.o(i.SX1276WriteBuffer)
    SX1276WriteFifo                          0x0800d55f   Thumb Code    18  sx1276.o(i.SX1276WriteFifo)
    SX1278_Send                              0x0800d571   Thumb Code   658  user-app.o(i.SX1278_Send)
    SamplingData                             0x0800d8a1   Thumb Code  1504  sensor.o(i.SamplingData)
    Send                                     0x0800df6d   Thumb Code   132  loramac.o(i.Send)
    SendDone_Led                             0x0800dffd   Thumb Code    54  user-app.o(i.SendDone_Led)
    SendFrameOnChannel                       0x0800e035   Thumb Code   400  loramac.o(i.SendFrameOnChannel)
    SetBatteryRechargeThreshold              0x0800e205   Thumb Code    46  user_bq24195.o(i.SetBatteryRechargeThreshold)
    SetChargeType                            0x0800e233   Thumb Code    46  user_bq24195.o(i.SetChargeType)
    SetEnableChargeTimer                     0x0800e261   Thumb Code    64  user_bq24195.o(i.SetEnableChargeTimer)
    SetHighImpedanceMode                     0x0800e2a1   Thumb Code    64  user_bq24195.o(i.SetHighImpedanceMode)
    SetInputCurrentLimit                     0x0800e2e1   Thumb Code    46  user_bq24195.o(i.SetInputCurrentLimit)
    SetInputVoltageLimit                     0x0800e30f   Thumb Code    46  user_bq24195.o(i.SetInputVoltageLimit)
    SetMiniSysVoltage                        0x0800e33d   Thumb Code    46  user_bq24195.o(i.SetMiniSysVoltage)
    SetRtcAlarm                              0x0800e669   Thumb Code   168  rtc-board.o(i.SetRtcAlarm)
    SetWdgTimer                              0x0800e751   Thumb Code    46  user_bq24195.o(i.SetWdgTimer)
    String_Conversion                        0x0800e781   Thumb Code    54  user-app.o(i.String_Conversion)
    SymbolTime                               0x0800e7bd   Thumb Code   172  lora-cad.o(i.SymbolTime)
    SysTick_Handler                          0x0800e87d   Thumb Code    32  stm32l0xx_it.o(i.SysTick_Handler)
    SystemClockConfig                        0x0800e8a5   Thumb Code   176  board.o(i.SystemClockConfig)
    SystemInit                               0x0800e959   Thumb Code    88  system_stm32l0xx.o(i.SystemInit)
    TimerGetCurrentTime                      0x0800e9e1   Thumb Code     8  timer.o(i.TimerGetCurrentTime)
    TimerGetValue                            0x0800e9e9   Thumb Code     8  timer.o(i.TimerGetValue)
    TimerInit                                0x0800e9f1   Thumb Code    14  timer.o(i.TimerInit)
    TimerIrqHandler                          0x0800eaa5   Thumb Code   160  timer.o(i.TimerIrqHandler)
    TimerSetValue                            0x0800eb61   Thumb Code    32  timer.o(i.TimerSetValue)
    TimerStart                               0x0800eb81   Thumb Code   132  timer.o(i.TimerStart)
    TimerStop                                0x0800ec09   Thumb Code   232  timer.o(i.TimerStop)
    UART_AdvFeatureConfig                    0x0800ecf5   Thumb Code   240  stm32l0xx_hal_uart.o(i.UART_AdvFeatureConfig)
    UART_CheckIdleState                      0x0800ede5   Thumb Code   112  stm32l0xx_hal_uart.o(i.UART_CheckIdleState)
    UART_SetConfig                           0x0800ef45   Thumb Code   954  stm32l0xx_hal_uart.o(i.UART_SetConfig)
    UART_WaitOnFlagUntilTimeout              0x0800f3a7   Thumb Code   112  stm32l0xx_hal_uart.o(i.UART_WaitOnFlagUntilTimeout)
    USART2_IRQHandler                        0x0800f419   Thumb Code    80  stm32l0xx_it.o(i.USART2_IRQHandler)
    USART4_5_IRQHandler                      0x0800f471   Thumb Code    92  stm32l0xx_it.o(i.USART4_5_IRQHandler)
    User_Send_Api                            0x0800f4f1   Thumb Code   274  user-app.o(i.User_Send_Api)
    User_send                                0x0800f621   Thumb Code    90  user-app.o(i.User_send)
    __0printf                                0x0800f6d9   Thumb Code    24  printfa.o(i.__0printf)
    __1printf                                0x0800f6d9   Thumb Code     0  printfa.o(i.__0printf)
    __2printf                                0x0800f6d9   Thumb Code     0  printfa.o(i.__0printf)
    __c89printf                              0x0800f6d9   Thumb Code     0  printfa.o(i.__0printf)
    printf                                   0x0800f6d9   Thumb Code     0  printfa.o(i.__0printf)
    __ARM_clz                                0x0800f6f9   Thumb Code    46  depilogue.o(i.__ARM_clz)
    __ARM_common_ll_muluu                    0x0800f727   Thumb Code    48  stm32l0xx_hal_uart.o(i.__ARM_common_ll_muluu)
    __ARM_common_switch8                     0x0800f757   Thumb Code    28  stm32l0xx_hal_tim.o(i.__ARM_common_switch8)
    __ARM_fpclassify                         0x0800f775   Thumb Code    40  fpclassify.o(i.__ARM_fpclassify)
    __kernel_poly                            0x0800f7a1   Thumb Code   172  poly.o(i.__kernel_poly)
    __mathlib_dbl_divzero                    0x0800f84d   Thumb Code    16  dunder.o(i.__mathlib_dbl_divzero)
    __mathlib_dbl_infnan                     0x0800f861   Thumb Code    10  dunder.o(i.__mathlib_dbl_infnan)
    __mathlib_dbl_infnan2                    0x0800f86b   Thumb Code     8  dunder.o(i.__mathlib_dbl_infnan2)
    __mathlib_dbl_invalid                    0x0800f873   Thumb Code    16  dunder.o(i.__mathlib_dbl_invalid)
    __mathlib_dbl_overflow                   0x0800f885   Thumb Code    16  dunder.o(i.__mathlib_dbl_overflow)
    __mathlib_dbl_underflow                  0x0800f899   Thumb Code    14  dunder.o(i.__mathlib_dbl_underflow)
    __scatterload_copy                       0x0800f8ad   Thumb Code    14  handlers.o(i.__scatterload_copy)
    __scatterload_null                       0x0800f8bb   Thumb Code     2  handlers.o(i.__scatterload_null)
    __scatterload_zeroinit                   0x0800f8bd   Thumb Code    14  handlers.o(i.__scatterload_zeroinit)
    __set_errno                              0x0800f8cd   Thumb Code     6  errno.o(i.__set_errno)
    aes_encrypt                              0x08010195   Thumb Code    90  aes.o(i.aes_encrypt)
    aes_set_key                              0x080101f1   Thumb Code   280  aes.o(i.aes_set_key)
    app_mac_cb                               0x0801030d   Thumb Code    44  main.o(i.app_mac_cb)
    ceil                                     0x08010341   Thumb Code   180  ceil.o(i.ceil)
    delay_init                               0x08010459   Thumb Code    16  delay.o(i.delay_init)
    delay_ms                                 0x0801046d   Thumb Code    24  delay.o(i.delay_ms)
    delay_us                                 0x08010485   Thumb Code    62  delay.o(i.delay_us)
    exp                                      0x080104cd   Thumb Code   542  exp.o(i.exp)
    exp2                                     0x08010749   Thumb Code   256  exp2.o(i.exp2)
    floor                                    0x08010869   Thumb Code   180  floor.o(i.floor)
    fputc                                    0x08010931   Thumb Code    20  usart.o(i.fputc)
    ldexp                                    0x0801094d   Thumb Code   112  ldexp.o(i.ldexp)
    main                                     0x080109bd   Thumb Code   282  main.o(i.main)
    malloc                                   0x08010b5d   Thumb Code    92  malloc.o(i.malloc)
    memcpy1                                  0x08010bc9   Thumb Code    24  utilities.o(i.memcpy1)
    memcpyr                                  0x08010be1   Thumb Code    28  utilities.o(i.memcpyr)
    memset1                                  0x08010bfd   Thumb Code    16  utilities.o(i.memset1)
    modf                                     0x08010e91   Thumb Code   136  modf.o(i.modf)
    pow                                      0x08010f21   Thumb Code  2548  pow.o(i.pow)
    rand1                                    0x0801191d   Thumb Code    30  utilities.o(i.rand1)
    randr                                    0x0801194d   Thumb Code    26  utilities.o(i.randr)
    round                                    0x08011969   Thumb Code   142  round.o(i.round)
    sqrt                                     0x08011a75   Thumb Code    66  sqrt.o(i.sqrt)
    srand1                                   0x08011abd   Thumb Code     6  utilities.o(i.srand1)
    user_app_init                            0x08011ac9   Thumb Code   150  user-app.o(i.user_app_init)
    user_app_send                            0x08011bad   Thumb Code   120  user-app.o(i.user_app_send)
    AHBPrescTable                            0x08011c4e   Data          16  system_stm32l0xx.o(.constdata)
    APBPrescTable                            0x08011c5e   Data           8  system_stm32l0xx.o(.constdata)
    PLLMulTable                              0x08011c66   Data           9  system_stm32l0xx.o(.constdata)
    Radio                                    0x08011c88   Data          84  sx1276-board.o(.constdata)
    RadioRegsInit                            0x08011cdc   Data          45  sx1276.o(.constdata)
    FskBandwidths                            0x08011d0a   Data         132  sx1276.o(.constdata)
    Datarates                                0x08011dee   Data           8  loramac.o(.constdata)
    MaxPayloadOfDatarate                     0x08011df6   Data           8  loramac.o(.constdata)
    MaxPayloadOfDatarateRepeater             0x08011dfe   Data           8  loramac.o(.constdata)
    TxPowers                                 0x08011e06   Data           6  loramac.o(.constdata)
    __mathlib_zero                           0x080122e0   Data           8  qnan.o(.constdata)
    __ctype_categories                       0x080122e8   Data          64  ctype_c.o(.constdata)
    Region$$Table$$Base                      0x08012458   Number         0  anon$$obj.o(Region$$Table)
    Region$$Table$$Limit                     0x08012478   Number         0  anon$$obj.o(Region$$Table)
    SystemCoreClock                          0x20000000   Data           4  system_stm32l0xx.o(.data)
    uwTick                                   0x20000004   Data           4  stm32l0xx_hal.o(.data)
    RtcInitialized                           0x20000008   Data           1  rtc-board.o(.data)
    HasLoopedThroughMain                     0x20000021   Data           1  timer.o(.data)
    device_type                              0x20000029   Data           1  bq24195.o(.data)
    system_time                              0x2000002c   Data           4  board.o(.data)
    McuInitialized                           0x20000030   Data           1  board.o(.data)
    sendwkup                                 0x20000031   Data           1  board.o(.data)
    TESTMID                                  0x20000032   Data           2  hdc1080.o(.data)
    LUX_ADDR                                 0x20000034   Data           1  max44009.o(.data)
    sensors_char                             0x20000038   Data           8  sensor.o(.data)
    SAMPLE_SIZE                              0x20000040   Data           1  sensor.o(.data)
    rs485Tag                                 0x20000042   Data          12  sensor.o(.data)
    fieldInfo                                0x2000004e   Data         102  sensor.o(.data)
    rs485Devices                             0x200000b4   Data         120  sensor.o(.data)
    AirTH_INT_ID                             0x2000012c   Data           1  sensor.o(.data)
    sensor_time                              0x20000130   Data           4  sensor.o(.data)
    Rs485Tag_UNKNOW                          0x20000134   Data           1  sensor.o(.data)
    Set_air_time                             0x2000013c   Data           1  sx1276.o(.data)
    readfifo                                 0x2000013d   Data           1  sx1276.o(.data)
    Channel                                  0x200001d1   Data           1  loramac.o(.data)
    LoRaMacState                             0x200001d4   Data           4  loramac.o(.data)
    TxTimeOnAir                              0x20000200   Data           8  loramac.o(.data)
    LoRaMacFlags                             0x20000209   Data           1  loramac.o(.data)
    loramac_rx_info                          0x2000023c   Data           4  main.o(.data)
    loramac_evt                              0x20000240   Data           1  main.o(.data)
    test_rtc_state                           0x20000241   Data           1  main.o(.data)
    first_time                               0x20000242   Data           1  main.o(.data)
    test_cad                                 0x20000243   Data           1  main.o(.data)
    TimerOverTime                            0x20000244   Data           4  stm32l0xx_it.o(.data)
    Send_time                                0x20000248   Data           4  stm32l0xx_it.o(.data)
    mac_callback_g                           0x2000024c   Data           4  user-app.o(.data)
    IsNetworkJoined                          0x20000250   Data           1  user-app.o(.data)
    JoinReq_flag                             0x20000251   Data           1  user-app.o(.data)
    DevEui                                   0x20000252   Data           8  user-app.o(.data)
    RF_Send_Data                             0x2000028c   Data          88  user-app.o(.data)
    Get_Flash_Datas                          0x200002e4   Data           8  user-app.o(.data)
    sys_sta                                  0x200002ec   Data           1  user-app.o(.data)
    LoRaFrameType                            0x200002ed   Data           1  user-app.o(.data)
    Unique_ID                                0x200002ee   Data           4  user-app.o(.data)
    ReportTimerEvent                         0x200002f2   Data           1  user-app.o(.data)
    SleepTimerEvent                          0x200002f3   Data           1  user-app.o(.data)
    LoRaCad                                  0x200002f4   Data          62  lora-cad.o(.data)
    CSMATimerEvent                           0x20000332   Data           1  lora-cad.o(.data)
    __stdout                                 0x20000334   Data           4  stdout.o(.data)
    __microlib_freelist                      0x20000338   Data           4  mvars.o(.data)
    __microlib_freelist_initialised          0x2000033c   Data           4  mvars.o(.data)
    huart1                                   0x20000344   Data         112  usart.o(.bss)
    huart2                                   0x200003b4   Data         112  usart.o(.bss)
    huart5                                   0x20000424   Data         112  usart.o(.bss)
    UART_RX_DATA2                            0x20000494   Data         526  usart.o(.bss)
    UART_RX_DATA5                            0x200006a2   Data         526  usart.o(.bss)
    Set_Gps_Ack                              0x200008b0   Data          70  usart.o(.bss)
    hspi1                                    0x200008f8   Data          88  spi.o(.bss)
    hdma_spi1_tx                             0x20000950   Data          64  spi.o(.bss)
    hdma_spi1_rx                             0x20000990   Data          64  spi.o(.bss)
    RtcHandle                                0x200009d0   Data          36  rtc-board.o(.bss)
    hadc                                     0x200009f4   Data          96  adc.o(.bss)
    hi2c2                                    0x20000a54   Data          76  i2c.o(.bss)
    samples                                  0x20000aa0   Data          48  sensor.o(.bss)
    rs485Buf                                 0x20000ad0   Data          32  sensor.o(.bss)
    GPSTimer                                 0x20000af0   Data          20  gps.o(.bss)
    gpsx                                     0x20000b04   Data         166  gps.o(.bss)
    SX1276                                   0x20000cac   Data          86  sx1276.o(.bss)
    TxTimeoutTimer                           0x20000d04   Data          20  sx1276.o(.bss)
    RxTimeoutTimer                           0x20000d18   Data          20  sx1276.o(.bss)
    RxTimeoutSyncWord                        0x20000d2c   Data          20  sx1276.o(.bss)
    CadTimer                                 0x20001378   Data          20  main.o(.bss)
    JoinReqTimer                             0x2000138c   Data          20  user-app.o(.bss)
    RxInfo                                   0x200013a0   Data         264  user-app.o(.bss)
    LoRapp_SenSor_States                     0x200014a8   Data          10  user-app.o(.bss)
    AppEui                                   0x200014b2   Data          16  user-app.o(.bss)
    AppKey                                   0x200014c2   Data          32  user-app.o(.bss)
    String_Buffer                            0x200014e2   Data          33  user-app.o(.bss)
    ReportTimer                              0x20001504   Data          20  user-app.o(.bss)
    SleepTimer                               0x20001518   Data          20  user-app.o(.bss)
    CSMATimer                                0x2000152c   Data          20  lora-cad.o(.bss)
    __heap_base                              0x20001540   Data           0  startup_stm32l073xx.o(HEAP)
    __heap_limit                             0x20001740   Data           0  startup_stm32l073xx.o(HEAP)
    __initial_sp                             0x20001b40   Data           0  startup_stm32l073xx.o(STACK)



==============================================================================

Memory Map of the image

  Image Entry point : 0x080000c1

  Load Region LR_IROM1 (Base: 0x08000000, Size: 0x000127bc, Max: 0x00020000, ABSOLUTE, COMPRESSED[0x00012564])

    Execution Region ER_IROM1 (Exec base: 0x08000000, Load base: 0x08000000, Size: 0x00012478, Max: 0x00020000, ABSOLUTE)

    Exec Addr    Load Addr    Size         Type   Attr      Idx    E Section Name        Object

    0x08000000   0x08000000   0x000000c0   Data   RO            3    RESET               startup_stm32l073xx.o
    0x080000c0   0x080000c0   0x00000000   Code   RO         7183  * .ARM.Collect$$$$00000000  mc_p.l(entry.o)
    0x080000c0   0x080000c0   0x00000004   Code   RO         7598    .ARM.Collect$$$$00000001  mc_p.l(entry2.o)
    0x080000c4   0x080000c4   0x00000004   Code   RO         7601    .ARM.Collect$$$$00000004  mc_p.l(entry5.o)
    0x080000c8   0x080000c8   0x00000000   Code   RO         7603    .ARM.Collect$$$$00000008  mc_p.l(entry7b.o)
    0x080000c8   0x080000c8   0x00000000   Code   RO         7605    .ARM.Collect$$$$0000000A  mc_p.l(entry8b.o)
    0x080000c8   0x080000c8   0x00000008   Code   RO         7606    .ARM.Collect$$$$0000000B  mc_p.l(entry9a.o)
    0x080000d0   0x080000d0   0x00000000   Code   RO         7608    .ARM.Collect$$$$0000000D  mc_p.l(entry10a.o)
    0x080000d0   0x080000d0   0x00000000   Code   RO         7610    .ARM.Collect$$$$0000000F  mc_p.l(entry11a.o)
    0x080000d0   0x080000d0   0x00000004   Code   RO         7599    .ARM.Collect$$$$00002712  mc_p.l(entry2.o)
    0x080000d4   0x080000d4   0x0000001c   Code   RO            4    .text               startup_stm32l073xx.o
    0x080000f0   0x080000f0   0x0000002c   Code   RO         7186    .text               mc_p.l(uidiv.o)
    0x0800011c   0x0800011c   0x00000028   Code   RO         7188    .text               mc_p.l(idiv.o)
    0x08000144   0x08000144   0x00000060   Code   RO         7190    .text               mc_p.l(uldiv.o)
    0x080001a4   0x080001a4   0x0000007a   Code   RO         7192    .text               mc_p.l(llmul.o)
    0x0800021e   0x0800021e   0x00000024   Code   RO         7194    .text               mc_p.l(memcpya.o)
    0x08000242   0x08000242   0x00000024   Code   RO         7196    .text               mc_p.l(memseta.o)
    0x08000266   0x08000266   0x00000028   Code   RO         7198    .text               mc_p.l(strstr.o)
    0x0800028e   0x0800028e   0x0000000e   Code   RO         7200    .text               mc_p.l(strlen.o)
    0x0800029c   0x0800029c   0x0000001c   Code   RO         7202    .text               mc_p.l(strcmp.o)
    0x080002b8   0x080002b8   0x00000014   Code   RO         7495    .text               mc_p.l(uread4.o)
    0x080002cc   0x080002cc   0x0000001c   Code   RO         7497    .text               mc_p.l(uread8.o)
    0x080002e8   0x080002e8   0x00000012   Code   RO         7499    .text               mc_p.l(uwrite4.o)
    0x080002fa   0x080002fa   0x0000001e   Code   RO         7501    .text               mc_p.l(uwrite8.o)
    0x08000318   0x08000318   0x0000003c   Code   RO         7503    .text               mc_p.l(__0sscanf.o)
    0x08000354   0x08000354   0x0000014a   Code   RO         7505    .text               mc_p.l(_scanf_int.o)
    0x0800049e   0x0800049e   0x000000b2   Code   RO         7507    .text               mf_p.l(fadd.o)
    0x08000550   0x08000550   0x0000007a   Code   RO         7509    .text               mf_p.l(fmul.o)
    0x080005ca   0x080005ca   0x0000007c   Code   RO         7511    .text               mf_p.l(fdiv.o)
    0x08000646   0x08000646   0x00000002   PAD
    0x08000648   0x08000648   0x00000164   Code   RO         7513    .text               mf_p.l(dadd.o)
    0x080007ac   0x080007ac   0x000000d0   Code   RO         7515    .text               mf_p.l(dmul.o)
    0x0800087c   0x0800087c   0x000000f0   Code   RO         7517    .text               mf_p.l(ddiv.o)
    0x0800096c   0x0800096c   0x0000000e   Code   RO         7519    .text               mf_p.l(ffltui.o)
    0x0800097a   0x0800097a   0x00000002   PAD
    0x0800097c   0x0800097c   0x00000028   Code   RO         7521    .text               mf_p.l(dflti.o)
    0x080009a4   0x080009a4   0x0000001c   Code   RO         7523    .text               mf_p.l(dfltui.o)
    0x080009c0   0x080009c0   0x0000001c   Code   RO         7525    .text               mf_p.l(dfltul.o)
    0x080009dc   0x080009dc   0x00000028   Code   RO         7527    .text               mf_p.l(ffixui.o)
    0x08000a04   0x08000a04   0x00000048   Code   RO         7529    .text               mf_p.l(dfixi.o)
    0x08000a4c   0x08000a4c   0x0000003c   Code   RO         7531    .text               mf_p.l(dfixui.o)
    0x08000a88   0x08000a88   0x00000040   Code   RO         7533    .text               mf_p.l(dfixul.o)
    0x08000ac8   0x08000ac8   0x00000028   Code   RO         7535    .text               mf_p.l(f2d.o)
    0x08000af0   0x08000af0   0x00000028   Code   RO         7537    .text               mf_p.l(cdcmple.o)
    0x08000b18   0x08000b18   0x00000028   Code   RO         7539    .text               mf_p.l(cdrcmple.o)
    0x08000b40   0x08000b40   0x00000038   Code   RO         7541    .text               mf_p.l(d2f.o)
    0x08000b78   0x08000b78   0x00000014   Code   RO         7543    .text               mf_p.l(cfrcmple.o)
    0x08000b8c   0x08000b8c   0x00000020   Code   RO         7613    .text               mc_p.l(llshl.o)
    0x08000bac   0x08000bac   0x00000022   Code   RO         7615    .text               mc_p.l(llushr.o)
    0x08000bce   0x08000bce   0x00000026   Code   RO         7617    .text               mc_p.l(llsshr.o)
    0x08000bf4   0x08000bf4   0x0000001e   Code   RO         7628    .text               mc_p.l(_chval.o)
    0x08000c12   0x08000c12   0x00000002   PAD
    0x08000c14   0x08000c14   0x0000002c   Code   RO         7630    .text               mc_p.l(scanf_char.o)
    0x08000c40   0x08000c40   0x00000044   Code   RO         7632    .text               mc_p.l(_sgetc.o)
    0x08000c84   0x08000c84   0x00000000   Code   RO         7634    .text               mc_p.l(iusefp.o)
    0x08000c84   0x08000c84   0x00000082   Code   RO         7635    .text               mf_p.l(fepilogue.o)
    0x08000d06   0x08000d06   0x000000be   Code   RO         7637    .text               mf_p.l(depilogue.o)
    0x08000dc4   0x08000dc4   0x0000002c   Code   RO         7641    .text               mf_p.l(dscalb.o)
    0x08000df0   0x08000df0   0x0000007c   Code   RO         7643    .text               mf_p.l(drnd.o)
    0x08000e6c   0x08000e6c   0x00000024   Code   RO         7645    .text               mc_p.l(init.o)
    0x08000e90   0x08000e90   0x0000000e   Code   RO         7647    .text               mc_p.l(isspace_c.o)
    0x08000e9e   0x08000e9e   0x00000002   PAD
    0x08000ea0   0x08000ea0   0x00000338   Code   RO         7649    .text               mc_p.l(_scanf.o)
    0x080011d8   0x080011d8   0x000000a2   Code   RO         7651    .text               mf_p.l(dsqrt.o)
    0x0800127a   0x0800127a   0x00000002   PAD
    0x0800127c   0x0800127c   0x00000024   Code   RO         7655    .text               mc_p.l(ctype_c.o)
    0x080012a0   0x080012a0   0x00000056   Code   RO         7666    .text               mc_p.l(__dczerorl2.o)
    0x080012f6   0x080012f6   0x0000006c   Code   RO          395    i.ADC_ConversionStop  stm32l0xx_hal_adc.o
    0x08001362   0x08001362   0x00000002   PAD
    0x08001364   0x08001364   0x0000002c   Code   RO          399    i.ADC_DelayMicroSecond  stm32l0xx_hal_adc.o
    0x08001390   0x08001390   0x0000009c   Code   RO          400    i.ADC_Disable       stm32l0xx_hal_adc.o
    0x0800142c   0x0800142c   0x000000a4   Code   RO          401    i.ADC_Enable        stm32l0xx_hal_adc.o
    0x080014d0   0x080014d0   0x000001aa   Code   RO         6766    i.AES_CMAC_Final    cmac.o
    0x0800167a   0x0800167a   0x00000020   Code   RO         6767    i.AES_CMAC_Init     cmac.o
    0x0800169a   0x0800169a   0x00000014   Code   RO         6768    i.AES_CMAC_SetKey   cmac.o
    0x080016ae   0x080016ae   0x000000c4   Code   RO         6769    i.AES_CMAC_Update   cmac.o
    0x08001772   0x08001772   0x00000002   PAD
    0x08001774   0x08001774   0x0000008c   Code   RO         4885    i.AdcReadParameter  adc.o
    0x08001800   0x08001800   0x00000144   Code   RO         6142    i.AddMacCommand     loramac.o
    0x08001944   0x08001944   0x0000006c   Code   RO         6143    i.AdrNextDr         loramac.o
    0x080019b0   0x080019b0   0x00000290   Code   RO         5344    i.BoardDeInitMcu    board.o
    0x08001c40   0x08001c40   0x00000020   Code   RO         5345    i.BoardGetBatteryLevel  board.o
    0x08001c60   0x08001c60   0x0000010c   Code   RO         5348    i.BoardInitMcu      board.o
    0x08001d6c   0x08001d6c   0x000000a8   Code   RO         5349    i.BoardUniquedeviceID  board.o
    0x08001e14   0x08001e14   0x00000018   Code   RO         5024    i.Bq24195EnableCharge  user_bq24195.o
    0x08001e2c   0x08001e2c   0x00000058   Code   RO         5026    i.Bq24195ReadByte   user_bq24195.o
    0x08001e84   0x08001e84   0x00000058   Code   RO         5029    i.Bq24195WriteByte  user_bq24195.o
    0x08001edc   0x08001edc   0x00000040   Code   RO         5635    i.CalcCRC16         rs485.o
    0x08001f1c   0x08001f1c   0x00000158   Code   RO         5264    i.CheckBattery      power.o
    0x08002074   0x08002074   0x00000068   Code   RO         5693    i.ControlExtendBox  sensor.o
    0x080020dc   0x080020dc   0x0000003a   Code   RO         6934    i.Convert16To10     user-app.o
    0x08002116   0x08002116   0x0000000c   Code   RO         4522    i.DelayMs           delay.o
    0x08002122   0x08002122   0x0000003e   Code   RO         6144    i.DisableChannelInMask  loramac.o
    0x08002160   0x08002160   0x00000050   Code   RO         5636    i.Disable_485_Power  rs485.o
    0x080021b0   0x080021b0   0x00000010   Code   RO         4847    i.EXTI0_1_IRQHandler  gpio-board.o
    0x080021c0   0x080021c0   0x00000010   Code   RO         4848    i.EXTI2_3_IRQHandler  gpio-board.o
    0x080021d0   0x080021d0   0x0000005c   Code   RO         4849    i.EXTI4_15_IRQHandler  gpio-board.o
    0x0800222c   0x0800222c   0x00000010   Code   RO         5637    i.Enble_485_Power   rs485.o
    0x0800223c   0x0800223c   0x00000014   Code   RO         6798    i.Error_Handler     main.o
    0x08002250   0x08002250   0x00000038   Code   RO         6935    i.Error_Led         user-app.o
    0x08002288   0x08002288   0x00000154   Code   RO         5638    i.ExcuteRs485Command  rs485.o
    0x080023dc   0x080023dc   0x00000050   Code   RO         5773    i.GPS_Disable       gps.o
    0x0800242c   0x0800242c   0x00000014   Code   RO         5774    i.GPS_Enable        gps.o
    0x08002440   0x08002440   0x00000044   Code   RO         5775    i.GPS_Init          gps.o
    0x08002484   0x08002484   0x00000048   Code   RO         5908    i.GetFskBandwidthRegValue  sx1276.o
    0x080024cc   0x080024cc   0x000003e4   Code   RO         5776    i.Get_Gps_Position  gps.o
    0x080028b0   0x080028b0   0x00000094   Code   RO         7097    i.Get_max           lora-cad.o
    0x08002944   0x08002944   0x00000014   Code   RO         5418    i.GpioWrite         gpio.o
    0x08002958   0x08002958   0x00000054   Code   RO         6936    i.GpsSendAgainTime  user-app.o
    0x080029ac   0x080029ac   0x00000180   Code   RO         5777    i.Gps_Set           gps.o
    0x08002b2c   0x08002b2c   0x000000d8   Code   RO          578    i.HAL_ADCEx_Calibration_Start  stm32l0xx_hal_adc_ex.o
    0x08002c04   0x08002c04   0x00000148   Code   RO          403    i.HAL_ADC_ConfigChannel  stm32l0xx_hal_adc.o
    0x08002d4c   0x08002d4c   0x00000006   Code   RO          409    i.HAL_ADC_GetState  stm32l0xx_hal_adc.o
    0x08002d52   0x08002d52   0x00000008   Code   RO          410    i.HAL_ADC_GetValue  stm32l0xx_hal_adc.o
    0x08002d5a   0x08002d5a   0x00000002   PAD
    0x08002d5c   0x08002d5c   0x00000234   Code   RO          412    i.HAL_ADC_Init      stm32l0xx_hal_adc.o
    0x08002f90   0x08002f90   0x0000003c   Code   RO         4887    i.HAL_ADC_MspInit   adc.o
    0x08002fcc   0x08002fcc   0x000000e8   Code   RO          416    i.HAL_ADC_PollForConversion  stm32l0xx_hal_adc.o
    0x080030b4   0x080030b4   0x00000078   Code   RO          418    i.HAL_ADC_Start     stm32l0xx_hal_adc.o
    0x0800312c   0x0800312c   0x00000050   Code   RO          421    i.HAL_ADC_Stop      stm32l0xx_hal_adc.o
    0x0800317c   0x0800317c   0x000000b4   Code   RO          832    i.HAL_DMA_Abort_IT  stm32l0xx_hal_dma.o
    0x08003230   0x08003230   0x0000001a   Code   RO          233    i.HAL_Delay         stm32l0xx_hal.o
    0x0800324a   0x0800324a   0x00000002   PAD
    0x0800324c   0x0800324c   0x00000128   Code   RO         1229    i.HAL_GPIO_DeInit   stm32l0xx_hal_gpio.o
    0x08003374   0x08003374   0x0000006c   Code   RO         4850    i.HAL_GPIO_EXTI_Callback  gpio-board.o
    0x080033e0   0x080033e0   0x00000020   Code   RO         1231    i.HAL_GPIO_EXTI_IRQHandler  stm32l0xx_hal_gpio.o
    0x08003400   0x08003400   0x000001f8   Code   RO         1232    i.HAL_GPIO_Init     stm32l0xx_hal_gpio.o
    0x080035f8   0x080035f8   0x00000008   Code   RO         1235    i.HAL_GPIO_TogglePin  stm32l0xx_hal_gpio.o
    0x08003600   0x08003600   0x0000000c   Code   RO         1236    i.HAL_GPIO_WritePin  stm32l0xx_hal_gpio.o
    0x0800360c   0x0800360c   0x0000000c   Code   RO          237    i.HAL_GetTick       stm32l0xx_hal.o
    0x08003618   0x08003618   0x0000006e   Code   RO         1715    i.HAL_I2CEx_ConfigAnalogFilter  stm32l0xx_hal_i2c_ex.o
    0x08003686   0x08003686   0x00000072   Code   RO         1716    i.HAL_I2CEx_ConfigDigitalFilter  stm32l0xx_hal_i2c_ex.o
    0x080036f8   0x080036f8   0x00000042   Code   RO         1293    i.HAL_I2C_DeInit    stm32l0xx_hal_i2c.o
    0x0800373a   0x0800373a   0x00000002   PAD
    0x0800373c   0x0800373c   0x000000d4   Code   RO         1302    i.HAL_I2C_Init      stm32l0xx_hal_i2c.o
    0x08003810   0x08003810   0x00000180   Code   RO         1308    i.HAL_I2C_Master_Receive  stm32l0xx_hal_i2c.o
    0x08003990   0x08003990   0x0000017c   Code   RO         1313    i.HAL_I2C_Master_Transmit  stm32l0xx_hal_i2c.o
    0x08003b0c   0x08003b0c   0x000001c4   Code   RO         1318    i.HAL_I2C_Mem_Read  stm32l0xx_hal_i2c.o
    0x08003cd0   0x08003cd0   0x000001c4   Code   RO         1321    i.HAL_I2C_Mem_Write  stm32l0xx_hal_i2c.o
    0x08003e94   0x08003e94   0x00000034   Code   RO         4984    i.HAL_I2C_MspDeInit  i2c.o
    0x08003ec8   0x08003ec8   0x0000004c   Code   RO         4985    i.HAL_I2C_MspInit   i2c.o
    0x08003f14   0x08003f14   0x00000010   Code   RO          238    i.HAL_IncTick       stm32l0xx_hal.o
    0x08003f24   0x08003f24   0x00000020   Code   RO          239    i.HAL_Init          stm32l0xx_hal.o
    0x08003f44   0x08003f44   0x00000028   Code   RO          240    i.HAL_InitTick      stm32l0xx_hal.o
    0x08003f6c   0x08003f6c   0x00000002   Code   RO          242    i.HAL_MspInit       stm32l0xx_hal.o
    0x08003f6e   0x08003f6e   0x00000002   PAD
    0x08003f70   0x08003f70   0x00000018   Code   RO          634    i.HAL_NVIC_DisableIRQ  stm32l0xx_hal_cortex.o
    0x08003f88   0x08003f88   0x00000018   Code   RO          635    i.HAL_NVIC_EnableIRQ  stm32l0xx_hal_cortex.o
    0x08003fa0   0x08003fa0   0x00000012   Code   RO          639    i.HAL_NVIC_SetPriority  stm32l0xx_hal_cortex.o
    0x08003fb2   0x08003fb2   0x00000002   PAD
    0x08003fb4   0x08003fb4   0x00000014   Code   RO         1881    i.HAL_PWREx_DisableFastWakeUp  stm32l0xx_hal_pwr_ex.o
    0x08003fc8   0x08003fc8   0x00000014   Code   RO         1886    i.HAL_PWREx_EnableUltraLowPower  stm32l0xx_hal_pwr_ex.o
    0x08003fdc   0x08003fdc   0x00000014   Code   RO         1768    i.HAL_PWR_DisablePVD  stm32l0xx_hal_pwr.o
    0x08003ff0   0x08003ff0   0x00000014   Code   RO         1773    i.HAL_PWR_EnablePVD  stm32l0xx_hal_pwr.o
    0x08004004   0x08004004   0x00000048   Code   RO         1779    i.HAL_PWR_EnterSTOPMode  stm32l0xx_hal_pwr.o
    0x0800404c   0x0800404c   0x0000038c   Code   RO         2049    i.HAL_RCCEx_GetPeriphCLKFreq  stm32l0xx_hal_rcc_ex.o
    0x080043d8   0x080043d8   0x000002ac   Code   RO         2052    i.HAL_RCCEx_PeriphCLKConfig  stm32l0xx_hal_rcc_ex.o
    0x08004684   0x08004684   0x000001f8   Code   RO         1938    i.HAL_RCC_ClockConfig  stm32l0xx_hal_rcc.o
    0x0800487c   0x0800487c   0x0000000c   Code   RO         1942    i.HAL_RCC_GetHCLKFreq  stm32l0xx_hal_rcc.o
    0x08004888   0x08004888   0x00000024   Code   RO         1944    i.HAL_RCC_GetPCLK1Freq  stm32l0xx_hal_rcc.o
    0x080048ac   0x080048ac   0x00000024   Code   RO         1945    i.HAL_RCC_GetPCLK2Freq  stm32l0xx_hal_rcc.o
    0x080048d0   0x080048d0   0x000000e4   Code   RO         1946    i.HAL_RCC_GetSysClockFreq  stm32l0xx_hal_rcc.o
    0x080049b4   0x080049b4   0x000006d4   Code   RO         1949    i.HAL_RCC_OscConfig  stm32l0xx_hal_rcc.o
    0x08005088   0x08005088   0x00000002   Code   RO         2296    i.HAL_RTCEx_AlarmBEventCallback  stm32l0xx_hal_rtc_ex.o
    0x0800508a   0x0800508a   0x00000002   PAD
    0x0800508c   0x0800508c   0x000000ec   Code   RO         6849    i.HAL_RTC_AlarmAEventCallback  stm32l0xx_it.o
    0x08005178   0x08005178   0x00000088   Code   RO         2163    i.HAL_RTC_AlarmIRQHandler  stm32l0xx_hal_rtc.o
    0x08005200   0x08005200   0x00000112   Code   RO         2165    i.HAL_RTC_DeactivateAlarm  stm32l0xx_hal_rtc.o
    0x08005312   0x08005312   0x00000002   PAD
    0x08005314   0x08005314   0x0000005c   Code   RO         2167    i.HAL_RTC_GetDate   stm32l0xx_hal_rtc.o
    0x08005370   0x08005370   0x0000006c   Code   RO         2169    i.HAL_RTC_GetTime   stm32l0xx_hal_rtc.o
    0x080053dc   0x080053dc   0x000000c8   Code   RO         2170    i.HAL_RTC_Init      stm32l0xx_hal_rtc.o
    0x080054a4   0x080054a4   0x00000020   Code   RO         4386    i.HAL_RTC_MspInit   rtc-board.o
    0x080054c4   0x080054c4   0x0000025c   Code   RO         2175    i.HAL_RTC_SetAlarm_IT  stm32l0xx_hal_rtc.o
    0x08005720   0x08005720   0x00000130   Code   RO         2176    i.HAL_RTC_SetDate   stm32l0xx_hal_rtc.o
    0x08005850   0x08005850   0x00000154   Code   RO         2177    i.HAL_RTC_SetTime   stm32l0xx_hal_rtc.o
    0x080059a4   0x080059a4   0x0000003c   Code   RO         2178    i.HAL_RTC_WaitForSynchro  stm32l0xx_hal_rtc.o
    0x080059e0   0x080059e0   0x0000008e   Code   RO         2528    i.HAL_SPI_Init      stm32l0xx_hal_spi.o
    0x08005a6e   0x08005a6e   0x00000002   PAD
    0x08005a70   0x08005a70   0x00000060   Code   RO         4325    i.HAL_SPI_MspInit   spi.o
    0x08005ad0   0x08005ad0   0x00000260   Code   RO         2531    i.HAL_SPI_Receive   stm32l0xx_hal_spi.o
    0x08005d30   0x08005d30   0x000001da   Code   RO         2536    i.HAL_SPI_Transmit  stm32l0xx_hal_spi.o
    0x08005f0a   0x08005f0a   0x0000037e   Code   RO         2537    i.HAL_SPI_TransmitReceive  stm32l0xx_hal_spi.o
    0x08006288   0x08006288   0x00000024   Code   RO          641    i.HAL_SYSTICK_CLKSourceConfig  stm32l0xx_hal_cortex.o
    0x080062ac   0x080062ac   0x00000002   Code   RO          642    i.HAL_SYSTICK_Callback  stm32l0xx_hal_cortex.o
    0x080062ae   0x080062ae   0x00000002   PAD
    0x080062b0   0x080062b0   0x00000038   Code   RO          643    i.HAL_SYSTICK_Config  stm32l0xx_hal_cortex.o
    0x080062e8   0x080062e8   0x00000008   Code   RO          644    i.HAL_SYSTICK_IRQHandler  stm32l0xx_hal_cortex.o
    0x080062f0   0x080062f0   0x00000002   Code   RO         3772    i.HAL_UARTEx_WakeupCallback  stm32l0xx_hal_uart_ex.o
    0x080062f2   0x080062f2   0x00000002   Code   RO         3438    i.HAL_UART_ErrorCallback  stm32l0xx_hal_uart.o
    0x080062f4   0x080062f4   0x00000014   Code   RO         3440    i.HAL_UART_GetState  stm32l0xx_hal_uart.o
    0x08006308   0x08006308   0x000001c0   Code   RO         3441    i.HAL_UART_IRQHandler  stm32l0xx_hal_uart.o
    0x080064c8   0x080064c8   0x00000082   Code   RO         3442    i.HAL_UART_Init     stm32l0xx_hal_uart.o
    0x0800654a   0x0800654a   0x00000002   PAD
    0x0800654c   0x0800654c   0x000000c0   Code   RO         4139    i.HAL_UART_MspInit  usart.o
    0x0800660c   0x0800660c   0x000000ec   Code   RO         3447    i.HAL_UART_Receive_IT  stm32l0xx_hal_uart.o
    0x080066f8   0x080066f8   0x00000248   Code   RO         4140    i.HAL_UART_RxCpltCallback  usart.o
    0x08006940   0x08006940   0x000000f0   Code   RO         3450    i.HAL_UART_Transmit  stm32l0xx_hal_uart.o
    0x08006a30   0x08006a30   0x00000002   Code   RO         3453    i.HAL_UART_TxCpltCallback  stm32l0xx_hal_uart.o
    0x08006a32   0x08006a32   0x00000002   PAD
    0x08006a34   0x08006a34   0x00000018   Code   RO         6850    i.HardFault_Handler  stm32l0xx_it.o
    0x08006a4c   0x08006a4c   0x0000018c   Code   RO         5498    i.Hdc1080ReadTH     hdc1080.o
    0x08006bd8   0x08006bd8   0x0000005c   Code   RO         5499    i.Hdc1080_ReadOneByte  hdc1080.o
    0x08006c34   0x08006c34   0x0000003c   Code   RO         5500    i.Hdc1080_WriteOneByte  hdc1080.o
    0x08006c70   0x08006c70   0x00000032   Code   RO         1344    i.I2C_Flush_TXDR    stm32l0xx_hal_i2c.o
    0x08006ca2   0x08006ca2   0x00000002   PAD
    0x08006ca4   0x08006ca4   0x00000014   Code   RO         5501    i.I2C_Hdc1080_Error  hdc1080.o
    0x08006cb8   0x08006cb8   0x00000094   Code   RO         1352    i.I2C_IsAcknowledgeFailed  stm32l0xx_hal_i2c.o
    0x08006d4c   0x08006d4c   0x00000014   Code   RO         5544    i.I2C_Max44009_Error  max44009.o
    0x08006d60   0x08006d60   0x00000092   Code   RO         1355    i.I2C_RequestMemoryRead  stm32l0xx_hal_i2c.o
    0x08006df2   0x08006df2   0x00000092   Code   RO         1356    i.I2C_RequestMemoryWrite  stm32l0xx_hal_i2c.o
    0x08006e84   0x08006e84   0x00000030   Code   RO         1359    i.I2C_TransferConfig  stm32l0xx_hal_i2c.o
    0x08006eb4   0x08006eb4   0x00000052   Code   RO         1360    i.I2C_WaitOnFlagUntilTimeout  stm32l0xx_hal_i2c.o
    0x08006f06   0x08006f06   0x00000002   PAD
    0x08006f08   0x08006f08   0x00000098   Code   RO         1361    i.I2C_WaitOnRXNEFlagUntilTimeout  stm32l0xx_hal_i2c.o
    0x08006fa0   0x08006fa0   0x0000005a   Code   RO         1362    i.I2C_WaitOnSTOPFlagUntilTimeout  stm32l0xx_hal_i2c.o
    0x08006ffa   0x08006ffa   0x00000060   Code   RO         1363    i.I2C_WaitOnTXISFlagUntilTimeout  stm32l0xx_hal_i2c.o
    0x0800705a   0x0800705a   0x00000002   PAD
    0x0800705c   0x0800705c   0x00000078   Code   RO         4950    i.InitBq24195       bq24195.o
    0x080070d4   0x080070d4   0x00000008   Code   RO         5502    i.InitHdc1080       hdc1080.o
    0x080070dc   0x080070dc   0x00000008   Code   RO         5545    i.InitMax44009      max44009.o
    0x080070e4   0x080070e4   0x000000a0   Code   RO         4951    i.InitPower         bq24195.o
    0x08007184   0x08007184   0x00000050   Code   RO         5639    i.InitPowerPin      rs485.o
    0x080071d4   0x080071d4   0x0000004c   Code   RO         5640    i.InitRs            rs485.o
    0x08007220   0x08007220   0x00000010   Code   RO         5641    i.InitUsart5        rs485.o
    0x08007230   0x08007230   0x00000038   Code   RO         6937    i.Into_Low_Power    user-app.o
    0x08007268   0x08007268   0x00000006   Code   RO         6145    i.LimitTxPower      loramac.o
    0x0800726e   0x0800726e   0x00000002   PAD
    0x08007270   0x08007270   0x00000120   Code   RO         6146    i.LoRaMacChannelAdd  loramac.o
    0x08007390   0x08007390   0x00000060   Code   RO         6147    i.LoRaMacChannelRemove  loramac.o
    0x080073f0   0x080073f0   0x00000094   Code   RO         6596    i.LoRaMacComputeMic  loramaccrypto.o
    0x08007484   0x08007484   0x00000018   Code   RO         6386    i.LoRaMacGetUpLinkCounter  loramac-api-v3.o
    0x0800749c   0x0800749c   0x00000070   Code   RO         6387    i.LoRaMacInit       loramac-api-v3.o
    0x0800750c   0x0800750c   0x00000068   Code   RO         6388    i.LoRaMacInitNwkIds  loramac-api-v3.o
    0x08007574   0x08007574   0x0000022c   Code   RO         6148    i.LoRaMacInitialization  loramac.o
    0x080077a0   0x080077a0   0x00000054   Code   RO         6597    i.LoRaMacJoinComputeMic  loramaccrypto.o
    0x080077f4   0x080077f4   0x0000008c   Code   RO         6598    i.LoRaMacJoinComputeSKeys  loramaccrypto.o
    0x08007880   0x08007880   0x00000040   Code   RO         6599    i.LoRaMacJoinDecrypt  loramaccrypto.o
    0x080078c0   0x080078c0   0x00000150   Code   RO         6149    i.LoRaMacMcpsRequest  loramac.o
    0x08007a10   0x08007a10   0x00000188   Code   RO         6150    i.LoRaMacMibGetRequestConfirm  loramac.o
    0x08007b98   0x08007b98   0x00000204   Code   RO         6151    i.LoRaMacMibSetRequestConfirm  loramac.o
    0x08007d9c   0x08007d9c   0x00000024   Code   RO         6600    i.LoRaMacPayloadDecrypt  loramaccrypto.o
    0x08007dc0   0x08007dc0   0x000000e0   Code   RO         6601    i.LoRaMacPayloadEncrypt  loramaccrypto.o
    0x08007ea0   0x08007ea0   0x000000ac   Code   RO         6395    i.LoRaMacSendConfirmedFrame  loramac-api-v3.o
    0x08007f4c   0x08007f4c   0x0000007c   Code   RO         6396    i.LoRaMacSendFrame  loramac-api-v3.o
    0x08007fc8   0x08007fc8   0x00000012   Code   RO         6399    i.LoRaMacSetAdrOn   loramac-api-v3.o
    0x08007fda   0x08007fda   0x00000002   PAD
    0x08007fdc   0x08007fdc   0x0000000c   Code   RO         6157    i.LoRaMacTestSetDutyCycleOn  loramac.o
    0x08007fe8   0x08007fe8   0x00000090   Code   RO         5419    i.LoRaPower_Init    gpio.o
    0x08008078   0x08008078   0x00000014   Code   RO         7098    i.LoRa_Cad_Init     lora-cad.o
    0x0800808c   0x0800808c   0x000002e8   Code   RO         7099    i.LoRa_Cad_Mode     lora-cad.o
    0x08008374   0x08008374   0x00000010   Code   RO         5778    i.Location_Led      gps.o
    0x08008384   0x08008384   0x00000060   Code   RO         4888    i.MX_ADC_Init       adc.o
    0x080083e4   0x080083e4   0x0000005c   Code   RO         4986    i.MX_I2C2_Init      i2c.o
    0x08008440   0x08008440   0x00000044   Code   RO         4141    i.MX_USART1_UART_Init  usart.o
    0x08008484   0x08008484   0x00000060   Code   RO         4142    i.MX_USART2_UART_Init  usart.o
    0x080084e4   0x080084e4   0x00000060   Code   RO         4143    i.MX_USART5_UART_Init  usart.o
    0x08008544   0x08008544   0x00000114   Code   RO         5546    i.Max44009ReadLux   max44009.o
    0x08008658   0x08008658   0x00000064   Code   RO         6415    i.McpsConfirm       loramac-api-v3.o
    0x080086bc   0x080086bc   0x000000a0   Code   RO         6416    i.McpsIndication    loramac-api-v3.o
    0x0800875c   0x0800875c   0x000000b4   Code   RO         6417    i.MlmeConfirm       loramac-api-v3.o
    0x08008810   0x08008810   0x00000032   Code   RO         5780    i.NMEA_Comma_Pos    gps.o
    0x08008842   0x08008842   0x00000002   PAD
    0x08008844   0x08008844   0x00000218   Code   RO         5785    i.NMEA_GPGLL_Analysis  gps.o
    0x08008a5c   0x08008a5c   0x0000001a   Code   RO         5787    i.NMEA_Pow          gps.o
    0x08008a76   0x08008a76   0x00000100   Code   RO         5788    i.NMEA_Str2num      gps.o
    0x08008b76   0x08008b76   0x00000002   Code   RO         6851    i.NMI_Handler       stm32l0xx_it.o
    0x08008b78   0x08008b78   0x00000078   Code   RO          645    i.NVIC_SetPriority  stm32l0xx_hal_cortex.o
    0x08008bf0   0x08008bf0   0x00000050   Code   RO         6159    i.OnAckTimeoutTimerEvent  loramac.o
    0x08008c40   0x08008c40   0x00000018   Code   RO         7101    i.OnCsmaTimerEvent  lora-cad.o
    0x08008c58   0x08008c58   0x00000048   Code   RO         5789    i.OnGpsTimerEvent   gps.o
    0x08008ca0   0x08008ca0   0x00000290   Code   RO         6939    i.OnMacEvent        user-app.o
    0x08008f30   0x08008f30   0x00000320   Code   RO         6160    i.OnMacStateCheckTimerEvent  loramac.o
    0x08009250   0x08009250   0x00000040   Code   RO         6161    i.OnRadioCadDone    loramac.o
    0x08009290   0x08009290   0x00000774   Code   RO         6162    i.OnRadioRxDone     loramac.o
    0x08009a04   0x08009a04   0x00000060   Code   RO         6163    i.OnRadioRxError    loramac.o
    0x08009a64   0x08009a64   0x00000060   Code   RO         6164    i.OnRadioRxTimeout  loramac.o
    0x08009ac4   0x08009ac4   0x00000200   Code   RO         6165    i.OnRadioTxDone     loramac.o
    0x08009cc4   0x08009cc4   0x00000044   Code   RO         6166    i.OnRadioTxTimeout  loramac.o
    0x08009d08   0x08009d08   0x00000038   Code   RO         6940    i.OnReportTimerEvent  user-app.o
    0x08009d40   0x08009d40   0x00000084   Code   RO         6167    i.OnRxWindow1TimerEvent  loramac.o
    0x08009dc4   0x08009dc4   0x0000007c   Code   RO         6168    i.OnRxWindow2TimerEvent  loramac.o
    0x08009e40   0x08009e40   0x0000007c   Code   RO         6169    i.OnTxDelayedTimerEvent  loramac.o
    0x08009ebc   0x08009ebc   0x00000054   Code   RO         6799    i.OncadTimerEvent   main.o
    0x08009f10   0x08009f10   0x00000040   Code   RO         6800    i.OnsleepTimerEvent  main.o
    0x08009f50   0x08009f50   0x00000002   Code   RO         6852    i.PendSV_Handler    stm32l0xx_it.o
    0x08009f52   0x08009f52   0x00000002   PAD
    0x08009f54   0x08009f54   0x0000009c   Code   RO         5694    i.PollingRs485      sensor.o
    0x08009ff0   0x08009ff0   0x00000012   Code   RO         6941    i.PowerDisble_Led   user-app.o
    0x0800a002   0x0800a002   0x00000010   Code   RO         6942    i.PowerEnable_Led   user-app.o
    0x0800a012   0x0800a012   0x0000001a   Code   RO         6943    i.PowerXY           user-app.o
    0x0800a02c   0x0800a02c   0x0000040c   Code   RO         6170    i.PrepareFrame      loramac.o
    0x0800a438   0x0800a438   0x00000074   Code   RO         6171    i.PrepareRxDoneAbort  loramac.o
    0x0800a4ac   0x0800a4ac   0x0000048e   Code   RO         6172    i.ProcessMacCommands  loramac.o
    0x0800a93a   0x0800a93a   0x00000002   PAD
    0x0800a93c   0x0800a93c   0x00000090   Code   RO         5695    i.QueryRs485Addr    sensor.o
    0x0800a9cc   0x0800a9cc   0x000000cc   Code   RO         5696    i.QueryRs485Data    sensor.o
    0x0800aa98   0x0800aa98   0x00000050   Code   RO         5697    i.QueryRs485DataByAddr  sensor.o
    0x0800aae8   0x0800aae8   0x00000098   Code   RO         1950    i.RCC_SetFlashLatencyFromMSIRange  stm32l0xx_hal_rcc.o
    0x0800ab80   0x0800ab80   0x0000001a   Code   RO         2179    i.RTC_Bcd2ToByte    stm32l0xx_hal_rtc.o
    0x0800ab9a   0x0800ab9a   0x0000001a   Code   RO         2180    i.RTC_ByteToBcd2    stm32l0xx_hal_rtc.o
    0x0800abb4   0x0800abb4   0x00000042   Code   RO         2181    i.RTC_EnterInitMode  stm32l0xx_hal_rtc.o
    0x0800abf6   0x0800abf6   0x00000002   PAD
    0x0800abf8   0x0800abf8   0x00000018   Code   RO         6853    i.RTC_IRQHandler    stm32l0xx_it.o
    0x0800ac10   0x0800ac10   0x000000c8   Code   RO         4387    i.RTC_Init          rtc-board.o
    0x0800acd8   0x0800acd8   0x00000218   Code   RO         6945    i.Read_Flash_Data   user-app.o
    0x0800aef0   0x0800aef0   0x00000040   Code   RO         4388    i.RtcClearStatus    rtc-board.o
    0x0800af30   0x0800af30   0x00000034   Code   RO         4389    i.RtcDelayMs        rtc-board.o
    0x0800af64   0x0800af64   0x0000014c   Code   RO         4391    i.RtcGetCalendarValue  rtc-board.o
    0x0800b0b0   0x0800b0b0   0x0000001c   Code   RO         4392    i.RtcGetMinimumTimeout  rtc-board.o
    0x0800b0cc   0x0800b0cc   0x00000050   Code   RO         4393    i.RtcGetTimerElapsedTime  rtc-board.o
    0x0800b11c   0x0800b11c   0x0000003c   Code   RO         4394    i.RtcGetTimerValue  rtc-board.o
    0x0800b158   0x0800b158   0x00000068   Code   RO         4396    i.RtcSetTimeout     rtc-board.o
    0x0800b1c0   0x0800b1c0   0x000002d0   Code   RO         4397    i.RtcStartWakeUpAlarm  rtc-board.o
    0x0800b490   0x0800b490   0x000000b8   Code   RO         5909    i.RxChainCalibration  sx1276.o
    0x0800b548   0x0800b548   0x00000140   Code   RO         6173    i.RxWindowSetup     loramac.o
    0x0800b688   0x0800b688   0x00000036   Code   RO         6946    i.Rx_Led            user-app.o
    0x0800b6be   0x0800b6be   0x00000002   PAD
    0x0800b6c0   0x0800b6c0   0x00000064   Code   RO         4326    i.SPI1_Init         spi.o
    0x0800b724   0x0800b724   0x00000068   Code   RO         4327    i.SPI1_NSS          spi.o
    0x0800b78c   0x0800b78c   0x00000048   Code   RO         4328    i.SPI1_Read         spi.o
    0x0800b7d4   0x0800b7d4   0x0000003c   Code   RO         4329    i.SPI1_Write        spi.o
    0x0800b810   0x0800b810   0x00000118   Code   RO         2558    i.SPI_WaitOnFlagUntilTimeout  stm32l0xx_hal_spi.o
    0x0800b928   0x0800b928   0x0000001a   Code   RO         5472    i.STMFLASH_Read     stmflash.o
    0x0800b942   0x0800b942   0x00000002   Code   RO         6854    i.SVC_Handler       stm32l0xx_it.o
    0x0800b944   0x0800b944   0x0000000c   Code   RO         4771    i.SX1276AntSwDeInit  sx1276-board.o
    0x0800b950   0x0800b950   0x0000000c   Code   RO         4772    i.SX1276AntSwInit   sx1276-board.o
    0x0800b95c   0x0800b95c   0x00000006   Code   RO         4773    i.SX1276CheckRfFrequency  sx1276-board.o
    0x0800b962   0x0800b962   0x00000002   PAD
    0x0800b964   0x0800b964   0x00000078   Code   RO         5420    i.SX1276EXTI_Init   gpio.o
    0x0800b9dc   0x0800b9dc   0x0000004c   Code   RO         5421    i.SX1276GPIO_Init   gpio.o
    0x0800ba28   0x0800ba28   0x00000014   Code   RO         4774    i.SX1276GetPaSelect  sx1276-board.o
    0x0800ba3c   0x0800ba3c   0x0000000c   Code   RO         5910    i.SX1276GetStatus   sx1276.o
    0x0800ba48   0x0800ba48   0x00000360   Code   RO         5911    i.SX1276GetTimeOnAir  sx1276.o
    0x0800bda8   0x0800bda8   0x00000088   Code   RO         5912    i.SX1276Init        sx1276.o
    0x0800be30   0x0800be30   0x0000000c   Code   RO         4776    i.SX1276IoInit      sx1276-board.o
    0x0800be3c   0x0800be3c   0x0000003a   Code   RO         5913    i.SX1276IsChannelFree  sx1276.o
    0x0800be76   0x0800be76   0x00000002   PAD
    0x0800be78   0x0800be78   0x000003d0   Code   RO         5914    i.SX1276OnDio0Irq   sx1276.o
    0x0800c248   0x0800c248   0x00000174   Code   RO         5915    i.SX1276OnDio1Irq   sx1276.o
    0x0800c3bc   0x0800c3bc   0x00000150   Code   RO         5916    i.SX1276OnDio2Irq   sx1276.o
    0x0800c50c   0x0800c50c   0x000000e4   Code   RO         5920    i.SX1276OnTimeoutIrq  sx1276.o
    0x0800c5f0   0x0800c5f0   0x00000040   Code   RO         5921    i.SX1276Random      sx1276.o
    0x0800c630   0x0800c630   0x00000014   Code   RO         5922    i.SX1276Read        sx1276.o
    0x0800c644   0x0800c644   0x0000003c   Code   RO         5923    i.SX1276ReadBuffer  sx1276.o
    0x0800c680   0x0800c680   0x00000012   Code   RO         5924    i.SX1276ReadFifo    sx1276.o
    0x0800c692   0x0800c692   0x00000002   PAD
    0x0800c694   0x0800c694   0x00000054   Code   RO         5925    i.SX1276ReadRssi    sx1276.o
    0x0800c6e8   0x0800c6e8   0x0000002c   Code   RO         5926    i.SX1276Reset       sx1276.o
    0x0800c714   0x0800c714   0x0000012c   Code   RO         5927    i.SX1276Send        sx1276.o
    0x0800c840   0x0800c840   0x00000018   Code   RO         4777    i.SX1276SetAntSw    sx1276-board.o
    0x0800c858   0x0800c858   0x00000024   Code   RO         4778    i.SX1276SetAntSwLowPower  sx1276-board.o
    0x0800c87c   0x0800c87c   0x0000004c   Code   RO         5928    i.SX1276SetChannel  sx1276.o
    0x0800c8c8   0x0800c8c8   0x0000003c   Code   RO         5929    i.SX1276SetMaxPayloadLength  sx1276.o
    0x0800c904   0x0800c904   0x00000080   Code   RO         5930    i.SX1276SetModem    sx1276.o
    0x0800c984   0x0800c984   0x00000050   Code   RO         5931    i.SX1276SetOpMode   sx1276.o
    0x0800c9d4   0x0800c9d4   0x000003c0   Code   RO         5932    i.SX1276SetRx       sx1276.o
    0x0800cd94   0x0800cd94   0x000002c0   Code   RO         5933    i.SX1276SetRxConfig  sx1276.o
    0x0800d054   0x0800d054   0x00000028   Code   RO         5934    i.SX1276SetSleep    sx1276.o
    0x0800d07c   0x0800d07c   0x00000028   Code   RO         5935    i.SX1276SetStby     sx1276.o
    0x0800d0a4   0x0800d0a4   0x000000cc   Code   RO         5936    i.SX1276SetTx       sx1276.o
    0x0800d170   0x0800d170   0x00000358   Code   RO         5937    i.SX1276SetTxConfig  sx1276.o
    0x0800d4c8   0x0800d4c8   0x00000048   Code   RO         5938    i.SX1276StartCad    sx1276.o
    0x0800d510   0x0800d510   0x00000010   Code   RO         5939    i.SX1276Write       sx1276.o
    0x0800d520   0x0800d520   0x0000003e   Code   RO         5940    i.SX1276WriteBuffer  sx1276.o
    0x0800d55e   0x0800d55e   0x00000012   Code   RO         5941    i.SX1276WriteFifo   sx1276.o
    0x0800d570   0x0800d570   0x00000330   Code   RO         6947    i.SX1278_Send       user-app.o
    0x0800d8a0   0x0800d8a0   0x00000614   Code   RO         5698    i.SamplingData      sensor.o
    0x0800deb4   0x0800deb4   0x000000b8   Code   RO         6174    i.ScheduleTx        loramac.o
    0x0800df6c   0x0800df6c   0x00000090   Code   RO         6175    i.Send              loramac.o
    0x0800dffc   0x0800dffc   0x00000036   Code   RO         6948    i.SendDone_Led      user-app.o
    0x0800e032   0x0800e032   0x00000002   PAD
    0x0800e034   0x0800e034   0x000001d0   Code   RO         6176    i.SendFrameOnChannel  loramac.o
    0x0800e204   0x0800e204   0x0000002e   Code   RO         5038    i.SetBatteryRechargeThreshold  user_bq24195.o
    0x0800e232   0x0800e232   0x0000002e   Code   RO         5041    i.SetChargeType     user_bq24195.o
    0x0800e260   0x0800e260   0x00000040   Code   RO         5045    i.SetEnableChargeTimer  user_bq24195.o
    0x0800e2a0   0x0800e2a0   0x00000040   Code   RO         5051    i.SetHighImpedanceMode  user_bq24195.o
    0x0800e2e0   0x0800e2e0   0x0000002e   Code   RO         5052    i.SetInputCurrentLimit  user_bq24195.o
    0x0800e30e   0x0800e30e   0x0000002e   Code   RO         5053    i.SetInputVoltageLimit  user_bq24195.o
    0x0800e33c   0x0800e33c   0x0000002e   Code   RO         5054    i.SetMiniSysVoltage  user_bq24195.o
    0x0800e36a   0x0800e36a   0x00000002   PAD
    0x0800e36c   0x0800e36c   0x000002c4   Code   RO         6177    i.SetNextChannel    loramac.o
    0x0800e630   0x0800e630   0x00000038   Code   RO         6178    i.SetPublicNetwork  loramac.o
    0x0800e668   0x0800e668   0x000000e8   Code   RO         4399    i.SetRtcAlarm       rtc-board.o
    0x0800e750   0x0800e750   0x0000002e   Code   RO         5059    i.SetWdgTimer       user_bq24195.o
    0x0800e77e   0x0800e77e   0x00000002   PAD
    0x0800e780   0x0800e780   0x0000003c   Code   RO         6949    i.String_Conversion  user-app.o
    0x0800e7bc   0x0800e7bc   0x000000c0   Code   RO         7102    i.SymbolTime        lora-cad.o
    0x0800e87c   0x0800e87c   0x00000028   Code   RO         6855    i.SysTick_Handler   stm32l0xx_it.o
    0x0800e8a4   0x0800e8a4   0x000000b4   Code   RO         5351    i.SystemClockConfig  board.o
    0x0800e958   0x0800e958   0x00000068   Code   RO           13    i.SystemInit        system_stm32l0xx.o
    0x0800e9c0   0x0800e9c0   0x00000020   Code   RO         4568    i.TimerExists       timer.o
    0x0800e9e0   0x0800e9e0   0x00000008   Code   RO         4569    i.TimerGetCurrentTime  timer.o
    0x0800e9e8   0x0800e9e8   0x00000008   Code   RO         4571    i.TimerGetValue     timer.o
    0x0800e9f0   0x0800e9f0   0x0000000e   Code   RO         4572    i.TimerInit         timer.o
    0x0800e9fe   0x0800e9fe   0x00000002   PAD
    0x0800ea00   0x0800ea00   0x00000030   Code   RO         4573    i.TimerInsertNewHeadTimer  timer.o
    0x0800ea30   0x0800ea30   0x00000074   Code   RO         4574    i.TimerInsertTimer  timer.o
    0x0800eaa4   0x0800eaa4   0x000000a4   Code   RO         4575    i.TimerIrqHandler   timer.o
    0x0800eb48   0x0800eb48   0x00000018   Code   RO         4579    i.TimerSetTimeout   timer.o
    0x0800eb60   0x0800eb60   0x00000020   Code   RO         4580    i.TimerSetValue     timer.o
    0x0800eb80   0x0800eb80   0x00000088   Code   RO         4581    i.TimerStart        timer.o
    0x0800ec08   0x0800ec08   0x000000ec   Code   RO         4582    i.TimerStop         timer.o
    0x0800ecf4   0x0800ecf4   0x000000f0   Code   RO         3455    i.UART_AdvFeatureConfig  stm32l0xx_hal_uart.o
    0x0800ede4   0x0800ede4   0x00000074   Code   RO         3456    i.UART_CheckIdleState  stm32l0xx_hal_uart.o
    0x0800ee58   0x0800ee58   0x00000018   Code   RO         3457    i.UART_DMAAbortOnError  stm32l0xx_hal_uart.o
    0x0800ee70   0x0800ee70   0x00000022   Code   RO         3467    i.UART_EndRxTransfer  stm32l0xx_hal_uart.o
    0x0800ee92   0x0800ee92   0x00000020   Code   RO         3468    i.UART_EndTransmit_IT  stm32l0xx_hal_uart.o
    0x0800eeb2   0x0800eeb2   0x00000090   Code   RO         3470    i.UART_Receive_IT   stm32l0xx_hal_uart.o
    0x0800ef42   0x0800ef42   0x00000002   PAD
    0x0800ef44   0x0800ef44   0x000003f0   Code   RO         3471    i.UART_SetConfig    stm32l0xx_hal_uart.o
    0x0800f334   0x0800f334   0x00000072   Code   RO         3472    i.UART_Transmit_IT  stm32l0xx_hal_uart.o
    0x0800f3a6   0x0800f3a6   0x00000070   Code   RO         3473    i.UART_WaitOnFlagUntilTimeout  stm32l0xx_hal_uart.o
    0x0800f416   0x0800f416   0x00000002   PAD
    0x0800f418   0x0800f418   0x00000058   Code   RO         6856    i.USART2_IRQHandler  stm32l0xx_it.o
    0x0800f470   0x0800f470   0x00000080   Code   RO         6857    i.USART4_5_IRQHandler  stm32l0xx_it.o
    0x0800f4f0   0x0800f4f0   0x00000130   Code   RO         6951    i.User_Send_Api     user-app.o
    0x0800f620   0x0800f620   0x00000060   Code   RO         6952    i.User_send         user-app.o
    0x0800f680   0x0800f680   0x00000044   Code   RO         6179    i.ValidatePayloadLength  loramac.o
    0x0800f6c4   0x0800f6c4   0x00000012   Code   RO         6180    i.ValueInRange      loramac.o
    0x0800f6d6   0x0800f6d6   0x00000002   PAD
    0x0800f6d8   0x0800f6d8   0x00000020   Code   RO         7439    i.__0printf         mc_p.l(printfa.o)
    0x0800f6f8   0x0800f6f8   0x0000002e   Code   RO         7639    i.__ARM_clz         mf_p.l(depilogue.o)
    0x0800f726   0x0800f726   0x00000030   Code   RO         3758    i.__ARM_common_ll_muluu  stm32l0xx_hal_uart.o
    0x0800f756   0x0800f756   0x0000001c   Code   RO         3383    i.__ARM_common_switch8  stm32l0xx_hal_tim.o
    0x0800f772   0x0800f772   0x00000002   PAD
    0x0800f774   0x0800f774   0x0000002c   Code   RO         7569    i.__ARM_fpclassify  m_ps.l(fpclassify.o)
    0x0800f7a0   0x0800f7a0   0x000000ac   Code   RO         7587    i.__kernel_poly     m_ps.l(poly.o)
    0x0800f84c   0x0800f84c   0x00000014   Code   RO         7545    i.__mathlib_dbl_divzero  m_ps.l(dunder.o)
    0x0800f860   0x0800f860   0x0000000a   Code   RO         7546    i.__mathlib_dbl_infnan  m_ps.l(dunder.o)
    0x0800f86a   0x0800f86a   0x00000008   Code   RO         7547    i.__mathlib_dbl_infnan2  m_ps.l(dunder.o)
    0x0800f872   0x0800f872   0x00000010   Code   RO         7548    i.__mathlib_dbl_invalid  m_ps.l(dunder.o)
    0x0800f882   0x0800f882   0x00000002   PAD
    0x0800f884   0x0800f884   0x00000014   Code   RO         7549    i.__mathlib_dbl_overflow  m_ps.l(dunder.o)
    0x0800f898   0x0800f898   0x00000014   Code   RO         7551    i.__mathlib_dbl_underflow  m_ps.l(dunder.o)
    0x0800f8ac   0x0800f8ac   0x0000000e   Code   RO         7660    i.__scatterload_copy  mc_p.l(handlers.o)
    0x0800f8ba   0x0800f8ba   0x00000002   Code   RO         7661    i.__scatterload_null  mc_p.l(handlers.o)
    0x0800f8bc   0x0800f8bc   0x0000000e   Code   RO         7662    i.__scatterload_zeroinit  mc_p.l(handlers.o)
    0x0800f8ca   0x0800f8ca   0x00000002   PAD
    0x0800f8cc   0x0800f8cc   0x0000000c   Code   RO         7623    i.__set_errno       mc_p.l(errno.o)
    0x0800f8d8   0x0800f8d8   0x00000174   Code   RO         7446    i._fp_digits        mc_p.l(printfa.o)
    0x0800fa4c   0x0800fa4c   0x000006ec   Code   RO         7447    i._printf_core      mc_p.l(printfa.o)
    0x08010138   0x08010138   0x00000020   Code   RO         7448    i._printf_post_padding  mc_p.l(printfa.o)
    0x08010158   0x08010158   0x0000002c   Code   RO         7449    i._printf_pre_padding  mc_p.l(printfa.o)
    0x08010184   0x08010184   0x00000010   Code   RO         6705    i.add_round_key     aes.o
    0x08010194   0x08010194   0x0000005a   Code   RO         6707    i.aes_encrypt       aes.o
    0x080101ee   0x080101ee   0x00000002   PAD
    0x080101f0   0x080101f0   0x0000011c   Code   RO         6708    i.aes_set_key       aes.o
    0x0801030c   0x0801030c   0x00000034   Code   RO         6801    i.app_mac_cb        main.o
    0x08010340   0x08010340   0x000000c8   Code   RO         7160    i.ceil              m_ps.l(ceil.o)
    0x08010408   0x08010408   0x00000024   Code   RO         6709    i.copy_and_key      aes.o
    0x0801042c   0x0801042c   0x00000012   Code   RO         6710    i.copy_block        aes.o
    0x0801043e   0x0801043e   0x00000018   Code   RO         6711    i.copy_block_nn     aes.o
    0x08010456   0x08010456   0x00000002   PAD
    0x08010458   0x08010458   0x00000014   Code   RO         4523    i.delay_init        delay.o
    0x0801046c   0x0801046c   0x00000018   Code   RO         4524    i.delay_ms          delay.o
    0x08010484   0x08010484   0x00000048   Code   RO         4525    i.delay_us          delay.o
    0x080104cc   0x080104cc   0x0000027c   Code   RO         7560    i.exp               m_ps.l(exp.o)
    0x08010748   0x08010748   0x00000120   Code   RO         7163    i.exp2              m_ps.l(exp2.o)
    0x08010868   0x08010868   0x000000c8   Code   RO         7168    i.floor             m_ps.l(floor.o)
    0x08010930   0x08010930   0x0000001c   Code   RO         4144    i.fputc             usart.o
    0x0801094c   0x0801094c   0x00000070   Code   RO         7573    i.ldexp             m_ps.l(ldexp.o)
    0x080109bc   0x080109bc   0x000001a0   Code   RO         6802    i.main              main.o
    0x08010b5c   0x08010b5c   0x0000006c   Code   RO         7468    i.malloc            mc_p.l(malloc.o)
    0x08010bc8   0x08010bc8   0x00000018   Code   RO         6650    i.memcpy1           utilities.o
    0x08010be0   0x08010be0   0x0000001c   Code   RO         6651    i.memcpyr           utilities.o
    0x08010bfc   0x08010bfc   0x00000010   Code   RO         6652    i.memset1           utilities.o
    0x08010c0c   0x08010c0c   0x00000284   Code   RO         6712    i.mix_sub_columns   aes.o
    0x08010e90   0x08010e90   0x00000090   Code   RO         7584    i.modf              m_ps.l(modf.o)
    0x08010f20   0x08010f20   0x000009fc   Code   RO         7172    i.pow               m_ps.l(pow.o)
    0x0801191c   0x0801191c   0x00000030   Code   RO         6653    i.rand1             utilities.o
    0x0801194c   0x0801194c   0x0000001a   Code   RO         6654    i.randr             utilities.o
    0x08011966   0x08011966   0x00000002   PAD
    0x08011968   0x08011968   0x0000009c   Code   RO         7181    i.round             m_ps.l(round.o)
    0x08011a04   0x08011a04   0x00000070   Code   RO         6713    i.shift_sub_rows    aes.o
    0x08011a74   0x08011a74   0x00000048   Code   RO         7591    i.sqrt              m_ps.l(sqrt.o)
    0x08011abc   0x08011abc   0x0000000c   Code   RO         6655    i.srand1            utilities.o
    0x08011ac8   0x08011ac8   0x000000e4   Code   RO         6955    i.user_app_init     user-app.o
    0x08011bac   0x08011bac   0x00000080   Code   RO         6956    i.user_app_send     user-app.o
    0x08011c2c   0x08011c2c   0x00000022   Code   RO         6714    i.xor_block         aes.o
    0x08011c4e   0x08011c4e   0x00000021   Data   RO           14    .constdata          system_stm32l0xx.o
    0x08011c6f   0x08011c6f   0x00000018   Data   RO         4401    .constdata          rtc-board.o
    0x08011c87   0x08011c87   0x00000001   PAD
    0x08011c88   0x08011c88   0x00000054   Data   RO         4779    .constdata          sx1276-board.o
    0x08011cdc   0x08011cdc   0x00000112   Data   RO         5943    .constdata          sx1276.o
    0x08011dee   0x08011dee   0x00000073   Data   RO         6182    .constdata          loramac.o
    0x08011e61   0x08011e61   0x00000300   Data   RO         6715    .constdata          aes.o
    0x08012161   0x08012161   0x00000003   PAD
    0x08012164   0x08012164   0x00000032   Data   RO         6804    .constdata          main.o
    0x08012196   0x08012196   0x00000051   Data   RO         6858    .constdata          stm32l0xx_it.o
    0x080121e7   0x080121e7   0x00000013   Data   RO         6958    .constdata          user-app.o
    0x080121fa   0x080121fa   0x00000006   PAD
    0x08012200   0x08012200   0x00000088   Data   RO         7173    .constdata          m_ps.l(pow.o)
    0x08012288   0x08012288   0x00000058   Data   RO         7561    .constdata          m_ps.l(exp.o)
    0x080122e0   0x080122e0   0x00000008   Data   RO         7589    .constdata          m_ps.l(qnan.o)
    0x080122e8   0x080122e8   0x00000040   Data   RO         7656    .constdata          mc_p.l(ctype_c.o)
    0x08012328   0x08012328   0x0000004f   Data   RO         5265    .conststring        power.o
    0x08012377   0x08012377   0x00000001   PAD
    0x08012378   0x08012378   0x000000dd   Data   RO         5700    .conststring        sensor.o
    0x08012455   0x08012455   0x00000003   PAD
    0x08012458   0x08012458   0x00000020   Data   RO         7658    Region$$Table       anon$$obj.o


    Execution Region RW_IRAM1 (Exec base: 0x20000000, Load base: 0x08012478, Size: 0x00001b40, Max: 0x00005000, ABSOLUTE, COMPRESSED[0x000000ec])

    Exec Addr    Load Addr    Size         Type   Attr      Idx    E Section Name        Object

    0x20000000   COMPRESSED   0x00000004   Data   RW           15    .data               system_stm32l0xx.o
    0x20000004   COMPRESSED   0x00000004   Data   RW          249    .data               stm32l0xx_hal.o
    0x20000008   COMPRESSED   0x00000012   Data   RW         4402    .data               rtc-board.o
    0x2000001a   COMPRESSED   0x00000002   PAD
    0x2000001c   COMPRESSED   0x00000004   Data   RW         4526    .data               delay.o
    0x20000020   COMPRESSED   0x00000008   Data   RW         4583    .data               timer.o
    0x20000028   COMPRESSED   0x00000001   Data   RW         4780    .data               sx1276-board.o
    0x20000029   COMPRESSED   0x00000001   Data   RW         4952    .data               bq24195.o
    0x2000002a   COMPRESSED   0x00000002   PAD
    0x2000002c   COMPRESSED   0x00000006   Data   RW         5352    .data               board.o
    0x20000032   COMPRESSED   0x00000002   Data   RW         5503    .data               hdc1080.o
    0x20000034   COMPRESSED   0x00000001   Data   RW         5547    .data               max44009.o
    0x20000035   COMPRESSED   0x00000003   PAD
    0x20000038   COMPRESSED   0x000000fd   Data   RW         5701    .data               sensor.o
    0x20000135   COMPRESSED   0x00000003   PAD
    0x20000138   COMPRESSED   0x00000007   Data   RW         5944    .data               sx1276.o
    0x2000013f   COMPRESSED   0x00000001   PAD
    0x20000140   COMPRESSED   0x000000ca   Data   RW         6183    .data               loramac.o
    0x2000020a   COMPRESSED   0x0000000e   Data   RW         6419    .data               loramac-api-v3.o
    0x20000218   COMPRESSED   0x00000020   Data   RW         6603    .data               loramaccrypto.o
    0x20000238   COMPRESSED   0x00000004   Data   RW         6656    .data               utilities.o
    0x2000023c   COMPRESSED   0x00000008   Data   RW         6805    .data               main.o
    0x20000244   COMPRESSED   0x00000008   Data   RW         6859    .data               stm32l0xx_it.o
    0x2000024c   COMPRESSED   0x000000a8   Data   RW         6959    .data               user-app.o
    0x200002f4   COMPRESSED   0x0000003f   Data   RW         7104    .data               lora-cad.o
    0x20000333   COMPRESSED   0x00000001   PAD
    0x20000334   COMPRESSED   0x00000004   Data   RW         7612    .data               mc_p.l(stdout.o)
    0x20000338   COMPRESSED   0x00000004   Data   RW         7619    .data               mc_p.l(mvars.o)
    0x2000033c   COMPRESSED   0x00000004   Data   RW         7620    .data               mc_p.l(mvars.o)
    0x20000340   COMPRESSED   0x00000004   Data   RW         7624    .data               mc_p.l(errno.o)
    0x20000344        -       0x000005b2   Zero   RW         4145    .bss                usart.o
    0x200008f6   COMPRESSED   0x00000002   PAD
    0x200008f8        -       0x000000d8   Zero   RW         4330    .bss                spi.o
    0x200009d0        -       0x00000024   Zero   RW         4400    .bss                rtc-board.o
    0x200009f4        -       0x00000060   Zero   RW         4889    .bss                adc.o
    0x20000a54        -       0x0000004c   Zero   RW         4987    .bss                i2c.o
    0x20000aa0        -       0x00000050   Zero   RW         5699    .bss                sensor.o
    0x20000af0        -       0x000000ba   Zero   RW         5790    .bss                gps.o
    0x20000baa   COMPRESSED   0x00000002   PAD
    0x20000bac        -       0x00000194   Zero   RW         5942    .bss                sx1276.o
    0x20000d40        -       0x000003ec   Zero   RW         6181    .bss                loramac.o
    0x2000112c        -       0x00000020   Zero   RW         6418    .bss                loramac-api-v3.o
    0x2000114c        -       0x0000022c   Zero   RW         6602    .bss                loramaccrypto.o
    0x20001378        -       0x00000014   Zero   RW         6803    .bss                main.o
    0x2000138c        -       0x000001a0   Zero   RW         6957    .bss                user-app.o
    0x2000152c        -       0x00000014   Zero   RW         7103    .bss                lora-cad.o
    0x20001540        -       0x00000200   Zero   RW            2    HEAP                startup_stm32l073xx.o
    0x20001740        -       0x00000400   Zero   RW            1    STACK               startup_stm32l073xx.o


==============================================================================

Image component sizes


      Code (inc. data)   RO Data    RW Data    ZI Data      Debug   Object Name

       296         26          0          0         96       2534   adc.o
      1258         22        768          0          0      14420   aes.o
      1304        172          0          6          0       4339   board.o
       280         66          0          1          0       1900   bq24195.o
       674          0          0          0          0       3997   cmac.o
       128         14          0          4          0       2457   delay.o
       232         40          0          0          0       2145   gpio-board.o
       360         34          0          0          0       2793   gpio.o
      2504        364          0          0        186      10381   gps.o
       576         54          0          2          0       4333   hdc1080.o
       220         40          0          0         76       2277   i2c.o
      1128         98          0         63         20       5113   lora-cad.o
       994        144          0         14         32       7169   loramac-api-v3.o
     10980       1660        115        202       1004      31245   loramac.o
       696         46          0         32        556       7335   loramaccrypto.o
       636        236         50          8         20       4558   main.o
       304         24          0          1          0       2248   max44009.o
       344         42         79          0          0        703   power.o
       672         62          0          0          0       5152   rs485.o
      1904        350         24         18         36       8394   rtc-board.o
      2244        460        221        253         80       8075   sensor.o
       432        100          0          0        216       3524   spi.o
        28          8        192          0       1536        764   startup_stm32l073xx.o
       128         18          0          4          0       4169   stm32l0xx_hal.o
      1810         52          0          0          0       8404   stm32l0xx_hal_adc.o
       216          0          0          0          0       1490   stm32l0xx_hal_adc_ex.o
       288         36          0          0          0      13045   stm32l0xx_hal_cortex.o
       180          6          0          0          0       1135   stm32l0xx_hal_dma.o
       852         68          0          0          0       4290   stm32l0xx_hal_gpio.o
      2904         40          0          0          0      15122   stm32l0xx_hal_i2c.o
       224          0          0          0          0       1907   stm32l0xx_hal_i2c_ex.o
       112         20          0          0          0       1693   stm32l0xx_hal_pwr.o
        40          8          0          0          0       1062   stm32l0xx_hal_pwr_ex.o
      2716        116          0          0          0       6948   stm32l0xx_hal_rcc.o
      1592         54          0          0          0       3009   stm32l0xx_hal_rcc_ex.o
      2236         48          0          0          0       9728   stm32l0xx_hal_rtc.o
         2          0          0          0          0        960   stm32l0xx_hal_rtc_ex.o
      2398          0          0          0          0       5738   stm32l0xx_hal_spi.o
        28          0          0          0          0         76   stm32l0xx_hal_tim.o
      2950         68          0          0          0      12564   stm32l0xx_hal_uart.o
         2          0          0          0          0        944   stm32l0xx_hal_uart_ex.o
       546        132         81          8          0       5787   stm32l0xx_it.o
        26          0          0          0          0       1016   stmflash.o
       122         22         84          1          0       5924   sx1276-board.o
      7144        386        274          7        404      26594   sx1276.o
       104         16         33          4          0     416395   system_stm32l0xx.o
       818         36          0          8          0       7588   timer.o
      1064        196          0          0       1458      20601   usart.o
      3302        742         19        168        416      16021   user-app.o
       604         70          0          0          0       7283   user_bq24195.o
       154         24          0          4          0       4171   utilities.o

    ----------------------------------------------------------------------
     60830       6220       1986        820       6140     739520   Object Totals
         0          0         32          0          0          0   (incl. Generated)
        74          0         14         12          4          0   (incl. Padding)

    ----------------------------------------------------------------------

      Code (inc. data)   RO Data    RW Data    ZI Data      Debug   Library Member Name

       200         20          0          0          0         76   ceil.o
        94         14          0          0          0        408   dunder.o
       636         94         88          0          0        132   exp.o
       288         32          0          0          0        104   exp2.o
       200         20          0          0          0         76   floor.o
        44          4          0          0          0         60   fpclassify.o
       112          0          0          0          0         72   ldexp.o
       144          8          0          0          0         76   modf.o
       172          0          0          0          0         76   poly.o
      2556        196        136          0          0        240   pow.o
         0          0          8          0          0          0   qnan.o
       156         14          0          0          0         84   round.o
        72          6          0          0          0         76   sqrt.o
        60         10          0          0          0         84   __0sscanf.o
        86          0          0          0          0          0   __dczerorl2.o
        30          0          0          0          0         60   _chval.o
       824         12          0          0          0         84   _scanf.o
       330          0          0          0          0         84   _scanf_int.o
        68          0          0          0          0         76   _sgetc.o
        36          4         64          0          0         60   ctype_c.o
         0          0          0          0          0          0   entry.o
         0          0          0          0          0          0   entry10a.o
         0          0          0          0          0          0   entry11a.o
         8          4          0          0          0          0   entry2.o
         4          0          0          0          0          0   entry5.o
         0          0          0          0          0          0   entry7b.o
         0          0          0          0          0          0   entry8b.o
         8          4          0          0          0          0   entry9a.o
        12          6          0          4          0         60   errno.o
        30          0          0          0          0          0   handlers.o
        40          0          0          0          0         72   idiv.o
        36          8          0          0          0         68   init.o
        14          0          0          0          0         68   isspace_c.o
         0          0          0          0          0          0   iusefp.o
       122          0          0          0          0         84   llmul.o
        32          0          0          0          0         68   llshl.o
        38          0          0          0          0         68   llsshr.o
        34          0          0          0          0         68   llushr.o
       108         16          0          0          0         76   malloc.o
        36          0          0          0          0         60   memcpya.o
        36          0          0          0          0        100   memseta.o
         0          0          0          8          0          0   mvars.o
      2252         98          0          0          0        412   printfa.o
        44          8          0          0          0         84   scanf_char.o
         0          0          0          4          0          0   stdout.o
        28          0          0          0          0         68   strcmp.o
        14          0          0          0          0         60   strlen.o
        40          0          0          0          0         72   strstr.o
        44          0          0          0          0         72   uidiv.o
        96          0          0          0          0         84   uldiv.o
        20          0          0          0          0         60   uread4.o
        28          0          0          0          0         68   uread8.o
        18          0          0          0          0         60   uwrite4.o
        30          0          0          0          0         72   uwrite8.o
        40          2          0          0          0         68   cdcmple.o
        40          2          0          0          0         68   cdrcmple.o
        20          0          0          0          0         68   cfrcmple.o
        56          0          0          0          0         68   d2f.o
       356          4          0          0          0        140   dadd.o
       240          6          0          0          0         84   ddiv.o
       236          0          0          0          0        216   depilogue.o
        72         10          0          0          0         72   dfixi.o
        60         10          0          0          0         68   dfixui.o
        64         10          0          0          0         68   dfixul.o
        40          6          0          0          0         68   dflti.o
        28          4          0          0          0         68   dfltui.o
        28          6          0          0          0         68   dfltul.o
       208          6          0          0          0         88   dmul.o
       124         10          0          0          0         76   drnd.o
        44          0          0          0          0         72   dscalb.o
       162          0          0          0          0         80   dsqrt.o
        40          0          0          0          0         60   f2d.o
       178          0          0          0          0        108   fadd.o
       124          0          0          0          0         72   fdiv.o
       130          0          0          0          0        144   fepilogue.o
        40          0          0          0          0         60   ffixui.o
        14          0          0          0          0         68   ffltui.o
       122          0          0          0          0         72   fmul.o

    ----------------------------------------------------------------------
     11760        654        296         16          0       5856   Library Totals
        14          0          0          0          0          0   (incl. Padding)

    ----------------------------------------------------------------------

      Code (inc. data)   RO Data    RW Data    ZI Data      Debug   Library Name

      4674        408        232          0          0       1480   m_ps.l
      4606        170         64         16          0       2352   mc_p.l
      2466         76          0          0          0       2024   mf_p.l

    ----------------------------------------------------------------------
     11760        654        296         16          0       5856   Library Totals

    ----------------------------------------------------------------------

==============================================================================


      Code (inc. data)   RO Data    RW Data    ZI Data      Debug   

     72590       6874       2282        836       6140     727404   Grand Totals
     72590       6874       2282        236       6140     727404   ELF Image Totals (compressed)
     72590       6874       2282        236          0          0   ROM Totals

==============================================================================

    Total RO  Size (Code + RO Data)                74872 (  73.12kB)
    Total RW  Size (RW Data + ZI Data)              6976 (   6.81kB)
    Total ROM Size (Code + RO Data + RW Data)      75108 (  73.35kB)

==============================================================================

